
  ___  ____  ____  ____  ____ (R)
 /__    /   ____/   /   ____/
___/   /   /___/   /   /___/   16.1   Copyright 1985-2019 StataCorp LLC
  Statistics/Data analysis            StataCorp
                                      4905 Lakeway Drive
                                      College Station, Texas 77845 USA
                                      800-STATA-PC        https://www.stata.com
                                      979-696-4600        stata@stata.com
                                      979-696-4601 (fax)

Stata license: 5-user network perpetual
Serial number: 501606316764
  Licensed to: LDI Econ Cornell University
               Ithaca, NY

Notes:
      1. Stata is running in batch mode.
      2. Unicode is supported; see help unicode_advice.

. do 00_07_cz_merge.do 

. /****merge together all the data at 1990 cz level****/
. 
. include "../config.do"

. /*  config.do */
. 
. 
. 
. if ( "`c(hostname)'" == "ecco.vrdc.cornell.edu" ) {
. global root "/ssgprojects/project0002/MobZ.new"
. }

. 
. if ( "`c(username)'" == "vilhuber" ) {
. global root "/home/vilhuber/Workspace/git/larsvilhuber/MobZ"
. }

. 
. if ( "`c(hostname)'" == "some.server.at.census" ) {
. global root "/made/up/path/Mobz"
. }

. 
. /* check if the author creates a log file. If not, adjust the following code 
> fragment */
. 
. local c_date = c(current_date)

. local cdate = subinstr("`c_date'", " ", "_", .)

. local c_time = c(current_time)

. local ctime = subinstr("`c_time'", ":", "_", .)

. 
. // log using "${root}/logfile_`cdate'-`ctime'.log", replace text
. 
. /* It will provide some info about how and when the program was run */
. /* See https://www.stata.com/manuals13/pcreturn.pdf#pcreturn */
. local variant = cond(c(MP),"MP",cond(c(SE),"SE",c(flavor)) )  

. // alternatively, you could use 
. // local variant = cond(c(stata_version)>13,c(real_flavor),"NA")  
. 
. di "=== SYSTEM DIAGNOSTICS ==="
=== SYSTEM DIAGNOSTICS ===

. di "Stata version: `c(stata_version)'"
Stata version: 16.1

. di "Updated as of: `c(born_date)'"
Updated as of: 30 Jun 2020

. di "Variant:       `variant'"
Variant:       IC

. di "Processors:    `c(processors)'"
Processors:    1

. di "OS:            `c(os)' `c(osdtl)'"
OS:            Unix 

. di "Machine type:  `c(machine_type)'"
Machine type:  PC (64-bit x86-64)

. di "=========================="
==========================

. 
. 
. 
. 
. /* define relative libraries */
. 
. global paperdir "${root}/paper"

. global interwrk "${root}/data/interwrk"

. global raw "${root}/raw"

. global temp "${root}/temp"

. global outputs "${root}/data"

. global programs "${root}/programs"

. global outgraphs "${root}/figures"

. global logdir "${programs}/logs"

. 
. cap mkdir "$logdir"

. log using "${logdir}/logfile_`cdate'-`ctime'.log", replace text
(note: file /ssgprojects/project0002/MobZ.new/programs/logs/logfile_18_Aug_2020
> -10_26_49.log not found)
-------------------------------------------------------------------------------
      name:  <unnamed>
       log:  /ssgprojects/project0002/MobZ.new/programs/logs/logfile_18_Aug_202
> 0-10_26_49.log
  log type:  text
 opened on:  18 Aug 2020, 10:26:49

. cap mkdir "$temp"

. cap mkdir "${root}/data"

. cap mkdir "$interwrk"

. cap mkdir "$raw"

. cap mkdir "$outputs"

. 
. /* install any packages locally */
. capture mkdir "${programs}/ado"

. sysdir set PERSONAL "${programs}/ado/personal"

. sysdir set PLUS     "${programs}/ado/plus"

. sysdir set SITE     "${programs}/ado/site"

. sysdir
   STATA:  /usr/local/stata16/
    BASE:  /usr/local/stata16/ado/base/
    SITE:  /ssgprojects/project0002/MobZ.new/programs/ado/site/
    PLUS:  /ssgprojects/project0002/MobZ.new/programs/ado/plus/
PERSONAL:  /ssgprojects/project0002/MobZ.new/programs/ado/personal/
OLDPLACE:  ~/ado/

. 
. /* define data sources */
. 
. /* QCEW */
. /* data/working/mobz/qcew */
.     global qcewdata "${raw}/qcew"  

. /* /data/working/mobz/outputs */
.     global czonedata "$outputs"  

. 
. /* ADH */
.     global adhdata "${raw}/adh_data/Public Release Data/dta"

. /* CZONE */
.     global czonedata "${raw}/adh_data/"

. /* files provided separately by David Dorn */
.     global dorndata "${raw}/ddorn/"

. 
. /* CBP */
.     /* this is where the raw Stata versions of CBP data reside */
.    global cbpdata "/data/clean/cbp"

. 
. 
. 
. /************* READ IN COMMUTING ZONE XWALK *******************/
. //import delimited "$datadir/czones.csv", clear 
. 
. //tostring fips, replace force
. //replace fips = "0" + fips if length(fips) == 4
. *replace fips = "12086" if fips == "12025"
.     use "${interwrk}/czlma903", clear

.     rename countyfipscode fips

.     rename cz90 czone 

.     keep fips czone 

. 
. sort fips 

. //rename czone1990 czone
. tempfile czone 

. save `czone', replace
(note: file /tmp/St26846.000001 not found)
file /tmp/St26846.000001 saved

. 
. 
. /* from 00_05_mergecounty.do */
. 
. use  "$interwrk/cty_censusdata.dta", clear

. 
. 
. sort fips 

. merge m:1 fips using `czone'

    Result                           # of obs.
    -----------------------------------------
    not matched                            34
        from master                         3  (_merge==1)
        from using                         31  (_merge==2)

    matched                            15,540  (_merge==3)
    -----------------------------------------

. tab _merge 

                 _merge |      Freq.     Percent        Cum.
------------------------+-----------------------------------
        master only (1) |          3        0.02        0.02
         using only (2) |         31        0.20        0.22
            matched (3) |     15,540       99.78      100.00
------------------------+-----------------------------------
                  Total |     15,574      100.00

. tab fips if _merge == 1

                                   fips |      Freq.     Percent        Cum.
----------------------------------------+-----------------------------------
                                  08014 |          1       33.33       33.33
                                  46131 |          1       33.33       66.67
                                  51123 |          1       33.33      100.00
----------------------------------------+-----------------------------------
                                  Total |          3      100.00

. drop if _merge != 3 
(34 observations deleted)

. drop _merge

. 
. drop if substr(fips,1,2) == "02" | substr(fips,1,2) == "15" 
(0 observations deleted)

. 
. #delimit ;
delimiter now ;
. collapse (sum) manuemp_adh manufacturing_emp totalpop total_employment pop_16
> _65 population_census_1665 female_emp manu_emp 
>                                 bachelors total_emp female_pop_16_65 foreign 
> manu_emp_cbp , by(czone year);

. #delimit cr
delimiter now cr
. 
. label variable manufacturing_emp "Manufacturing Employment, QCEW"

. label variable manu_emp "Manufacturing Employment, Census"

. 
. label variable total_employment "Total Employment, QCEW"

. label variable total_emp "Total Employment, Census"

. tab year

       year |      Freq.     Percent        Cum.
------------+-----------------------------------
       1970 |        722       20.00       20.00
       1980 |        722       20.00       40.00
       1990 |        722       20.00       60.00
       2000 |        722       20.00       80.00
       2007 |        722       20.00      100.00
------------+-----------------------------------
      Total |      3,610      100.00

. 
. xtset czone year
string variables not allowed in varlist;
czone is a string variable
r(109);

end of do-file
r(109);
