
  ___  ____  ____  ____  ____ (R)
 /__    /   ____/   /   ____/
___/   /   /___/   /   /___/   14.2   Copyright 1985-2015 StataCorp LLC
  Statistics/Data Analysis            StataCorp
                                      4905 Lakeway Drive
                                      College Station, Texas 77845 USA
                                      800-STATA-PC        http://www.stata.com
                                      979-696-4600        stata@stata.com
                                      979-696-4601 (fax)

8-user Stata network perpetual license:
       Serial number:  501406244326
         Licensed to:  ECCO Cornell University
                       Ithaca, NY

Notes:
      1.  Stata is running in batch mode.
      2.  Unicode is supported; see help unicode_advice.

. do 03_01_cutoff_graphs.do 

. /**********************
> This is the do-file loop
> 
> It has three steps
> 
> 1. Calculate the aggregate data
>         (national level)
> 
> 2. Decide which czone defn to use
> 
> 3. Aggregate cty data to czone
> 
> 4. Run regressions of delM on delIPW, 
>         store regressions.
>         
> ***************************/
. include "../config.do"

. /*  config.do */
. 
. 
. 
. if ( "`c(hostname)'" == "ecco.vrdc.cornell.edu" ) {
. global root "/ssgprojects/project0002/MobZ.new"
. }

. 
. if ( "`c(username)'" == "vilhuber" ) {
. global root "/home/vilhuber/Workspace/git/larsvilhuber/MobZ"
. }

. 
. if ( "`c(hostname)'" == "some.server.at.census" ) {
. global root "/made/up/path/Mobz"
. }

. 
. /* check if the author creates a log file. If not, adjust the following code 
> fragment */
. 
. local c_date = c(current_date)

. local cdate = subinstr("`c_date'", " ", "_", .)

. local c_time = c(current_time)

. local ctime = subinstr("`c_time'", ":", "_", .)

. 
. // log using "${root}/logfile_`cdate'-`ctime'.log", replace text
. 
. /* It will provide some info about how and when the program was run */
. /* See https://www.stata.com/manuals13/pcreturn.pdf#pcreturn */
. local variant = cond(c(MP),"MP",cond(c(SE),"SE",c(flavor)) )  

. // alternatively, you could use 
. // local variant = cond(c(stata_version)>13,c(real_flavor),"NA")  
. 
. di "=== SYSTEM DIAGNOSTICS ==="
=== SYSTEM DIAGNOSTICS ===

. di "Stata version: `c(stata_version)'"
Stata version: 14.2

. di "Updated as of: `c(born_date)'"
Updated as of: 19 Dec 2017

. di "Variant:       `variant'"
Variant:       IC

. di "Processors:    `c(processors)'"
Processors:    1

. di "OS:            `c(os)' `c(osdtl)'"
OS:            Unix 

. di "Machine type:  `c(machine_type)'"
Machine type:  PC (64-bit x86-64)

. di "=========================="
==========================

. 
. 
. 
. 
. /* define relative libraries */
. 
. global paperdir "${root}/paper"

. global interwrk "${root}/data/interwrk"

. global raw "${root}/raw"

. global temp "${root}/temp"

. global outputs "${root}/data"

. global programs "${root}/programs"

. global outgraphs "${root}/figures"

. global logdir "${programs}/logs"

. 
. cap mkdir "$logdir"

. log using "${logdir}/logfile_`cdate'-`ctime'.log", replace text
(note: file /ssgprojects/project0002/MobZ.new/programs/logs/logfile_23_Aug_2020
> -16_00_01.log not found)
-------------------------------------------------------------------------------
      name:  <unnamed>
       log:  /ssgprojects/project0002/MobZ.new/programs/logs/logfile_23_Aug_202
> 0-16_00_01.log
  log type:  text
 opened on:  23 Aug 2020, 16:00:01

. cap mkdir "$temp"

. cap mkdir "${root}/data"

. cap mkdir "$interwrk"

. cap mkdir "$raw"

. cap mkdir "$outputs"

. 
. /* install any packages locally */
. capture mkdir "${programs}/ado"

. sysdir set PERSONAL "${programs}/ado/personal"

. sysdir set PLUS     "${programs}/ado/plus"

. sysdir set SITE     "${programs}/ado/site"

. sysdir
   STATA:  /usr/local/stata14/
    BASE:  /usr/local/stata14/ado/base/
    SITE:  /ssgprojects/project0002/MobZ.new/programs/ado/site/
    PLUS:  /ssgprojects/project0002/MobZ.new/programs/ado/plus/
PERSONAL:  /ssgprojects/project0002/MobZ.new/programs/ado/personal/
OLDPLACE:  ~/ado/

. 
. /* define data sources */
. 
. /* QCEW */
. /* data/working/mobz/qcew */
.     global qcewdata "${raw}/qcew"  

. /* /data/working/mobz/outputs */
.     global czonedata "$outputs"  

. 
. /* ADH */
.     global adhdata "${raw}/adh_data/Public Release Data/dta"

. /* CZONE */
.     global czonedata "${raw}/adh_data/"

. /* files provided separately by David Dorn */
.     global dorndata "${raw}/ddorn/"

. 
. /* CBP */
.     /* this is where the raw Stata versions of CBP data reside */
.    global cbpdata "/data/clean/cbp"

. 
. 
. cap log close

. log using cutoff_graphs.log, replace 
-------------------------------------------------------------------------------
      name:  <unnamed>
       log:  /ssgprojects/project0002/MobZ.new/programs/07_adh/cutoff_graphs.lo
> g
  log type:  text
 opened on:  23 Aug 2020, 16:00:01

. 
. local czonedataset = "${outputs}/clusters_cutoff_jtw1990.dta"

. global czone_iteration = "${interwrk}/czones_cutoff.dta"

. global ipw_regs "${interwrk}/07_adh_cutoff_post.dta"

. 
. #delimit ; 
delimiter now ;
. set more off ;

. use $ipw_regs, clear;

.  list ;

     +-----------------------------------------------------------------+
  1. | cutoff | beta_1990 |  se_1990 |     F_90 | beta_2000 |  se_2000 |
     |     .9 | -.7761289 | .0761549 | 706.6989 | -.9463564 |   .06203 |
     |-----------------------------------------------------------------|
     |   beta_all  |    se_all  |  iqr_1990  |  iqr_2000  |   iqr_all  |
     |  -.9002156  |  .0477843  |   1.06016  |  2.000294  |  1.649357  |
     +-----------------------------------------------------------------+

     +-----------------------------------------------------------------+
  2. | cutoff | beta_1990 |  se_1990 |     F_90 | beta_2000 |  se_2000 |
     |  .9005 | -.7742736 | .0763021 | 703.5056 | -.9462859 | .0618786 |
     |-----------------------------------------------------------------|
     |   beta_all  |    se_all  |  iqr_1990  |  iqr_2000  |   iqr_all  |
     |  -.8996463  |  .0477765  |  1.057518  |  2.009403  |  1.662526  |
     +-----------------------------------------------------------------+

     +-----------------------------------------------------------------+
  3. | cutoff | beta_1990 |  se_1990 |     F_90 | beta_2000 |  se_2000 |
     |   .901 | -.2194538 | .0477743 | 948.1489 | -.3455849 | .0571939 |
     |-----------------------------------------------------------------|
     |   beta_all  |    se_all  |  iqr_1990  |  iqr_2000  |   iqr_all  |
     |  -.2999822  |  .0386654  |  1.056008  |  1.998382  |  1.670947  |
     +-----------------------------------------------------------------+

     +-----------------------------------------------------------------+
  4. | cutoff | beta_1990 |  se_1990 |     F_90 | beta_2000 |  se_2000 |
     |  .9015 | -.1374163 | .0826096 | 432.2023 | -.0993925 | .0533589 |
     |-----------------------------------------------------------------|
     |   beta_all  |    se_all  |  iqr_1990  |  iqr_2000  |   iqr_all  |
     |  -.1089378  |  .0430289  |  1.056008  |  1.998382  |  1.670947  |
     +-----------------------------------------------------------------+

     +-----------------------------------------------------------------+
  5. | cutoff | beta_1990 |  se_1990 |     F_90 | beta_2000 |  se_2000 |
     |   .902 |  .0697497 | .0463813 | 776.4545 |  -.158731 | .0575356 |
     |-----------------------------------------------------------------|
     |   beta_all  |    se_all  |  iqr_1990  |  iqr_2000  |   iqr_all  |
     |  -.0767577  |   .038083  |   1.06223  |  2.008573  |  1.665636  |
     +-----------------------------------------------------------------+

     +-----------------------------------------------------------------+
  6. | cutoff | beta_1990 |  se_1990 |     F_90 | beta_2000 |  se_2000 |
     |  .9025 | -.2396651 | .0758875 | 457.8724 | -.1924509 | .0577323 |
     |-----------------------------------------------------------------|
     |   beta_all  |    se_all  |  iqr_1990  |  iqr_2000  |   iqr_all  |
     |  -.2047247  |  .0444989  |   1.05434  |  1.992409  |  1.659802  |
     +-----------------------------------------------------------------+

     +-----------------------------------------------------------------+
  7. | cutoff | beta_1990 |  se_1990 |     F_90 | beta_2000 |  se_2000 |
     |   .903 |  .0522484 | .0752983 | 380.9304 | -.0712548 | .0520504 |
     |-----------------------------------------------------------------|
     |   beta_all  |    se_all  |  iqr_1990  |  iqr_2000  |   iqr_all  |
     |  -.0412068  |  .0411101  |  1.061445  |  1.996546  |  1.660085  |
     +-----------------------------------------------------------------+

     +-----------------------------------------------------------------+
  8. | cutoff | beta_1990 |  se_1990 |     F_90 | beta_2000 |  se_2000 |
     |  .9035 |  .0166015 | .0560271 | 802.3024 |  .0743595 | .0518699 |
     |-----------------------------------------------------------------|
     |   beta_all  |    se_all  |  iqr_1990  |  iqr_2000  |   iqr_all  |
     |   .0575056  |  .0379006  |  1.051531  |  2.006831  |  1.649905  |
     +-----------------------------------------------------------------+

     +-----------------------------------------------------------------+
  9. | cutoff | beta_1990 |  se_1990 |     F_90 | beta_2000 |  se_2000 |
     |   .904 | -.0392595 | .0816381 | 320.7477 | -.0713405 |  .055304 |
     |-----------------------------------------------------------------|
     |   beta_all  |    se_all  |  iqr_1990  |  iqr_2000  |   iqr_all  |
     |  -.0627907  |  .0441589  |  1.053802  |  1.986415  |  1.658008  |
     +-----------------------------------------------------------------+

     +-----------------------------------------------------------------+
 10. | cutoff | beta_1990 |  se_1990 |     F_90 | beta_2000 |  se_2000 |
     |  .9045 | -.0755808 | .0643996 | 579.6292 | -.1532295 | .0607781 |
     |-----------------------------------------------------------------|
     |   beta_all  |    se_all  |  iqr_1990  |  iqr_2000  |   iqr_all  |
     |  -.1278465  |   .043908  |  1.049037  |   1.97738  |  1.650607  |
     +-----------------------------------------------------------------+

     +-----------------------------------------------------------------+
 11. | cutoff | beta_1990 |  se_1990 |     F_90 | beta_2000 |  se_2000 |
     |   .905 |  .0532695 | .0674828 | 475.9741 | -.0488394 |  .051129 |
     |-----------------------------------------------------------------|
     |   beta_all  |    se_all  |  iqr_1990  |  iqr_2000  |   iqr_all  |
     |   -.022972  |  .0394339  |  1.054885  |  2.002801  |  1.654221  |
     +-----------------------------------------------------------------+

     +-----------------------------------------------------------------+
 12. | cutoff | beta_1990 |  se_1990 |     F_90 | beta_2000 |  se_2000 |
     |  .9055 |  .0120225 | .0665167 | 388.3387 | -.0701742 | .0459658 |
     |-----------------------------------------------------------------|
     |   beta_all  |    se_all  |  iqr_1990  |  iqr_2000  |   iqr_all  |
     |  -.0503946  |  .0362218  |   1.03646  |  1.969542  |  1.644624  |
     +-----------------------------------------------------------------+

     +-----------------------------------------------------------------+
 13. | cutoff | beta_1990 |  se_1990 |     F_90 | beta_2000 |  se_2000 |
     |   .906 |  .0738105 | .0786284 | 353.2395 | -.0886449 | .0560876 |
     |-----------------------------------------------------------------|
     |   beta_all  |    se_all  |  iqr_1990  |  iqr_2000  |   iqr_all  |
     |  -.0509317  |  .0437825  |  1.051531  |  2.006831  |  1.649905  |
     +-----------------------------------------------------------------+

     +-----------------------------------------------------------------+
 14. | cutoff | beta_1990 |  se_1990 |     F_90 | beta_2000 |  se_2000 |
     |  .9065 |  .1135438 | .0416043 | 684.1951 | -.0678522 |  .057325 |
     |-----------------------------------------------------------------|
     |   beta_all  |    se_all  |  iqr_1990  |  iqr_2000  |   iqr_all  |
     |  -.0027752  |  .0371016  |  1.053016  |  1.990272  |   1.65106  |
     +-----------------------------------------------------------------+

     +-----------------------------------------------------------------+
 15. | cutoff | beta_1990 |  se_1990 |     F_90 | beta_2000 |  se_2000 |
     |   .907 |  .0667155 | .0693181 | 468.7999 | -.0382792 | .0498701 |
     |-----------------------------------------------------------------|
     |   beta_all  |    se_all  |  iqr_1990  |  iqr_2000  |   iqr_all  |
     |  -.0140611  |  .0389852  |  1.059421  |  2.008957  |  1.654512  |
     +-----------------------------------------------------------------+

     +-----------------------------------------------------------------+
 16. | cutoff | beta_1990 |  se_1990 |     F_90 | beta_2000 |  se_2000 |
     |  .9075 |  .0531809 | .0511715 | 698.3662 |  .0849351 |  .044786 |
     |-----------------------------------------------------------------|
     |   beta_all  |    se_all  |  iqr_1990  |  iqr_2000  |   iqr_all  |
     |   .0754499  |  .0331279  |  1.059743  |  2.000376  |  1.663515  |
     +-----------------------------------------------------------------+

     +-----------------------------------------------------------------+
 17. | cutoff | beta_1990 |  se_1990 |     F_90 | beta_2000 |  se_2000 |
     |   .908 |  .0977049 | .0468598 | 385.7896 |  .1367343 | .0582588 |
     |-----------------------------------------------------------------|
     |   beta_all  |    se_all  |  iqr_1990  |  iqr_2000  |   iqr_all  |
     |   .1242589  |  .0394803  |  1.054086  |  1.988051  |  1.650752  |
     +-----------------------------------------------------------------+

     +-----------------------------------------------------------------+
 18. | cutoff | beta_1990 |  se_1990 |     F_90 | beta_2000 |  se_2000 |
     |  .9085 |  -.096192 | .0513721 | 627.6918 | -.0254613 | .0409251 |
     |-----------------------------------------------------------------|
     |   beta_all  |    se_all  |  iqr_1990  |  iqr_2000  |   iqr_all  |
     |  -.0435553  |  .0311134  |  1.049037  |   1.97738  |  1.650607  |
     +-----------------------------------------------------------------+

     +-----------------------------------------------------------------+
 19. | cutoff | beta_1990 |  se_1990 |     F_90 | beta_2000 |  se_2000 |
     |   .909 |  .0584631 | .0604484 | 538.1565 |  .0651727 | .0503527 |
     |-----------------------------------------------------------------|
     |   beta_all  |    se_all  |  iqr_1990  |  iqr_2000  |   iqr_all  |
     |   .0634025  |  .0378618  |  1.041937  |  1.975667  |  1.650074  |
     +-----------------------------------------------------------------+

     +-----------------------------------------------------------------+
 20. | cutoff | beta_1990 |  se_1990 |     F_90 | beta_2000 |  se_2000 |
     |  .9095 |  .0891587 | .0446874 | 659.9225 | -.0883215 | .0531746 |
     |-----------------------------------------------------------------|
     |   beta_all  |    se_all  |  iqr_1990  |  iqr_2000  |   iqr_all  |
     |  -.0299839  |   .036041  |  1.041937  |  1.967016  |  1.651874  |
     +-----------------------------------------------------------------+

     +-----------------------------------------------------------------+
 21. | cutoff | beta_1990 |  se_1990 |     F_90 | beta_2000 |  se_2000 |
     |    .91 |  .0399357 | .0584866 | 511.7646 |  .0744901 | .0552927 |
     |-----------------------------------------------------------------|
     |   beta_all  |    se_all  |  iqr_1990  |  iqr_2000  |   iqr_all  |
     |   .0648734  |  .0402268  |  1.040018  |  1.970149  |  1.646834  |
     +-----------------------------------------------------------------+

     +-----------------------------------------------------------------+
 22. | cutoff | beta_1990 |  se_1990 |     F_90 | beta_2000 |  se_2000 |
     |  .9105 |     .0594 | .0470676 | 354.0452 | -.0074332 | .0716505 |
     |-----------------------------------------------------------------|
     |   beta_all  |    se_all  |  iqr_1990  |  iqr_2000  |   iqr_all  |
     |   .0172864  |   .044928  |  1.056931  |  1.921014  |  1.612284  |
     +-----------------------------------------------------------------+

     +-----------------------------------------------------------------+
 23. | cutoff | beta_1990 |  se_1990 |     F_90 | beta_2000 |  se_2000 |
     |   .911 |  .1267406 | .0775278 | 183.5237 |  .0489804 | .0480535 |
     |-----------------------------------------------------------------|
     |   beta_all  |    se_all  |  iqr_1990  |  iqr_2000  |   iqr_all  |
     |   .0680144  |  .0391022  |   1.03646  |  1.969542  |  1.644624  |
     +-----------------------------------------------------------------+

     +-----------------------------------------------------------------+
 24. | cutoff | beta_1990 |  se_1990 |     F_90 | beta_2000 |  se_2000 |
     |  .9115 |   .149122 | .0377363 | 511.1224 |  -.056752 | .0667291 |
     |-----------------------------------------------------------------|
     |   beta_all  |    se_all  |  iqr_1990  |  iqr_2000  |   iqr_all  |
     |   .0164376  |  .0412273  |   1.04079  |  1.968563  |   1.64641  |
     +-----------------------------------------------------------------+

     +-----------------------------------------------------------------+
 25. | cutoff | beta_1990 |  se_1990 |     F_90 | beta_2000 |  se_2000 |
     |   .912 | -.0569407 |  .062467 | 451.2211 |  .0638397 | .0541112 |
     |-----------------------------------------------------------------|
     |   beta_all  |    se_all  |  iqr_1990  |  iqr_2000  |   iqr_all  |
     |   .0328551  |  .0402438  |   1.04079  |  1.968563  |  1.643855  |
     +-----------------------------------------------------------------+

     +-----------------------------------------------------------------+
 26. | cutoff | beta_1990 |  se_1990 |     F_90 | beta_2000 |  se_2000 |
     |  .9125 |  .0276715 | .0408021 | 639.2452 |  .0158749 | .0271595 |
     |-----------------------------------------------------------------|
     |   beta_all  |    se_all  |  iqr_1990  |  iqr_2000  |   iqr_all  |
     |   .0179793  |  .0216224  |  1.027075  |  1.889995  |  1.615229  |
     +-----------------------------------------------------------------+

     +-----------------------------------------------------------------+
 27. | cutoff | beta_1990 |  se_1990 |     F_90 | beta_2000 |  se_2000 |
     |   .913 |  .0762345 | .0470282 | 612.6715 |  .0796525 | .0547719 |
     |-----------------------------------------------------------------|
     |   beta_all  |    se_all  |  iqr_1990  |  iqr_2000  |   iqr_all  |
     |   .0785351  |  .0374233  |  1.021237  |  1.886556  |  1.610553  |
     +-----------------------------------------------------------------+

     +-----------------------------------------------------------------+
 28. | cutoff | beta_1990 |  se_1990 |     F_90 | beta_2000 |  se_2000 |
     |  .9135 |  .1200923 | .0552509 | 500.5804 | -.0701867 |   .05636 |
     |-----------------------------------------------------------------|
     |   beta_all  |    se_all  |  iqr_1990  |  iqr_2000  |   iqr_all  |
     |   -.015589  |  .0402605  |  1.036874  |  1.954363  |  1.637026  |
     +-----------------------------------------------------------------+

     +-----------------------------------------------------------------+
 29. | cutoff | beta_1990 |  se_1990 |     F_90 | beta_2000 |  se_2000 |
     |   .914 |  .0719006 |  .073262 | 349.4548 | -.0957546 | .0590856 |
     |-----------------------------------------------------------------|
     |   beta_all  |    se_all  |  iqr_1990  |  iqr_2000  |   iqr_all  |
     |  -.0490368  |  .0449992  |  1.004219  |  1.922547  |  1.585661  |
     +-----------------------------------------------------------------+

     +-----------------------------------------------------------------+
 30. | cutoff | beta_1990 |  se_1990 |     F_90 | beta_2000 |  se_2000 |
     |  .9145 |  .0817483 | .0539936 | 560.9781 |  .0667913 | .0453363 |
     |-----------------------------------------------------------------|
     |   beta_all  |    se_all  |  iqr_1990  |  iqr_2000  |   iqr_all  |
     |   .0705009  |  .0342739  |  1.037657  |   1.95375  |  1.614173  |
     +-----------------------------------------------------------------+

     +-----------------------------------------------------------------+
 31. | cutoff | beta_1990 |  se_1990 |     F_90 | beta_2000 |  se_2000 |
     |   .915 |  .1607224 |  .085898 | 337.3565 |  .1187216 | .0674779 |
     |-----------------------------------------------------------------|
     |   beta_all  |    se_all  |  iqr_1990  |  iqr_2000  |   iqr_all  |
     |   .1300401  |  .0515931  |    .99727  |  1.913524  |  1.573746  |
     +-----------------------------------------------------------------+

     +-----------------------------------------------------------------+
 32. | cutoff | beta_1990 |  se_1990 |     F_90 | beta_2000 |  se_2000 |
     |  .9155 |  .2113124 | .0933151 | 315.2806 | -.0725827 | .0705399 |
     |-----------------------------------------------------------------|
     |   beta_all  |    se_all  |  iqr_1990  |  iqr_2000  |   iqr_all  |
     |   .0044744  |  .0543907  |  .9877305  |  1.909749  |  1.562534  |
     +-----------------------------------------------------------------+

     +-----------------------------------------------------------------+
 33. | cutoff | beta_1990 |  se_1990 |     F_90 | beta_2000 |  se_2000 |
     |   .916 | -.0979857 |  .065318 | 372.4206 |   .126387 | .0706728 |
     |-----------------------------------------------------------------|
     |   beta_all  |    se_all  |  iqr_1990  |  iqr_2000  |   iqr_all  |
     |   .0485005  |  .0488198  |   .989218  |  1.898549  |   1.55922  |
     +-----------------------------------------------------------------+

     +-----------------------------------------------------------------+
 34. | cutoff | beta_1990 |  se_1990 |     F_90 | beta_2000 |  se_2000 |
     |  .9165 | -.1827421 | .0661584 | 498.0685 | -.1439271 | .0653993 |
     |-----------------------------------------------------------------|
     |   beta_all  |    se_all  |  iqr_1990  |  iqr_2000  |   iqr_all  |
     |  -.1576924  |  .0464886  |  .9821377  |  1.876154  |  1.557477  |
     +-----------------------------------------------------------------+

     +-----------------------------------------------------------------+
 35. | cutoff | beta_1990 |  se_1990 |     F_90 | beta_2000 |  se_2000 |
     |   .917 | -.0742478 | .0611451 | 274.2568 | -.0660928 |   .06163 |
     |-----------------------------------------------------------------|
     |   beta_all  |    se_all  |  iqr_1990  |  iqr_2000  |   iqr_all  |
     |  -.0684784  |  .0439937  |  1.037606  |  1.949159  |  1.634144  |
     +-----------------------------------------------------------------+

     +-----------------------------------------------------------------+
 36. | cutoff | beta_1990 |  se_1990 |     F_90 | beta_2000 |  se_2000 |
     |  .9175 | -.0032596 |  .113283 | 292.0691 | -.0526258 | .0765069 |
     |-----------------------------------------------------------------|
     |   beta_all  |    se_all  |  iqr_1990  |  iqr_2000  |   iqr_all  |
     |  -.0393082  |   .061168  |  1.007372  |  1.896897  |  1.553871  |
     +-----------------------------------------------------------------+

     +-----------------------------------------------------------------+
 37. | cutoff | beta_1990 |  se_1990 |     F_90 | beta_2000 |  se_2000 |
     |   .918 | -.0472281 | .0846527 | 383.1055 | -.3747358 | .0739743 |
     |-----------------------------------------------------------------|
     |   beta_all  |    se_all  |  iqr_1990  |  iqr_2000  |   iqr_all  |
     |  -.2821471  |   .054997  |  1.000888  |  1.884103  |  1.617484  |
     +-----------------------------------------------------------------+

     +-----------------------------------------------------------------+
 38. | cutoff | beta_1990 |  se_1990 |     F_90 | beta_2000 |  se_2000 |
     |  .9185 |  .2275818 |  .126988 | 168.5555 | -.3891778 | .1006568 |
     |-----------------------------------------------------------------|
     |   beta_all  |    se_all  |  iqr_1990  |  iqr_2000  |   iqr_all  |
     |  -.2190285  |  .0742525  |  1.002389  |  1.895158  |   1.62482  |
     +-----------------------------------------------------------------+

     +-----------------------------------------------------------------+
 39. | cutoff | beta_1990 |  se_1990 |     F_90 | beta_2000 |  se_2000 |
     |   .919 |  .2006156 |   .10131 |  106.738 |  .1019432 | .0568007 |
     |-----------------------------------------------------------------|
     |   beta_all  |    se_all  |  iqr_1990  |  iqr_2000  |   iqr_all  |
     |   .1238057  |  .0471582  |  1.050047  |  1.904729  |  1.634908  |
     +-----------------------------------------------------------------+

     +-----------------------------------------------------------------+
 40. | cutoff | beta_1990 |  se_1990 |     F_90 | beta_2000 |  se_2000 |
     |  .9195 | -.3827684 | .1173594 | 227.3735 | -.5574628 | .0986575 |
     |-----------------------------------------------------------------|
     |   beta_all  |    se_all  |  iqr_1990  |  iqr_2000  |   iqr_all  |
     |  -.5055688  |  .0729238  |  1.004076  |  1.873332  |  1.635039  |
     +-----------------------------------------------------------------+

     +-----------------------------------------------------------------+
 41. | cutoff | beta_1990 |  se_1990 |     F_90 | beta_2000 |  se_2000 |
     |    .92 |   .124153 |  .113768 | 236.4461 | -.3080995 | .0794996 |
     |-----------------------------------------------------------------|
     |   beta_all  |    se_all  |  iqr_1990  |  iqr_2000  |   iqr_all  |
     |  -.1930034  |  .0613898  |  1.080421  |  1.863654  |  1.629577  |
     +-----------------------------------------------------------------+

     +-----------------------------------------------------------------+
 42. | cutoff | beta_1990 |  se_1990 |     F_90 | beta_2000 |  se_2000 |
     |  .9205 | -.0151665 | .0914383 | 304.6443 | -.1888921 | .0647588 |
     |-----------------------------------------------------------------|
     |   beta_all  |    se_all  |  iqr_1990  |  iqr_2000  |   iqr_all  |
     |  -.1471557  |  .0506509  |  1.074766  |  1.862349  |  1.636934  |
     +-----------------------------------------------------------------+

     +-----------------------------------------------------------------+
 43. | cutoff | beta_1990 |  se_1990 |     F_90 | beta_2000 |  se_2000 |
     |   .921 |  .0879199 | .1208185 | 216.8877 | -.3919389 | .0726762 |
     |-----------------------------------------------------------------|
     |   beta_all  |    se_all  |  iqr_1990  |  iqr_2000  |   iqr_all  |
     |  -.2739833  |  .0590982  |  1.079799  |  1.823477  |  1.625051  |
     +-----------------------------------------------------------------+

     +-----------------------------------------------------------------+
 44. | cutoff | beta_1990 |  se_1990 |     F_90 | beta_2000 |  se_2000 |
     |  .9215 | -.2723881 | .0828035 | 434.8384 | -.2833952 | .0633222 |
     |-----------------------------------------------------------------|
     |   beta_all  |    se_all  |  iqr_1990  |  iqr_2000  |   iqr_all  |
     |   -.280471  |  .0487958  |  1.090782  |  1.830941  |  1.635019  |
     +-----------------------------------------------------------------+

     +-----------------------------------------------------------------+
 45. | cutoff | beta_1990 |  se_1990 |     F_90 | beta_2000 |  se_2000 |
     |   .922 | -.0256437 | .0943707 | 348.6294 | -.0804593 |  .072294 |
     |-----------------------------------------------------------------|
     |   beta_all  |    se_all  |  iqr_1990  |  iqr_2000  |   iqr_all  |
     |  -.0647857  |  .0557565  |  1.089324  |  1.835152  |  1.625542  |
     +-----------------------------------------------------------------+

     +-----------------------------------------------------------------+
 46. | cutoff | beta_1990 |  se_1990 |     F_90 | beta_2000 |  se_2000 |
     |  .9225 |  .2242336 | .1550065 | 113.7026 | -.3516189 | .0858013 |
     |-----------------------------------------------------------------|
     |   beta_all  |    se_all  |  iqr_1990  |  iqr_2000  |   iqr_all  |
     |    -.21796  |  .0711489  |  1.078938  |   1.82531  |  1.624594  |
     +-----------------------------------------------------------------+

     +-----------------------------------------------------------------+
 47. | cutoff | beta_1990 |  se_1990 |     F_90 | beta_2000 |  se_2000 |
     |   .923 | -.0817954 | .0864432 | 402.1953 | -.2356467 | .0683425 |
     |-----------------------------------------------------------------|
     |   beta_all  |    se_all  |  iqr_1990  |  iqr_2000  |   iqr_all  |
     |  -.1947235  |  .0521772  |  1.067025  |  1.784508  |  1.613854  |
     +-----------------------------------------------------------------+

     +-----------------------------------------------------------------+
 48. | cutoff | beta_1990 |  se_1990 |     F_90 | beta_2000 |  se_2000 |
     |  .9235 |  .2650363 | .1451985 | 92.18976 | -.2884063 |  .084242 |
     |-----------------------------------------------------------------|
     |   beta_all  |    se_all  |  iqr_1990  |  iqr_2000  |   iqr_all  |
     |  -.1520731  |  .0681962  |  1.024208  |  1.760048  |  1.615157  |
     +-----------------------------------------------------------------+

     +-----------------------------------------------------------------+
 49. | cutoff | beta_1990 |  se_1990 |     F_90 | beta_2000 |  se_2000 |
     |   .924 |  .2485074 | .1546682 | 108.5937 |  .5866101 | .4489673 |
     |-----------------------------------------------------------------|
     |   beta_all  |    se_all  |  iqr_1990  |  iqr_2000  |   iqr_all  |
     |   .4191019  |  .2041701  |  1.024208  |   1.76948  |  1.612409  |
     +-----------------------------------------------------------------+

     +-----------------------------------------------------------------+
 50. | cutoff | beta_1990 |  se_1990 |     F_90 | beta_2000 |  se_2000 |
     |  .9245 | -.1505507 | .0929542 | 373.7474 | -.1791442 | .0878124 |
     |-----------------------------------------------------------------|
     |   beta_all  |    se_all  |  iqr_1990  |  iqr_2000  |   iqr_all  |
     |   -.168009  |  .0636682  |  1.060907  |  1.828842  |  1.619105  |
     +-----------------------------------------------------------------+

     +-----------------------------------------------------------------+
 51. | cutoff | beta_1990 |  se_1990 |     F_90 | beta_2000 |  se_2000 |
     |   .925 |  .1297025 | .0601026 | 461.5813 |  .0381581 | .0658331 |
     |-----------------------------------------------------------------|
     |   beta_all  |    se_all  |  iqr_1990  |  iqr_2000  |   iqr_all  |
     |    .069919  |  .0453449  |  1.066277  |  1.812366  |  1.612467  |
     +-----------------------------------------------------------------+

     +-----------------------------------------------------------------+
 52. | cutoff | beta_1990 |  se_1990 |     F_90 | beta_2000 |  se_2000 |
     |  .9255 |   .139349 | .0608264 |  182.324 | -.0866723 |  .049211 |
     |-----------------------------------------------------------------|
     |   beta_all  |    se_all  |  iqr_1990  |  iqr_2000  |   iqr_all  |
     |  -.0370756  |  .0373324  |  1.054301  |  1.912499  |  1.629387  |
     +-----------------------------------------------------------------+

     +-----------------------------------------------------------------+
 53. | cutoff | beta_1990 |  se_1990 |     F_90 | beta_2000 |  se_2000 |
     |   .926 |  .4542987 | .2047416 | 22.42529 | -.0344011 | .0474824 |
     |-----------------------------------------------------------------|
     |   beta_all  |    se_all  |  iqr_1990  |  iqr_2000  |   iqr_all  |
     |    .036243  |   .046842  |  1.046102  |  1.901156  |  1.625544  |
     +-----------------------------------------------------------------+

     +-----------------------------------------------------------------+
 54. | cutoff | beta_1990 |  se_1990 |     F_90 | beta_2000 |  se_2000 |
     |  .9265 |  .2417204 | .0867652 |   182.65 |  -.052163 | .0751547 |
     |-----------------------------------------------------------------|
     |   beta_all  |    se_all  |  iqr_1990  |  iqr_2000  |   iqr_all  |
     |   .0265604  |  .0550811  |  1.043262  |  1.899952  |  1.626056  |
     +-----------------------------------------------------------------+

     +-----------------------------------------------------------------+
 55. | cutoff | beta_1990 |  se_1990 |     F_90 | beta_2000 |  se_2000 |
     |   .927 | -.2310059 |  .102751 | 246.6698 | -.2131709 | .0572155 |
     |-----------------------------------------------------------------|
     |   beta_all  |    se_all  |  iqr_1990  |  iqr_2000  |   iqr_all  |
     |  -.2170807  |  .0475815  |   .981009  |  1.808126  |  1.515771  |
     +-----------------------------------------------------------------+

     +-----------------------------------------------------------------+
 56. | cutoff | beta_1990 |  se_1990 |     F_90 | beta_2000 |  se_2000 |
     |  .9275 | -.2542415 | .1075227 |  261.537 | -.2984591 | .0847579 |
     |-----------------------------------------------------------------|
     |   beta_all  |    se_all  |  iqr_1990  |  iqr_2000  |   iqr_all  |
     |  -.2865131  |  .0645219  |  .9420697  |  1.761445  |  1.501182  |
     +-----------------------------------------------------------------+

     +-----------------------------------------------------------------+
 57. | cutoff | beta_1990 |  se_1990 |     F_90 | beta_2000 |  se_2000 |
     |   .928 | -.1192626 | .1098626 | 200.1746 | -.3061241 | .0721603 |
     |-----------------------------------------------------------------|
     |   beta_all  |    se_all  |  iqr_1990  |  iqr_2000  |   iqr_all  |
     |  -.2617556  |  .0575171  |  .9438763  |  1.803805  |  1.514066  |
     +-----------------------------------------------------------------+

     +-----------------------------------------------------------------+
 58. | cutoff | beta_1990 |  se_1990 |     F_90 | beta_2000 |  se_2000 |
     |  .9285 |  .0363446 | .0627055 | 245.0835 | -.1274887 | .0552196 |
     |-----------------------------------------------------------------|
     |   beta_all  |    se_all  |  iqr_1990  |  iqr_2000  |   iqr_all  |
     |  -.0833426  |   .040867  |  1.027075  |  1.889995  |  1.615229  |
     +-----------------------------------------------------------------+

     +-----------------------------------------------------------------+
 59. | cutoff | beta_1990 |  se_1990 |     F_90 | beta_2000 |  se_2000 |
     |   .929 |  .0230861 |  .058933 | 300.4812 | -.0846846 | .0696882 |
     |-----------------------------------------------------------------|
     |   beta_all  |    se_all  |  iqr_1990  |  iqr_2000  |   iqr_all  |
     |   -.047839  |  .0470333  |  1.024445  |  1.915584  |  1.614898  |
     +-----------------------------------------------------------------+

     +-----------------------------------------------------------------+
 60. | cutoff | beta_1990 |  se_1990 |     F_90 | beta_2000 |  se_2000 |
     |  .9295 | -.0717437 | .0611581 | 316.3517 | -.1538755 | .0585804 |
     |-----------------------------------------------------------------|
     |   beta_all  |    se_all  |  iqr_1990  |  iqr_2000  |   iqr_all  |
     |   -.129147  |  .0424139  |  1.021237  |  1.886556  |  1.610553  |
     +-----------------------------------------------------------------+

     +-----------------------------------------------------------------+
 61. | cutoff | beta_1990 |  se_1990 |     F_90 | beta_2000 |  se_2000 |
     |    .93 |  .0729349 | .1300527 | 195.7096 | -.3162872 | .0939527 |
     |-----------------------------------------------------------------|
     |   beta_all  |    se_all  |  iqr_1990  |  iqr_2000  |   iqr_all  |
     |  -.2117804  |  .0731991  |  .8823687  |  1.846745  |  1.470981  |
     +-----------------------------------------------------------------+

     +-----------------------------------------------------------------+
 62. | cutoff | beta_1990 |  se_1990 |     F_90 | beta_2000 |  se_2000 |
     |  .9305 |  .2401317 | .1195152 | 196.8899 | -.0222089 | .0842155 |
     |-----------------------------------------------------------------|
     |   beta_all  |    se_all  |  iqr_1990  |  iqr_2000  |   iqr_all  |
     |   .0456985  |  .0657943  |  .8879089  |  1.865282  |  1.473777  |
     +-----------------------------------------------------------------+

     +-----------------------------------------------------------------+
 63. | cutoff | beta_1990 |  se_1990 |     F_90 | beta_2000 |  se_2000 |
     |   .931 | -.9058305 | .1633006 |  314.625 | -.9480485 | .1179218 |
     |-----------------------------------------------------------------|
     |   beta_all  |    se_all  |  iqr_1990  |  iqr_2000  |   iqr_all  |
     |  -.9370562  |  .0931518  |  .8896457  |  1.867997  |  1.471866  |
     +-----------------------------------------------------------------+

     +-----------------------------------------------------------------+
 64. | cutoff | beta_1990 |  se_1990 |     F_90 | beta_2000 |  se_2000 |
     |  .9315 | -.8530791 | .0922408 | 553.9257 |  -.986143 | .0718119 |
     |-----------------------------------------------------------------|
     |   beta_all  |    se_all  |  iqr_1990  |  iqr_2000  |   iqr_all  |
     |  -.9513171  |  .0560663  |  1.010018  |  1.913578  |  1.594273  |
     +-----------------------------------------------------------------+

     +-----------------------------------------------------------------+
 65. | cutoff | beta_1990 |  se_1990 |     F_90 | beta_2000 |  se_2000 |
     |   .932 | -.8519668 | .0924004 | 552.6621 | -.9902277 |   .07226 |
     |-----------------------------------------------------------------|
     |   beta_all  |    se_all  |  iqr_1990  |  iqr_2000  |   iqr_all  |
     |  -.9538971  |    .05635  |  1.004219  |  1.922547  |  1.585661  |
     +-----------------------------------------------------------------+

     +-----------------------------------------------------------------+
 66. | cutoff | beta_1990 |  se_1990 |     F_90 | beta_2000 |  se_2000 |
     |  .9325 | -.8516223 | .0930355 | 543.6575 | -.9892907 | .0724718 |
     |-----------------------------------------------------------------|
     |   beta_all  |    se_all  |  iqr_1990  |  iqr_2000  |   iqr_all  |
     |  -.9531049  |  .0566032  |  1.002934  |  1.924823  |   1.58987  |
     +-----------------------------------------------------------------+

     +-----------------------------------------------------------------+
 67. | cutoff | beta_1990 |  se_1990 |     F_90 | beta_2000 |  se_2000 |
     |   .933 | -.8506682 | .0933193 | 539.7925 | -.9889359 | .0726884 |
     |-----------------------------------------------------------------|
     |   beta_all  |    se_all  |  iqr_1990  |  iqr_2000  |   iqr_all  |
     |  -.9525964  |  .0567737  |  1.002799  |  1.919613  |  1.585714  |
     +-----------------------------------------------------------------+

     +-----------------------------------------------------------------+
 68. | cutoff | beta_1990 |  se_1990 |     F_90 | beta_2000 |  se_2000 |
     |  .9335 | -.8560651 | .0940129 | 538.1472 | -.9911109 | .0728072 |
     |-----------------------------------------------------------------|
     |   beta_all  |    se_all  |  iqr_1990  |  iqr_2000  |   iqr_all  |
     |  -.9557106  |  .0569854  |  1.002799  |  1.905557  |  1.587311  |
     +-----------------------------------------------------------------+

     +-----------------------------------------------------------------+
 69. | cutoff | beta_1990 |  se_1990 |     F_90 | beta_2000 |  se_2000 |
     |   .934 | -.8561789 | .0943734 | 533.7482 | -.9935729 |  .073048 |
     |-----------------------------------------------------------------|
     |   beta_all  |    se_all  |  iqr_1990  |  iqr_2000  |   iqr_all  |
     |  -.9575461  |  .0571877  |   1.00123  |  1.919613  |  1.579818  |
     +-----------------------------------------------------------------+

     +-----------------------------------------------------------------+
 70. | cutoff | beta_1990 |  se_1990 |     F_90 | beta_2000 |  se_2000 |
     |  .9345 | -.8760164 | .0955167 | 539.2452 | -1.029427 | .0749317 |
     |-----------------------------------------------------------------|
     |   beta_all  |    se_all  |  iqr_1990  |  iqr_2000  |   iqr_all  |
     |  -.9887075  |  .0584081  |    .99727  |  1.913524  |  1.573746  |
     +-----------------------------------------------------------------+

     +-----------------------------------------------------------------+
 71. | cutoff | beta_1990 |  se_1990 |     F_90 | beta_2000 |  se_2000 |
     |   .935 | -.8781965 | .0960491 | 533.3281 | -1.029256 | .0753025 |
     |-----------------------------------------------------------------|
     |   beta_all  |    se_all  |  iqr_1990  |  iqr_2000  |   iqr_all  |
     |  -.9891627  |  .0587152  |  .9921722  |  1.915248  |  1.572099  |
     +-----------------------------------------------------------------+

     +-----------------------------------------------------------------+
 72. | cutoff | beta_1990 |  se_1990 |     F_90 | beta_2000 |  se_2000 |
     |  .9355 | -.8743029 | .0961971 | 527.8298 | -1.024099 |  .075309 |
     |-----------------------------------------------------------------|
     |   beta_all  |    se_all  |  iqr_1990  |  iqr_2000  |   iqr_all  |
     |  -.9843422  |  .0587507  |  .9862092  |  1.903185  |  1.566337  |
     +-----------------------------------------------------------------+

     +-----------------------------------------------------------------+
 73. | cutoff | beta_1990 |  se_1990 |     F_90 | beta_2000 |  se_2000 |
     |   .936 | -.8638542 | .0963582 | 530.0353 | -1.046469 |  .077002 |
     |-----------------------------------------------------------------|
     |   beta_all  |    se_all  |  iqr_1990  |  iqr_2000  |   iqr_all  |
     |  -.9973556  |  .0597549  |  .9877305  |  1.909749  |  1.562534  |
     +-----------------------------------------------------------------+

     +-----------------------------------------------------------------+
 74. | cutoff | beta_1990 |  se_1990 |     F_90 | beta_2000 |  se_2000 |
     |  .9365 |   -.86498 | .0967879 | 525.6908 | -1.045229 | .0772398 |
     |-----------------------------------------------------------------|
     |   beta_all  |    se_all  |  iqr_1990  |  iqr_2000  |   iqr_all  |
     |  -.9967684  |  .0599714  |  .9875457  |  1.909734  |  1.565341  |
     +-----------------------------------------------------------------+

     +-----------------------------------------------------------------+
 75. | cutoff | beta_1990 |  se_1990 |     F_90 | beta_2000 |  se_2000 |
     |   .937 |  -.865844 | .0974167 | 519.3459 | -1.045673 | .0777126 |
     |-----------------------------------------------------------------|
     |   beta_all  |    se_all  |  iqr_1990  |  iqr_2000  |   iqr_all  |
     |  -.9973311  |  .0603482  |   .989218  |  1.898549  |   1.55922  |
     +-----------------------------------------------------------------+

     +-----------------------------------------------------------------+
 76. | cutoff | beta_1990 |  se_1990 |     F_90 | beta_2000 |  se_2000 |
     |  .9375 | -.8652477 | .0987695 |   515.34 | -1.042333 | .0787647 |
     |-----------------------------------------------------------------|
     |   beta_all  |    se_all  |  iqr_1990  |  iqr_2000  |   iqr_all  |
     |  -.9947395  |  .0611501  |  .9886699  |  1.875542  |  1.558024  |
     +-----------------------------------------------------------------+

     +-----------------------------------------------------------------+
 77. | cutoff | beta_1990 |  se_1990 |     F_90 | beta_2000 |  se_2000 |
     |   .938 | -.8629571 | .0991752 | 509.0484 | -1.042135 |  .079527 |
     |-----------------------------------------------------------------|
     |   beta_all  |    se_all  |  iqr_1990  |  iqr_2000  |   iqr_all  |
     |  -.9939924  |  .0616167  |  .9821377  |  1.876154  |  1.557477  |
     +-----------------------------------------------------------------+

     +-----------------------------------------------------------------+
 78. | cutoff | beta_1990 |  se_1990 |     F_90 | beta_2000 |  se_2000 |
     |  .9385 | -.8770238 | .1014639 | 503.4623 | -1.050352 | .0795033 |
     |-----------------------------------------------------------------|
     |   beta_all  |    se_all  |  iqr_1990  |  iqr_2000  |   iqr_all  |
     |  -1.004355  |  .0619825  |  .9819394  |  1.905706  |  1.551194  |
     +-----------------------------------------------------------------+

     +-----------------------------------------------------------------+
 79. | cutoff | beta_1990 |  se_1990 |     F_90 | beta_2000 |  se_2000 |
     |   .939 | -.8745236 |  .102304 | 495.0256 | -1.057458 | .0795453 |
     |-----------------------------------------------------------------|
     |   beta_all  |    se_all  |  iqr_1990  |  iqr_2000  |   iqr_all  |
     |  -1.008799  |  .0621281  |  1.008622  |  1.911527  |  1.562064  |
     +-----------------------------------------------------------------+

     +-----------------------------------------------------------------+
 80. | cutoff | beta_1990 |  se_1990 |     F_90 | beta_2000 |  se_2000 |
     |  .9395 | -.8713763 | .1026197 | 491.1389 | -1.055896 | .0798493 |
     |-----------------------------------------------------------------|
     |   beta_all  |    se_all  |  iqr_1990  |  iqr_2000  |   iqr_all  |
     |  -1.006814  |  .0623478  |  1.014371  |  1.911032  |  1.560176  |
     +-----------------------------------------------------------------+

     +-----------------------------------------------------------------+
 81. | cutoff | beta_1990 |  se_1990 |     F_90 | beta_2000 |  se_2000 |
     |    .94 | -.8703812 | .1029245 | 486.9321 | -1.054402 | .0800682 |
     |-----------------------------------------------------------------|
     |   beta_all  |    se_all  |  iqr_1990  |  iqr_2000  |   iqr_all  |
     |  -1.005394  |  .0625397  |  1.007372  |  1.911085  |  1.558343  |
     +-----------------------------------------------------------------+

     +-----------------------------------------------------------------+
 82. | cutoff | beta_1990 |  se_1990 |     F_90 | beta_2000 |  se_2000 |
     |  .9405 | -.8672984 | .1034441 | 481.2736 |  -1.05519 | .0803712 |
     |-----------------------------------------------------------------|
     |   beta_all  |    se_all  |  iqr_1990  |  iqr_2000  |   iqr_all  |
     |  -1.005193  |  .0628191  |  1.007372  |  1.896897  |  1.553871  |
     +-----------------------------------------------------------------+

     +-----------------------------------------------------------------+
 83. | cutoff | beta_1990 |  se_1990 |     F_90 | beta_2000 |  se_2000 |
     |   .941 |  -.921535 |  .110061 | 501.4853 | -1.084833 | .0803537 |
     |-----------------------------------------------------------------|
     |   beta_all  |    se_all  |  iqr_1990  |  iqr_2000  |   iqr_all  |
     |  -1.042453  |  .0636279  |  1.007372  |  1.897935  |  1.571621  |
     +-----------------------------------------------------------------+

     +-----------------------------------------------------------------+
 84. | cutoff | beta_1990 |  se_1990 |     F_90 | beta_2000 |  se_2000 |
     |  .9415 | -.9213688 | .1113545 | 491.7759 | -1.087987 | .0816182 |
     |-----------------------------------------------------------------|
     |   beta_all  |    se_all  |  iqr_1990  |  iqr_2000  |   iqr_all  |
     |   -1.04459  |  .0645776  |  1.000888  |  1.884103  |  1.617484  |
     +-----------------------------------------------------------------+

     +-----------------------------------------------------------------+
 85. | cutoff | beta_1990 |  se_1990 |     F_90 | beta_2000 |  se_2000 |
     |   .942 | -.9178469 | .1123542 | 483.8906 | -1.087853 | .0826528 |
     |-----------------------------------------------------------------|
     |   beta_all  |    se_all  |  iqr_1990  |  iqr_2000  |   iqr_all  |
     |  -1.043348  |  .0653659  |  .9987677  |  1.895158  |  1.622429  |
     +-----------------------------------------------------------------+

     +-----------------------------------------------------------------+
 86. | cutoff | beta_1990 |  se_1990 |     F_90 | beta_2000 |  se_2000 |
     |  .9425 |  -.913026 |  .112533 | 477.1641 | -1.086038 | .0831673 |
     |-----------------------------------------------------------------|
     |   beta_all  |    se_all  |  iqr_1990  |  iqr_2000  |   iqr_all  |
     |  -1.040706  |  .0656594  |  1.002389  |  1.895158  |   1.62482  |
     +-----------------------------------------------------------------+

     +-----------------------------------------------------------------+
 87. | cutoff | beta_1990 |  se_1990 |     F_90 | beta_2000 |  se_2000 |
     |   .943 | -.9583954 | .1156345 | 461.9616 | -1.105898 | .0848466 |
     |-----------------------------------------------------------------|
     |   beta_all  |    se_all  |  iqr_1990  |  iqr_2000  |   iqr_all  |
     |  -1.067601  |  .0671094  |  1.004568  |  1.858188  |  1.617822  |
     +-----------------------------------------------------------------+

     +-----------------------------------------------------------------+
 88. | cutoff | beta_1990 |  se_1990 |     F_90 | beta_2000 |  se_2000 |
     |  .9435 | -.9508983 | .1158115 | 456.6928 | -1.105577 | .0853016 |
     |-----------------------------------------------------------------|
     |   beta_all  |    se_all  |  iqr_1990  |  iqr_2000  |   iqr_all  |
     |  -1.065418  |  .0673785  |  1.005959  |  1.872256  |  1.638927  |
     +-----------------------------------------------------------------+

     +-----------------------------------------------------------------+
 89. | cutoff | beta_1990 |  se_1990 |     F_90 | beta_2000 |  se_2000 |
     |   .944 | -.9540012 | .1167667 | 451.8702 | -1.100956 | .0861198 |
     |-----------------------------------------------------------------|
     |   beta_all  |    se_all  |  iqr_1990  |  iqr_2000  |   iqr_all  |
     |  -1.062786  |   .068025  |  1.005599  |   1.89198  |  1.635594  |
     +-----------------------------------------------------------------+

     +-----------------------------------------------------------------+
 90. | cutoff | beta_1990 |  se_1990 |     F_90 | beta_2000 |  se_2000 |
     |  .9445 |  -.952657 | .1165601 | 448.6045 | -1.099779 | .0862739 |
     |-----------------------------------------------------------------|
     |   beta_all  |    se_all  |  iqr_1990  |  iqr_2000  |   iqr_all  |
     |  -1.061512  |  .0680606  |  1.025192  |  1.886064  |  1.637088  |
     +-----------------------------------------------------------------+

     +-----------------------------------------------------------------+
 91. | cutoff | beta_1990 |  se_1990 |     F_90 | beta_2000 |  se_2000 |
     |   .945 | -.9615848 | .1169379 | 443.6314 | -1.100078 | .0869978 |
     |-----------------------------------------------------------------|
     |   beta_all  |    se_all  |  iqr_1990  |  iqr_2000  |   iqr_all  |
     |  -1.063977  |  .0684588  |  1.004076  |  1.873332  |  1.635039  |
     +-----------------------------------------------------------------+

     +-----------------------------------------------------------------+
 92. | cutoff | beta_1990 |  se_1990 |     F_90 | beta_2000 |  se_2000 |
     |  .9455 |   -.95127 | .1170706 | 452.7932 | -1.099858 | .0873141 |
     |-----------------------------------------------------------------|
     |   beta_all  |    se_all  |  iqr_1990  |  iqr_2000  |   iqr_all  |
     |  -1.061021  |  .0686714  |  1.013829  |  1.881993  |  1.629577  |
     +-----------------------------------------------------------------+

     +-----------------------------------------------------------------+
 93. | cutoff | beta_1990 |  se_1990 |     F_90 | beta_2000 |  se_2000 |
     |   .946 | -.9282191 | .1140481 | 483.2578 | -1.099435 |  .087826 |
     |-----------------------------------------------------------------|
     |   beta_all  |    se_all  |  iqr_1990  |  iqr_2000  |   iqr_all  |
     |  -1.054493  |  .0684545  |  1.080421  |  1.863654  |  1.629577  |
     +-----------------------------------------------------------------+

     +-----------------------------------------------------------------+
 94. | cutoff | beta_1990 |  se_1990 |     F_90 | beta_2000 |  se_2000 |
     |  .9465 | -.9299386 | .1153622 | 472.7218 | -1.101211 | .0884787 |
     |-----------------------------------------------------------------|
     |   beta_all  |    se_all  |  iqr_1990  |  iqr_2000  |   iqr_all  |
     |  -1.056376  |  .0690477  |   1.08311  |  1.863509  |  1.631448  |
     +-----------------------------------------------------------------+

     +-----------------------------------------------------------------+
 95. | cutoff | beta_1990 |  se_1990 |     F_90 | beta_2000 |  se_2000 |
     |   .947 |  -.937848 | .1165358 | 473.1147 |  -1.11028 | .0893675 |
     |-----------------------------------------------------------------|
     |   beta_all  |    se_all  |  iqr_1990  |  iqr_2000  |   iqr_all  |
     |  -1.065254  |  .0696782  |  1.074766  |  1.862349  |  1.636934  |
     +-----------------------------------------------------------------+

     +-----------------------------------------------------------------+
 96. | cutoff | beta_1990 |  se_1990 |     F_90 | beta_2000 |  se_2000 |
     |  .9475 | -.9110727 | .1170857 | 461.9904 | -1.082562 | .0895791 |
     |-----------------------------------------------------------------|
     |   beta_all  |    se_all  |  iqr_1990  |  iqr_2000  |   iqr_all  |
     |  -1.037709  |  .0699293  |  1.087779  |  1.851319  |  1.630536  |
     +-----------------------------------------------------------------+

     +-----------------------------------------------------------------+
 97. | cutoff | beta_1990 |  se_1990 |     F_90 | beta_2000 |  se_2000 |
     |   .948 | -.9097196 | .1179501 | 447.8831 | -1.091291 | .0909162 |
     |-----------------------------------------------------------------|
     |   beta_all  |    se_all  |  iqr_1990  |  iqr_2000  |   iqr_all  |
     |  -1.043898  |  .0707247  |  1.079799  |  1.823477  |  1.625051  |
     +-----------------------------------------------------------------+

     +-----------------------------------------------------------------+
 98. | cutoff | beta_1990 |  se_1990 |     F_90 | beta_2000 |  se_2000 |
     |  .9485 | -.9019065 | .1182052 | 446.9827 | -1.091757 | .0916058 |
     |-----------------------------------------------------------------|
     |   beta_all  |    se_all  |  iqr_1990  |  iqr_2000  |   iqr_all  |
     |  -1.042118  |  .0711694  |  1.093784  |  1.821779  |  1.635858  |
     +-----------------------------------------------------------------+

     +-----------------------------------------------------------------+
 99. | cutoff | beta_1990 |  se_1990 |     F_90 | beta_2000 |  se_2000 |
     |   .949 | -.9014598 | .1179213 | 446.0132 | -1.081297 | .0914157 |
     |-----------------------------------------------------------------|
     |   beta_all  |    se_all  |  iqr_1990  |  iqr_2000  |   iqr_all  |
     |  -1.034187  |  .0710129  |  1.090782  |  1.830941  |  1.635019  |
     +-----------------------------------------------------------------+

     +-----------------------------------------------------------------+
100. | cutoff | beta_1990 |  se_1990 |     F_90 | beta_2000 |  se_2000 |
     |  .9495 | -.9247581 | .1221861 | 426.1747 | -1.106103 |  .094663 |
     |-----------------------------------------------------------------|
     |   beta_all  |    se_all  |  iqr_1990  |  iqr_2000  |   iqr_all  |
     |  -1.058532  |  .0735147  |  1.097529  |  1.839871  |  1.627003  |
     +-----------------------------------------------------------------+

     +-----------------------------------------------------------------+
101. | cutoff | beta_1990 |  se_1990 |     F_90 | beta_2000 |  se_2000 |
     |    .95 | -.9034177 | .1222393 | 424.1252 | -1.064104 | .0931414 |
     |-----------------------------------------------------------------|
     |   beta_all  |    se_all  |  iqr_1990  |  iqr_2000  |   iqr_all  |
     |   -1.02202  |  .0728378  |  1.089324  |  1.835152  |  1.625542  |
     +-----------------------------------------------------------------+

     +-----------------------------------------------------------------+
102. | cutoff | beta_1990 |  se_1990 |     F_90 | beta_2000 |  se_2000 |
     |  .9505 | -.8845106 | .1213433 | 423.0128 | -1.055184 | .0932272 |
     |-----------------------------------------------------------------|
     |   beta_all  |    se_all  |  iqr_1990  |  iqr_2000  |   iqr_all  |
     |   -1.01061  |  .0726474  |  1.077046  |  1.829525  |  1.629071  |
     +-----------------------------------------------------------------+

     +-----------------------------------------------------------------+
103. | cutoff | beta_1990 |  se_1990 |     F_90 | beta_2000 |  se_2000 |
     |   .951 | -.8831838 | .1222071 | 429.4045 | -1.053844 | .0937726 |
     |-----------------------------------------------------------------|
     |   beta_all  |    se_all  |  iqr_1990  |  iqr_2000  |   iqr_all  |
     |  -1.009257  |  .0730923  |  1.078938  |   1.82531  |  1.624594  |
     +-----------------------------------------------------------------+

     +-----------------------------------------------------------------+
104. | cutoff | beta_1990 |  se_1990 |     F_90 | beta_2000 |  se_2000 |
     |  .9515 | -.8995538 | .1235804 | 425.3178 | -1.050804 | .0943701 |
     |-----------------------------------------------------------------|
     |   beta_all  |    se_all  |  iqr_1990  |  iqr_2000  |   iqr_all  |
     |   -1.01141  |  .0735782  |  1.074766  |  1.828842  |  1.614911  |
     +-----------------------------------------------------------------+

     +-----------------------------------------------------------------+
105. | cutoff | beta_1990 |  se_1990 |     F_90 | beta_2000 |  se_2000 |
     |   .952 |  -.898403 | .1257669 | 410.9308 | -1.049756 | .0951913 |
     |-----------------------------------------------------------------|
     |   beta_all  |    se_all  |  iqr_1990  |  iqr_2000  |   iqr_all  |
     |    -1.0106  |  .0743616  |  1.067025  |  1.784508  |  1.613854  |
     +-----------------------------------------------------------------+

     +-----------------------------------------------------------------+
106. | cutoff | beta_1990 |  se_1990 |     F_90 | beta_2000 |  se_2000 |
     |  .9525 | -.9021442 | .1264506 | 402.8407 | -1.041667 | .0959891 |
     |-----------------------------------------------------------------|
     |   beta_all  |    se_all  |  iqr_1990  |  iqr_2000  |   iqr_all  |
     |   -1.00544  |  .0748782  |  1.072241  |  1.766497  |  1.622593  |
     +-----------------------------------------------------------------+

     +-----------------------------------------------------------------+
107. | cutoff | beta_1990 |  se_1990 |     F_90 | beta_2000 |  se_2000 |
     |   .953 | -.8906026 | .1264821 | 406.8435 | -1.052313 | .0976308 |
     |-----------------------------------------------------------------|
     |   beta_all  |    se_all  |  iqr_1990  |  iqr_2000  |   iqr_all  |
     |  -1.009646  |  .0757411  |  1.024208  |  1.760048  |  1.615157  |
     +-----------------------------------------------------------------+

     +-----------------------------------------------------------------+
108. | cutoff | beta_1990 |  se_1990 |     F_90 | beta_2000 |  se_2000 |
     |  .9535 | -.8921653 |  .127022 |  402.942 | -1.051511 | .0981638 |
     |-----------------------------------------------------------------|
     |   beta_all  |    se_all  |  iqr_1990  |  iqr_2000  |   iqr_all  |
     |  -1.009448  |  .0761339  |  .9872717  |  1.772815  |   1.61876  |
     +-----------------------------------------------------------------+

     +-----------------------------------------------------------------+
109. | cutoff | beta_1990 |  se_1990 |     F_90 | beta_2000 |  se_2000 |
     |   .954 | -.8972181 | .1268524 | 409.1172 | -1.071163 | .0991615 |
     |-----------------------------------------------------------------|
     |   beta_all  |    se_all  |  iqr_1990  |  iqr_2000  |   iqr_all  |
     |  -1.025155  |  .0764905  |  1.024208  |   1.76948  |  1.612409  |
     +-----------------------------------------------------------------+

     +-----------------------------------------------------------------+
110. | cutoff | beta_1990 |  se_1990 |     F_90 | beta_2000 |  se_2000 |
     |  .9545 |   -.90902 | .1299302 | 401.5461 | -1.070403 | .1000176 |
     |-----------------------------------------------------------------|
     |   beta_all  |    se_all  |  iqr_1990  |  iqr_2000  |   iqr_all  |
     |  -1.028173  |  .0774642  |   .987884  |  1.808881  |  1.623329  |
     +-----------------------------------------------------------------+

     +-----------------------------------------------------------------+
111. | cutoff | beta_1990 |  se_1990 |     F_90 | beta_2000 |  se_2000 |
     |   .955 | -.9043231 |  .130496 | 400.1932 | -1.071266 | .1008884 |
     |-----------------------------------------------------------------|
     |   beta_all  |    se_all  |  iqr_1990  |  iqr_2000  |   iqr_all  |
     |  -1.027546  |   .078037  |  1.060907  |  1.828842  |  1.619105  |
     +-----------------------------------------------------------------+

     +-----------------------------------------------------------------+
112. | cutoff | beta_1990 |  se_1990 |     F_90 | beta_2000 |  se_2000 |
     |  .9555 | -.8885114 | .1305774 | 397.5293 | -1.057488 | .1010386 |
     |-----------------------------------------------------------------|
     |   beta_all  |    se_all  |  iqr_1990  |  iqr_2000  |   iqr_all  |
     |  -1.013112  |  .0781484  |  .9932534  |  1.812366  |  1.601619  |
     +-----------------------------------------------------------------+

     +-----------------------------------------------------------------+
113. | cutoff | beta_1990 |  se_1990 |     F_90 | beta_2000 |  se_2000 |
     |   .956 | -.8777254 | .1308368 | 392.2413 | -1.052327 | .1008986 |
     |-----------------------------------------------------------------|
     |   beta_all  |    se_all  |  iqr_1990  |  iqr_2000  |   iqr_all  |
     |  -1.006426  |  .0781973  |  1.066277  |  1.812366  |  1.612467  |
     +-----------------------------------------------------------------+

     +-----------------------------------------------------------------+
114. | cutoff | beta_1990 |  se_1990 |     F_90 | beta_2000 |  se_2000 |
     |  .9565 | -.8220798 | .1300583 | 392.4915 | -1.061171 | .0978504 |
     |-----------------------------------------------------------------|
     |   beta_all  |    se_all  |  iqr_1990  |  iqr_2000  |   iqr_all  |
     |  -.9984016  |  .0762185  |  1.039665  |  1.829446  |  1.630512  |
     +-----------------------------------------------------------------+

     +-----------------------------------------------------------------+
115. | cutoff | beta_1990 |  se_1990 |     F_90 | beta_2000 |  se_2000 |
     |   .957 | -.8241405 | .1273978 | 391.4397 | -1.060677 | .0986742 |
     |-----------------------------------------------------------------|
     |   beta_all  |    se_all  |  iqr_1990  |  iqr_2000  |   iqr_all  |
     |  -.9984101  |  .0759975  |  1.077099  |  1.837047  |  1.629507  |
     +-----------------------------------------------------------------+

     +-----------------------------------------------------------------+
116. | cutoff | beta_1990 |  se_1990 |     F_90 | beta_2000 |  se_2000 |
     |  .9575 | -.8239181 |   .12782 | 387.4677 | -1.058787 | .0989167 |
     |-----------------------------------------------------------------|
     |   beta_all  |    se_all  |  iqr_1990  |  iqr_2000  |   iqr_all  |
     |  -.9968232  |  .0761905  |  1.078867  |  1.839739  |  1.638613  |
     +-----------------------------------------------------------------+

     +-----------------------------------------------------------------+
117. | cutoff | beta_1990 |  se_1990 |     F_90 | beta_2000 |  se_2000 |
     |   .958 | -.8346997 | .1247413 | 431.6656 | -1.056218 |  .099093 |
     |-----------------------------------------------------------------|
     |   beta_all  |    se_all  |  iqr_1990  |  iqr_2000  |   iqr_all  |
     |  -.9979222  |  .0758861  |  1.031116  |  1.839739  |  1.636531  |
     +-----------------------------------------------------------------+

     +-----------------------------------------------------------------+
118. | cutoff | beta_1990 |  se_1990 |     F_90 | beta_2000 |  se_2000 |
     |  .9585 | -.8195794 | .1251155 | 432.9279 | -1.058908 | .1001433 |
     |-----------------------------------------------------------------|
     |   beta_all  |    se_all  |  iqr_1990  |  iqr_2000  |   iqr_all  |
     |   -.995897  |  .0765192  |  1.001217  |  1.826597  |  1.608343  |
     +-----------------------------------------------------------------+

     +-----------------------------------------------------------------+
119. | cutoff | beta_1990 |  se_1990 |     F_90 | beta_2000 |  se_2000 |
     |   .959 | -.8453382 |  .127979 | 418.1171 | -1.060438 | .1005792 |
     |-----------------------------------------------------------------|
     |   beta_all  |    se_all  |  iqr_1990  |  iqr_2000  |   iqr_all  |
     |  -1.004817  |  .0772151  |  1.000947  |  1.822968  |  1.602695  |
     +-----------------------------------------------------------------+

     +-----------------------------------------------------------------+
120. | cutoff | beta_1990 |  se_1990 |     F_90 | beta_2000 |  se_2000 |
     |  .9595 | -.8390078 | .1309564 | 401.4799 | -1.046224 | .1012389 |
     |-----------------------------------------------------------------|
     |   beta_all  |    se_all  |  iqr_1990  |  iqr_2000  |   iqr_all  |
     |  -.9934826  |  .0780907  |  .9828539  |  1.811719  |  1.577564  |
     +-----------------------------------------------------------------+

     +-----------------------------------------------------------------+
121. | cutoff | beta_1990 |  se_1990 |     F_90 | beta_2000 |  se_2000 |
     |    .96 | -.8519804 | .1346057 | 396.7849 | -1.044457 | .1019483 |
     |-----------------------------------------------------------------|
     |   beta_all  |    se_all  |  iqr_1990  |  iqr_2000  |   iqr_all  |
     |  -.9963778  |  .0790241  |   .981009  |  1.808126  |  1.565407  |
     +-----------------------------------------------------------------+

     +-----------------------------------------------------------------+
122. | cutoff | beta_1990 |  se_1990 |     F_90 | beta_2000 |  se_2000 |
     |  .9605 | -.8480765 | .1358519 | 389.3515 | -1.049248 | .1032123 |
     |-----------------------------------------------------------------|
     |   beta_all  |    se_all  |  iqr_1990  |  iqr_2000  |   iqr_all  |
     |  -.9989439  |  .0799251  |   .981009  |  1.808126  |  1.513821  |
     +-----------------------------------------------------------------+

     +-----------------------------------------------------------------+
123. | cutoff | beta_1990 |  se_1990 |     F_90 | beta_2000 |  se_2000 |
     |   .961 | -.8505158 |  .137655 | 378.3502 | -1.046666 | .1046525 |
     |-----------------------------------------------------------------|
     |   beta_all  |    se_all  |  iqr_1990  |  iqr_2000  |   iqr_all  |
     |  -.9977396  |    .08099  |   .981009  |  1.808126  |  1.515771  |
     +-----------------------------------------------------------------+

     +-----------------------------------------------------------------+
124. | cutoff | beta_1990 |  se_1990 |     F_90 | beta_2000 |  se_2000 |
     |  .9615 | -.8254812 | .1366254 | 397.0092 | -1.075858 | .1051173 |
     |-----------------------------------------------------------------|
     |   beta_all  |    se_all  |  iqr_1990  |  iqr_2000  |   iqr_all  |
     |  -1.011322  |  .0817927  |   .981009  |   1.80209  |  1.512978  |
     +-----------------------------------------------------------------+

     +-----------------------------------------------------------------+
125. | cutoff | beta_1990 |  se_1990 |     F_90 | beta_2000 |  se_2000 |
     |   .962 | -.8325769 | .1374989 |  393.565 | -1.082397 | .1060065 |
     |-----------------------------------------------------------------|
     |   beta_all  |    se_all  |  iqr_1990  |  iqr_2000  |   iqr_all  |
     |   -1.01838  |  .0823209  |  .9420697  |  1.761445  |  1.501182  |
     +-----------------------------------------------------------------+

     +-----------------------------------------------------------------+
126. | cutoff | beta_1990 |  se_1990 |     F_90 | beta_2000 |  se_2000 |
     |  .9625 | -.8341113 | .1381861 | 392.2165 | -1.071687 | .1067992 |
     |-----------------------------------------------------------------|
     |   beta_all  |    se_all  |  iqr_1990  |  iqr_2000  |   iqr_all  |
     |   -1.01057  |  .0828944  |   .981009  |  1.790756  |  1.508235  |
     +-----------------------------------------------------------------+

     +-----------------------------------------------------------------+
127. | cutoff | beta_1990 |  se_1990 |     F_90 | beta_2000 |  se_2000 |
     |   .963 | -.8691884 | .1412001 | 377.3807 | -1.083693 | .1068518 |
     |-----------------------------------------------------------------|
     |   beta_all  |    se_all  |  iqr_1990  |  iqr_2000  |   iqr_all  |
     |  -1.029589  |   .083477  |  .9438763  |  1.803805  |  1.514066  |
     +-----------------------------------------------------------------+

     +-----------------------------------------------------------------+
128. | cutoff | beta_1990 |  se_1990 |     F_90 | beta_2000 |  se_2000 |
     |  .9635 | -.8712655 | .1457993 | 348.2089 | -.9889519 |  .107473 |
     |-----------------------------------------------------------------|
     |   beta_all  |    se_all  |  iqr_1990  |  iqr_2000  |   iqr_all  |
     |  -.9579918  |  .0845019  |  .9347597  |  1.811719  |  1.508876  |
     +-----------------------------------------------------------------+

     +-----------------------------------------------------------------+
129. | cutoff | beta_1990 |  se_1990 |     F_90 | beta_2000 |  se_2000 |
     |   .964 |  -.877402 | .1481452 |  337.581 | -.9700717 | .1082838 |
     |-----------------------------------------------------------------|
     |   beta_all  |    se_all  |  iqr_1990  |  iqr_2000  |   iqr_all  |
     |  -.9457571  |  .0853574  |  .9438763  |  1.822968  |  1.494824  |
     +-----------------------------------------------------------------+

     +-----------------------------------------------------------------+
130. | cutoff | beta_1990 |  se_1990 |     F_90 | beta_2000 |  se_2000 |
     |  .9645 | -.8695145 | .1480173 |  339.505 | -.9795994 | .1091322 |
     |-----------------------------------------------------------------|
     |   beta_all  |    se_all  |  iqr_1990  |  iqr_2000  |   iqr_all  |
     |  -.9505246  |  .0858137  |   .936528  |  1.824324  |  1.489042  |
     +-----------------------------------------------------------------+

     +-----------------------------------------------------------------+
131. | cutoff | beta_1990 |  se_1990 |     F_90 | beta_2000 |  se_2000 |
     |   .965 | -.8723599 | .1485683 |  337.619 |   -.97465 | .1099526 |
     |-----------------------------------------------------------------|
     |   beta_all  |    se_all  |  iqr_1990  |  iqr_2000  |   iqr_all  |
     |  -.9475427  |  .0863422  |  .9347597  |  1.824324  |  1.480587  |
     +-----------------------------------------------------------------+

     +-----------------------------------------------------------------+
132. | cutoff | beta_1990 |  se_1990 |     F_90 | beta_2000 |  se_2000 |
     |  .9655 | -.8592929 | .1488559 |  333.777 | -.9724465 | .1110004 |
     |-----------------------------------------------------------------|
     |   beta_all  |    se_all  |  iqr_1990  |  iqr_2000  |   iqr_all  |
     |  -.9424426  |  .0869216  |  .9529928  |  1.854769  |  1.500435  |
     +-----------------------------------------------------------------+

     +-----------------------------------------------------------------+
133. | cutoff | beta_1990 |  se_1990 |     F_90 | beta_2000 |  se_2000 |
     |   .966 | -.8941047 | .1468467 | 325.1619 | -.9528026 | .1090369 |
     |-----------------------------------------------------------------|
     |   beta_all  |    se_all  |  iqr_1990  |  iqr_2000  |   iqr_all  |
     |  -.9372543  |  .0855093  |  .9547296  |  1.859446  |  1.516612  |
     +-----------------------------------------------------------------+

     +-----------------------------------------------------------------+
134. | cutoff | beta_1990 |  se_1990 |     F_90 | beta_2000 |  se_2000 |
     |  .9665 | -.8926588 | .1469972 | 323.0939 | -.9601001 | .1107244 |
     |-----------------------------------------------------------------|
     |   beta_all  |    se_all  |  iqr_1990  |  iqr_2000  |   iqr_all  |
     |  -.9421625  |  .0864162  |  .9071194  |  1.851766  |  1.479581  |
     +-----------------------------------------------------------------+

     +-----------------------------------------------------------------+
135. | cutoff | beta_1990 |  se_1990 |     F_90 | beta_2000 |  se_2000 |
     |   .967 | -.8823923 | .1469113 | 338.2095 | -.9567196 | .1108983 |
     |-----------------------------------------------------------------|
     |   beta_all  |    se_all  |  iqr_1990  |  iqr_2000  |   iqr_all  |
     |    -.93705  |    .08642  |  .8816531  |  1.858964  |  1.479986  |
     +-----------------------------------------------------------------+

     +-----------------------------------------------------------------+
136. | cutoff | beta_1990 |  se_1990 |     F_90 | beta_2000 |  se_2000 |
     |  .9675 |  -.875676 | .1474473 | 338.0004 |  -.950554 | .1128374 |
     |-----------------------------------------------------------------|
     |   beta_all  |    se_all  |  iqr_1990  |  iqr_2000  |   iqr_all  |
     |  -.9307495  |  .0876239  |  .8784995  |  1.858964  |  1.468954  |
     +-----------------------------------------------------------------+

     +-----------------------------------------------------------------+
137. | cutoff | beta_1990 |  se_1990 |     F_90 | beta_2000 |  se_2000 |
     |   .968 | -.8786271 | .1482128 | 334.5983 | -.9492412 | .1136596 |
     |-----------------------------------------------------------------|
     |   beta_all  |    se_all  |  iqr_1990  |  iqr_2000  |   iqr_all  |
     |  -.9305134  |  .0882082  |  .8823687  |  1.846745  |  1.470981  |
     +-----------------------------------------------------------------+

     +-----------------------------------------------------------------+
138. | cutoff | beta_1990 |  se_1990 |     F_90 | beta_2000 |  se_2000 |
     |  .9685 |  -.870653 | .1489269 | 328.3564 | -.9426314 | .1142146 |
     |-----------------------------------------------------------------|
     |   beta_all  |    se_all  |  iqr_1990  |  iqr_2000  |   iqr_all  |
     |  -.9235686  |  .0886382  |  .8879089  |  1.865282  |  1.474992  |
     +-----------------------------------------------------------------+

     +-----------------------------------------------------------------+
139. | cutoff | beta_1990 |  se_1990 |     F_90 | beta_2000 |  se_2000 |
     |   .969 | -.8592576 | .1481374 | 330.3846 | -.9380826 |  .113827 |
     |-----------------------------------------------------------------|
     |   beta_all  |    se_all  |  iqr_1990  |  iqr_2000  |   iqr_all  |
     |  -.9171873  |  .0883043  |  .8879089  |  1.865282  |  1.473777  |
     +-----------------------------------------------------------------+

     +-----------------------------------------------------------------+
140. | cutoff | beta_1990 |  se_1990 |     F_90 | beta_2000 |  se_2000 |
     |  .9695 | -.8566987 | .1481328 | 329.0903 | -.9403952 | .1132159 |
     |-----------------------------------------------------------------|
     |   beta_all  |    se_all  |  iqr_1990  |  iqr_2000  |   iqr_all  |
     |   -.918204  |  .0880281  |  .9182715  |  1.866247  |  1.476206  |
     +-----------------------------------------------------------------+

     +-----------------------------------------------------------------+
141. | cutoff | beta_1990 |  se_1990 |     F_90 | beta_2000 |  se_2000 |
     |    .97 | -.9058305 | .1633006 |  314.625 | -.9480485 | .1179218 |
     |-----------------------------------------------------------------|
     |   beta_all  |    se_all  |  iqr_1990  |  iqr_2000  |   iqr_all  |
     |  -.9370562  |  .0931518  |  .8896457  |  1.867997  |  1.471866  |
     +-----------------------------------------------------------------+

. *sum beta_1990 beta_2000 beta_all, d;
. gen top_1990 = beta_1990 + (1.64*se_1990) ;

. gen bottom_1990 = beta_1990 - (1.64*se_1990) ;

.  twoway         (rarea top_1990 bottom_1990 cutoff, color(gs13))
>         (connected beta_1990 cutoff)
>         (scatteri -0.8875 0.9 -0.8875 0.98, recast(line) lcolor(red) lwidth(t
> hick) lpattern(dash)),
>         
>         saving("${outgraphs}/cutoff_1990.gph", replace)
>         ytitle("Effect") /*yline(-0.8875)*/
>         /*title("Effect by cutoff height")*/
>         xtitle("Cluster Height Cutoff")
>         legend(off);
(file /ssgprojects/project0002/MobZ.new/figures/cutoff_1990.gph saved)

. graph export "$outgraphs/cutoff_1990.pdf", replace ;
(file /ssgprojects/project0002/MobZ.new/figures/cutoff_1990.pdf written in PDF 
> format)

. twoway  (connected F_90 cutoff)
>         ,
>         xline(`realcutoff') 
>         saving("${outgraphs}/cutoff_1990.gph", replace)
>         ytitle("F-Statistic of First Stage") 
>         title("Strength of First-Stage, by CZ Cutoff")
>         xtitle("Cluster Height Cutoff")
>         legend(off);
(file /ssgprojects/project0002/MobZ.new/figures/cutoff_1990.gph saved)

. graph export "$outgraphs/Fstat_1990.pdf", replace ;
(file /ssgprojects/project0002/MobZ.new/figures/Fstat_1990.pdf written in PDF f
> ormat)

. /* calculating the inter-quartile range */
> foreach yr in 1990 2000 all { ;
  2.         gen beta_iqr_`yr' = beta_`yr'*iqr_`yr' ;
  3.         gen top_iqr_`yr' = beta_iqr_`yr' + (1.96*iqr_`yr'*se_`yr') ;
  4.         gen bottom_iqr_`yr' = beta_iqr_`yr' - (1.96*iqr_`yr'*se_`yr') ;
  5. } ;

. twoway (rarea top_iqr_1990 bottom_iqr_1990 cutoff, color(gs13))
>         (connected beta_iqr_1990 cutoff)
>         ,
>         xline(`realcutoff')
>         saving("$outgraphs/cutoff_iqr_1990.gph", replace)
>         ytitle("Effect for IQR")
>         xtitle("Cluster Height Cutoff")
>         legend(off);
(file /ssgprojects/project0002/MobZ.new/figures/cutoff_iqr_1990.gph saved)

. graph export "$outgraphs/cutoff_iqr_1990.pdf", replace ;
(file /ssgprojects/project0002/MobZ.new/figures/cutoff_iqr_1990.pdf written in 
> PDF format)

.  log close ;
      name:  <unnamed>
       log:  /ssgprojects/project0002/MobZ.new/programs/07_adh/cutoff_graphs.lo
> g
  log type:  text
 closed on:  23 Aug 2020, 16:00:03
-------------------------------------------------------------------------------

. 
end of do-file
