
  ___  ____  ____  ____  ____ (R)
 /__    /   ____/   /   ____/
___/   /   /___/   /   /___/   14.2   Copyright 1985-2015 StataCorp LLC
  Statistics/Data Analysis            StataCorp
                                      4905 Lakeway Drive
                                      College Station, Texas 77845 USA
                                      800-STATA-PC        http://www.stata.com
                                      979-696-4600        stata@stata.com
                                      979-696-4601 (fax)

8-user Stata network perpetual license:
       Serial number:  501406244326
         Licensed to:  ECCO Cornell University
                       Ithaca, NY

Notes:
      1.  Stata is running in batch mode.
      2.  Unicode is supported; see help unicode_advice.

. do 03_01_cutoff_graphs.do 

. /**********************
> This is the do-file loop
> 
> It has three steps
> 
> 1. Calculate the aggregate data
>         (national level)
> 
> 2. Decide which czone defn to use
> 
> 3. Aggregate cty data to czone
> 
> 4. Run regressions of delM on delIPW, 
>         store regressions.
>         
> ***************************/
. include "../config.do"

. /*  config.do */
. 
. 
. 
. if ( "`c(hostname)'" == "ecco.vrdc.cornell.edu" ) {
. global root "/ssgprojects/project0002/MobZ.new"
. }

. 
. if ( "`c(username)'" == "vilhuber" ) {
. global root "/home/vilhuber/Workspace/git/larsvilhuber/MobZ"
. }

. 
. if ( "`c(hostname)'" == "some.server.at.census" ) {
. global root "/made/up/path/Mobz"
. }

. 
. /* check if the author creates a log file. If not, adjust the following code 
> fragment */
. 
. local c_date = c(current_date)

. local cdate = subinstr("`c_date'", " ", "_", .)

. local c_time = c(current_time)

. local ctime = subinstr("`c_time'", ":", "_", .)

. 
. // log using "${root}/logfile_`cdate'-`ctime'.log", replace text
. 
. /* It will provide some info about how and when the program was run */
. /* See https://www.stata.com/manuals13/pcreturn.pdf#pcreturn */
. local variant = cond(c(MP),"MP",cond(c(SE),"SE",c(flavor)) )  

. // alternatively, you could use 
. // local variant = cond(c(stata_version)>13,c(real_flavor),"NA")  
. 
. di "=== SYSTEM DIAGNOSTICS ==="
=== SYSTEM DIAGNOSTICS ===

. di "Stata version: `c(stata_version)'"
Stata version: 14.2

. di "Updated as of: `c(born_date)'"
Updated as of: 19 Dec 2017

. di "Variant:       `variant'"
Variant:       IC

. di "Processors:    `c(processors)'"
Processors:    1

. di "OS:            `c(os)' `c(osdtl)'"
OS:            Unix 

. di "Machine type:  `c(machine_type)'"
Machine type:  PC (64-bit x86-64)

. di "=========================="
==========================

. 
. 
. 
. 
. /* define relative libraries */
. 
. global paperdir "${root}/paper"

. global interwrk "${root}/data/interwrk"

. global raw "${root}/raw"

. global temp "${root}/temp"

. global outputs "${root}/data"

. global programs "${root}/programs"

. global outgraphs "${root}/figures"

. global logdir "${programs}/logs"

. 
. cap mkdir "$logdir"

. log using "${logdir}/logfile_`cdate'-`ctime'.log", replace text
(note: file /ssgprojects/project0002/MobZ.new/programs/logs/logfile_19_Aug_2020
> -20_57_24.log not found)
-------------------------------------------------------------------------------
      name:  <unnamed>
       log:  /ssgprojects/project0002/MobZ.new/programs/logs/logfile_19_Aug_202
> 0-20_57_24.log
  log type:  text
 opened on:  19 Aug 2020, 20:57:24

. cap mkdir "$temp"

. cap mkdir "${root}/data"

. cap mkdir "$interwrk"

. cap mkdir "$raw"

. cap mkdir "$outputs"

. 
. /* install any packages locally */
. capture mkdir "${programs}/ado"

. sysdir set PERSONAL "${programs}/ado/personal"

. sysdir set PLUS     "${programs}/ado/plus"

. sysdir set SITE     "${programs}/ado/site"

. sysdir
   STATA:  /usr/local/stata14/
    BASE:  /usr/local/stata14/ado/base/
    SITE:  /ssgprojects/project0002/MobZ.new/programs/ado/site/
    PLUS:  /ssgprojects/project0002/MobZ.new/programs/ado/plus/
PERSONAL:  /ssgprojects/project0002/MobZ.new/programs/ado/personal/
OLDPLACE:  ~/ado/

. 
. /* define data sources */
. 
. /* QCEW */
. /* data/working/mobz/qcew */
.     global qcewdata "${raw}/qcew"  

. /* /data/working/mobz/outputs */
.     global czonedata "$outputs"  

. 
. /* ADH */
.     global adhdata "${raw}/adh_data/Public Release Data/dta"

. /* CZONE */
.     global czonedata "${raw}/adh_data/"

. /* files provided separately by David Dorn */
.     global dorndata "${raw}/ddorn/"

. 
. /* CBP */
.     /* this is where the raw Stata versions of CBP data reside */
.    global cbpdata "/data/clean/cbp"

. 
. 
. cap log close

. log using cutoff_graphs.log, replace 
-------------------------------------------------------------------------------
      name:  <unnamed>
       log:  /ssgprojects/project0002/MobZ.new/programs/07_adh/cutoff_graphs.lo
> g
  log type:  text
 opened on:  19 Aug 2020, 20:57:24

. 
. local czonedataset = "${outputs}/clusters_cutoff_jtw1990.dta"

. global czone_iteration = "${interwrk}/czones_cutoff.dta"

. global ipw_regs "${interwrk}/cutoff_post.dta"

. 
. #delimit ; 
delimiter now ;
. set more off ;

. use $ipw_regs, clear;

.  list ;

. *sum beta_1990 beta_2000 beta_all, d;
. gen top_1990 = beta_1990 + (1.64*se_1990) ;

. gen bottom_1990 = beta_1990 - (1.64*se_1990) ;

.  twoway         (rarea top_1990 bottom_1990 cutoff, color(gs13))
>         (connected beta_1990 cutoff)
>         (scatteri -0.8875 0.9 -0.8875 0.98, recast(line) lcolor(red) lwidth(t
> hick) lpattern(dash)),
>         
>         saving("${outgraphs}/cutoff_1990.gph", replace)
>         ytitle("Effect") /*yline(-0.8875)*/
>         /*title("Effect by cutoff height")*/
>         xtitle("Cluster Height Cutoff")
>         legend(off);
(note: file /ssgprojects/project0002/MobZ.new/figures/cutoff_1990.gph not found
> )
(file /ssgprojects/project0002/MobZ.new/figures/cutoff_1990.gph saved)

. graph export "$outgraphs/cutoff_1990.png", replace ;
translator Graph2png not found
r(111);

end of do-file
r(111);
