
  ___  ____  ____  ____  ____ (R)
 /__    /   ____/   /   ____/
___/   /   /___/   /   /___/   16.1   Copyright 1985-2019 StataCorp LLC
  Statistics/Data analysis            StataCorp
                                      4905 Lakeway Drive
                                      College Station, Texas 77845 USA
                                      800-STATA-PC        https://www.stata.com
                                      979-696-4600        stata@stata.com
                                      979-696-4601 (fax)

Stata license: 5-user network perpetual
Serial number: 501606316764
  Licensed to: LDI Econ Cornell University
               Ithaca, NY

Notes:
      1. Stata is running in batch mode.
      2. Unicode is supported; see help unicode_advice.

. do 03_01_cutoff_graphs.do 

. /**********************
> This is the do-file loop
> 
> It has three steps
> 
> 1. Calculate the aggregate data
>         (national level)
> 
> 2. Decide which czone defn to use
> 
> 3. Aggregate cty data to czone
> 
> 4. Run regressions of delM on delIPW, 
>         store regressions.
>         
> ***************************/
. include "../config.do"

. /*  config.do */
. 
. 
. 
. if ( "`c(hostname)'" == "ecco.vrdc.cornell.edu" ) {
. global root "/ssgprojects/project0002/MobZ.new"
. }

. 
. if ( "`c(username)'" == "vilhuber" ) {
. global root "/home/vilhuber/Workspace/git/larsvilhuber/MobZ"
. }

. 
. if ( "`c(hostname)'" == "some.server.at.census" ) {
. global root "/made/up/path/Mobz"
. }

. 
. /* check if the author creates a log file. If not, adjust the following code 
> fragment */
. 
. local c_date = c(current_date)

. local cdate = subinstr("`c_date'", " ", "_", .)

. local c_time = c(current_time)

. local ctime = subinstr("`c_time'", ":", "_", .)

. 
. // log using "${root}/logfile_`cdate'-`ctime'.log", replace text
. 
. /* It will provide some info about how and when the program was run */
. /* See https://www.stata.com/manuals13/pcreturn.pdf#pcreturn */
. local variant = cond(c(MP),"MP",cond(c(SE),"SE",c(flavor)) )  

. // alternatively, you could use 
. // local variant = cond(c(stata_version)>13,c(real_flavor),"NA")  
. 
. di "=== SYSTEM DIAGNOSTICS ==="
=== SYSTEM DIAGNOSTICS ===

. di "Stata version: `c(stata_version)'"
Stata version: 16.1

. di "Updated as of: `c(born_date)'"
Updated as of: 30 Jun 2020

. di "Variant:       `variant'"
Variant:       IC

. di "Processors:    `c(processors)'"
Processors:    1

. di "OS:            `c(os)' `c(osdtl)'"
OS:            Unix 

. di "Machine type:  `c(machine_type)'"
Machine type:  PC (64-bit x86-64)

. di "=========================="
==========================

. 
. 
. 
. 
. /* define relative libraries */
. 
. global paperdir "${root}/paper"

. global interwrk "${root}/data/interwrk"

. global raw "${root}/raw"

. global temp "${root}/temp"

. global outputs "${root}/data"

. global programs "${root}/programs"

. global outgraphs "${root}/figures"

. global logdir "${programs}/logs"

. 
. cap mkdir "$logdir"

. log using "${logdir}/logfile_`cdate'-`ctime'.log", replace text
(note: file /home/vilhuber/Workspace/git/larsvilhuber/MobZ/programs/logs/logfil
> e_20_Sep_2020-21_56_09.log not found)
-------------------------------------------------------------------------------
      name:  <unnamed>
       log:  /home/vilhuber/Workspace/git/larsvilhuber/MobZ/programs/logs/logfi
> le_20_Sep_2020-21_56_09.log
  log type:  text
 opened on:  20 Sep 2020, 21:56:09

. cap mkdir "$temp"

. cap mkdir "${root}/data"

. cap mkdir "$interwrk"

. cap mkdir "$raw"

. cap mkdir "$outputs"

. 
. /* install any packages locally */
. capture mkdir "${programs}/ado"

. sysdir set PERSONAL "${programs}/ado/personal"

. sysdir set PLUS     "${programs}/ado/plus"

. sysdir set SITE     "${programs}/ado/site"

. sysdir
   STATA:  /usr/local/stata16/
    BASE:  /usr/local/stata16/ado/base/
    SITE:  /home/vilhuber/Workspace/git/larsvilhuber/MobZ/programs/ado/site/
    PLUS:  /home/vilhuber/Workspace/git/larsvilhuber/MobZ/programs/ado/plus/
PERSONAL:  /home/vilhuber/Workspace/git/larsvilhuber/MobZ/programs/ado/personal
> /
OLDPLACE:  ~/ado/

. 
. /* define data sources */
. 
. /* QCEW */
. /* data/working/mobz/qcew */
.     global qcewdata "${raw}/qcew"  

. /* /data/working/mobz/outputs */
.     global czonedata "$outputs"  

. 
. /* ADH */
.     global adhdata "${raw}/adh_data/Public Release Data/dta"

. /* CZONE */
.     global czonedata "${raw}/adh_data/"

. /* files provided separately by David Dorn */
.     global dorndata "${raw}/ddorn/"

. 
. /* CBP */
.     /* this is where the raw Stata versions of CBP data reside */
.    global cbpdata "/data/clean/cbp"

. 
. /* for graphing */
. /* from https://github.com/graykimbrough/uncluttered-stata-graphs */
. 
. set scheme uncluttered

. 
. cap log close

. log using cutoff_graphs.log, replace 
(note: file /mnt/local/slow_home/vilhuber/Workspace-non-encrypted/git/larsvilhu
> ber/MobZ/programs/07_adh/cutoff_graphs.log not found)
-------------------------------------------------------------------------------
      name:  <unnamed>
       log:  /mnt/local/slow_home/vilhuber/Workspace-non-encrypted/git/larsvilh
> uber/MobZ/programs/07_adh/cutoff_graphs.log
  log type:  text
 opened on:  20 Sep 2020, 21:56:09

. 
. local czonedataset = "${outputs}/clusters_cutoff_jtw1990.dta"

. global czone_iteration = "${interwrk}/czones_cutoff.dta"

. global ipw_regs "${interwrk}/07_adh_cutoff_post.dta"

. 
. #delimit ; 
delimiter now ;
. set more off ;

. use $ipw_regs, clear;

.  list ;

     +------------------------------------------------------------------+
  1. | cutoff | beta_1990 |  se_1990 |     F_90 | beta_2000 |  se_2000  |
     |     .9 | -.7761289 | .0761549 | 706.6989 | -.9463564 |   .06203  |
     |------------------------------------------------------------------|
     |  beta_all |   se_all | iqr_1990 | iqr_2000 |  iqr_all | mean_IPW |
     | -.9002156 | .0477843 |  1.06016 | 2.000294 | 1.649357 | 1.168473 |
     |------------------------------------------------------------------|
     |                            mean_delL                             |
     |                            -.6162013                             |
     +------------------------------------------------------------------+

     +------------------------------------------------------------------+
  2. | cutoff | beta_1990 |  se_1990 |     F_90 | beta_2000 |  se_2000  |
     |  .9005 | -.7742736 | .0763021 | 703.5056 | -.9462859 | .0618786  |
     |------------------------------------------------------------------|
     |  beta_all |   se_all | iqr_1990 | iqr_2000 |  iqr_all | mean_IPW |
     | -.8996463 | .0477765 | 1.057518 | 2.009403 | 1.662526 | 1.172164 |
     |------------------------------------------------------------------|
     |                            mean_delL                             |
     |                             -.617855                             |
     +------------------------------------------------------------------+

     +------------------------------------------------------------------+
  3. | cutoff | beta_1990 |  se_1990 |     F_90 | beta_2000 |  se_2000  |
     |   .901 | -.7754928 | .0762891 | 704.8704 | -.9460785 | .0619955  |
     |------------------------------------------------------------------|
     |  beta_all |   se_all | iqr_1990 | iqr_2000 |  iqr_all | mean_IPW |
     | -.8998309 | .0478359 | 1.056008 | 1.998382 | 1.670947 | 1.175237 |
     |------------------------------------------------------------------|
     |                            mean_delL                             |
     |                            -.6152974                             |
     +------------------------------------------------------------------+

     +------------------------------------------------------------------+
  4. | cutoff | beta_1990 |  se_1990 |     F_90 | beta_2000 |  se_2000  |
     |  .9015 | -.7759298 | .0762138 | 715.0441 | -.9462578 | .0620816  |
     |------------------------------------------------------------------|
     |  beta_all |   se_all | iqr_1990 | iqr_2000 |  iqr_all | mean_IPW |
     | -.9000655 | .0478573 | 1.056026 | 2.010603 | 1.665923 | 1.162385 |
     |------------------------------------------------------------------|
     |                            mean_delL                             |
     |                            -.6146616                             |
     +------------------------------------------------------------------+

     +------------------------------------------------------------------+
  5. | cutoff | beta_1990 |  se_1990 |     F_90 | beta_2000 |  se_2000  |
     |   .902 |  -.774405 | .0762272 | 715.1801 | -.9468068 | .0621722  |
     |------------------------------------------------------------------|
     |  beta_all |   se_all | iqr_1990 | iqr_2000 |  iqr_all | mean_IPW |
     | -.9000432 | .0479147 |  1.06223 | 2.008573 | 1.665636 | 1.165045 |
     |------------------------------------------------------------------|
     |                            mean_delL                             |
     |                            -.6165462                             |
     +------------------------------------------------------------------+

     +------------------------------------------------------------------+
  6. | cutoff | beta_1990 |  se_1990 |     F_90 | beta_2000 |  se_2000  |
     |  .9025 | -.7757302 | .0765949 | 715.4358 | -.9484954 | .0621477  |
     |------------------------------------------------------------------|
     |  beta_all |   se_all | iqr_1990 | iqr_2000 |  iqr_all | mean_IPW |
     | -.9018961 | .0479431 | 1.061445 | 1.998192 | 1.665134 | 1.156916 |
     |------------------------------------------------------------------|
     |                            mean_delL                             |
     |                            -.6126336                             |
     +------------------------------------------------------------------+

     +------------------------------------------------------------------+
  7. | cutoff | beta_1990 |  se_1990 |     F_90 | beta_2000 |  se_2000  |
     |   .903 | -.7758549 | .0767752 | 710.4349 | -.9489706 | .0623351  |
     |------------------------------------------------------------------|
     |  beta_all |   se_all | iqr_1990 | iqr_2000 |  iqr_all | mean_IPW |
     | -.9022404 | .0480806 | 1.061445 | 1.996546 | 1.660085 | 1.159739 |
     |------------------------------------------------------------------|
     |                            mean_delL                             |
     |                            -.6196217                             |
     +------------------------------------------------------------------+

     +------------------------------------------------------------------+
  8. | cutoff | beta_1990 |  se_1990 |     F_90 | beta_2000 |  se_2000  |
     |  .9035 | -.7785479 | .0765891 | 718.6689 | -.9500067 | .0626023  |
     |------------------------------------------------------------------|
     |  beta_all |   se_all | iqr_1990 | iqr_2000 |  iqr_all | mean_IPW |
     | -.9037026 | .0482118 |  1.05434 | 1.992409 | 1.659802 | 1.163455 |
     |------------------------------------------------------------------|
     |                            mean_delL                             |
     |                             -.619473                             |
     +------------------------------------------------------------------+

     +------------------------------------------------------------------+
  9. | cutoff | beta_1990 |  se_1990 |     F_90 | beta_2000 |  se_2000  |
     |   .904 | -.7794802 | .0768907 | 713.2663 | -.9500905 | .0627627  |
     |------------------------------------------------------------------|
     |  beta_all |   se_all | iqr_1990 | iqr_2000 |  iqr_all | mean_IPW |
     |  -.904081 | .0483578 | 1.053802 | 1.986415 | 1.658008 | 1.163156 |
     |------------------------------------------------------------------|
     |                            mean_delL                             |
     |                            -.6158997                             |
     +------------------------------------------------------------------+

     +------------------------------------------------------------------+
 10. | cutoff | beta_1990 |  se_1990 |     F_90 | beta_2000 |  se_2000  |
     |  .9045 | -.7810718 | .0770077 | 710.1757 | -.9500696 | .0628425  |
     |------------------------------------------------------------------|
     |  beta_all |   se_all | iqr_1990 | iqr_2000 |  iqr_all | mean_IPW |
     | -.9045084 | .0484172 | 1.053601 | 1.999776 | 1.657777 | 1.165087 |
     |------------------------------------------------------------------|
     |                            mean_delL                             |
     |                            -.6279516                             |
     +------------------------------------------------------------------+

     +------------------------------------------------------------------+
 11. | cutoff | beta_1990 |  se_1990 |     F_90 | beta_2000 |  se_2000  |
     |   .905 | -.7815689 | .0772045 | 706.6361 |  -.949807 | .0629889  |
     |------------------------------------------------------------------|
     |  beta_all |   se_all | iqr_1990 | iqr_2000 |  iqr_all | mean_IPW |
     | -.9044484 | .0485344 | 1.054885 | 2.002801 | 1.654221 | 1.168842 |
     |------------------------------------------------------------------|
     |                            mean_delL                             |
     |                            -.6332812                             |
     +------------------------------------------------------------------+

     +------------------------------------------------------------------+
 12. | cutoff | beta_1990 |  se_1990 |     F_90 | beta_2000 |  se_2000  |
     |  .9055 | -.7816595 | .0773832 | 703.3419 | -.9493917 | .0631384  |
     |------------------------------------------------------------------|
     |  beta_all |   se_all | iqr_1990 | iqr_2000 |  iqr_all | mean_IPW |
     | -.9041594 | .0486498 | 1.052511 | 2.008014 | 1.651151 | 1.171535 |
     |------------------------------------------------------------------|
     |                            mean_delL                             |
     |                            -.6366981                             |
     +------------------------------------------------------------------+

     +------------------------------------------------------------------+
 13. | cutoff | beta_1990 |  se_1990 |     F_90 | beta_2000 |  se_2000  |
     |   .906 | -.7838879 | .0785455 |  684.445 | -.9421726 | .0630723  |
     |------------------------------------------------------------------|
     |  beta_all |   se_all | iqr_1990 | iqr_2000 |  iqr_all | mean_IPW |
     | -.9000639 | .0488213 | 1.051531 | 2.006831 | 1.649905 | 1.167966 |
     |------------------------------------------------------------------|
     |                            mean_delL                             |
     |                            -.6353444                             |
     +------------------------------------------------------------------+

     +------------------------------------------------------------------+
 14. | cutoff | beta_1990 |  se_1990 |     F_90 | beta_2000 |  se_2000  |
     |  .9065 | -.7818611 | .0786302 | 682.0693 | -.9396585 | .0631126  |
     |------------------------------------------------------------------|
     |  beta_all |   se_all | iqr_1990 | iqr_2000 |  iqr_all | mean_IPW |
     | -.8976792 | .0488604 | 1.053016 | 1.990272 |  1.65106 | 1.170817 |
     |------------------------------------------------------------------|
     |                            mean_delL                             |
     |                            -.6331611                             |
     +------------------------------------------------------------------+

     +------------------------------------------------------------------+
 15. | cutoff | beta_1990 |  se_1990 |     F_90 | beta_2000 |  se_2000  |
     |   .907 | -.7816944 | .0788203 |  678.749 | -.9396922 | .0632875  |
     |------------------------------------------------------------------|
     |  beta_all |   se_all | iqr_1990 | iqr_2000 |  iqr_all | mean_IPW |
     | -.8976583 | .0489907 | 1.059421 | 2.008957 | 1.654512 | 1.176236 |
     |------------------------------------------------------------------|
     |                            mean_delL                             |
     |                             -.634847                             |
     +------------------------------------------------------------------+

     +------------------------------------------------------------------+
 16. | cutoff | beta_1990 |  se_1990 |     F_90 | beta_2000 |  se_2000  |
     |  .9075 | -.7809035 | .0790523 | 673.8421 | -.9392433 | .0634991  |
     |------------------------------------------------------------------|
     |  beta_all |   se_all | iqr_1990 | iqr_2000 |  iqr_all | mean_IPW |
     | -.8971157 | .0491467 | 1.059743 | 2.000376 | 1.663515 | 1.178905 |
     |------------------------------------------------------------------|
     |                            mean_delL                             |
     |                            -.6306074                             |
     +------------------------------------------------------------------+

     +------------------------------------------------------------------+
 17. | cutoff | beta_1990 |  se_1990 |     F_90 | beta_2000 |  se_2000  |
     |   .908 | -.7887212 | .0800372 | 681.0504 | -.9429095 | .0637981  |
     |------------------------------------------------------------------|
     |  beta_all |   se_all | iqr_1990 | iqr_2000 |  iqr_all | mean_IPW |
     | -.9020964 | .0494459 | 1.054086 | 1.988051 | 1.650752 | 1.156818 |
     |------------------------------------------------------------------|
     |                            mean_delL                             |
     |                             -.623508                             |
     +------------------------------------------------------------------+

     +------------------------------------------------------------------+
 18. | cutoff | beta_1990 |  se_1990 |     F_90 | beta_2000 |  se_2000  |
     |  .9085 | -.7963402 | .0798149 | 690.3076 | -.9394209 | .0637757  |
     |------------------------------------------------------------------|
     |  beta_all |   se_all | iqr_1990 | iqr_2000 |  iqr_all | mean_IPW |
     | -.9015084 | .0494056 | 1.049037 |  1.97738 | 1.650607 | 1.157536 |
     |------------------------------------------------------------------|
     |                            mean_delL                             |
     |                            -.6218976                             |
     +------------------------------------------------------------------+

     +------------------------------------------------------------------+
 19. | cutoff | beta_1990 |  se_1990 |     F_90 | beta_2000 |  se_2000  |
     |   .909 | -.7991733 | .0799912 | 686.2085 | -.9384183 | .0638838  |
     |------------------------------------------------------------------|
     |  beta_all |   se_all | iqr_1990 | iqr_2000 |  iqr_all | mean_IPW |
     | -.9015096 | .0494935 | 1.041937 | 1.975667 | 1.650074 |  1.15863 |
     |------------------------------------------------------------------|
     |                            mean_delL                             |
     |                            -.6218251                             |
     +------------------------------------------------------------------+

     +------------------------------------------------------------------+
 20. | cutoff | beta_1990 |  se_1990 |     F_90 | beta_2000 |  se_2000  |
     |  .9095 | -.7970114 | .0799445 | 684.5248 | -.9402717 | .0639928  |
     |------------------------------------------------------------------|
     |  beta_all |   se_all | iqr_1990 | iqr_2000 |  iqr_all | mean_IPW |
     | -.9022687 | .0495455 | 1.041937 | 1.967016 | 1.651874 | 1.160259 |
     |------------------------------------------------------------------|
     |                            mean_delL                             |
     |                            -.6160483                             |
     +------------------------------------------------------------------+

     +------------------------------------------------------------------+
 21. | cutoff | beta_1990 |  se_1990 |     F_90 | beta_2000 |  se_2000  |
     |    .91 | -.7975787 | .0800792 | 680.4918 | -.9386742 | .0640412  |
     |------------------------------------------------------------------|
     |  beta_all |   se_all | iqr_1990 | iqr_2000 |  iqr_all | mean_IPW |
     | -.9012991 | .0495904 | 1.040018 | 1.970149 | 1.646834 | 1.156843 |
     |------------------------------------------------------------------|
     |                            mean_delL                             |
     |                            -.6081305                             |
     +------------------------------------------------------------------+

     +------------------------------------------------------------------+
 22. | cutoff | beta_1990 |  se_1990 |     F_90 | beta_2000 |  se_2000  |
     |  .9105 | -.7976075 | .0803073 |  677.397 | -.9384618 |  .064219  |
     |------------------------------------------------------------------|
     |  beta_all |   se_all | iqr_1990 | iqr_2000 |  iqr_all | mean_IPW |
     | -.9011433 | .0497296 | 1.043024 | 1.969542 | 1.646615 | 1.159586 |
     |------------------------------------------------------------------|
     |                            mean_delL                             |
     |                            -.6131493                             |
     +------------------------------------------------------------------+

     +------------------------------------------------------------------+
 23. | cutoff | beta_1990 |  se_1990 |     F_90 | beta_2000 |  se_2000  |
     |   .911 | -.7976092 | .0803586 | 674.9191 | -.9402398 | .0641228  |
     |------------------------------------------------------------------|
     |  beta_all |   se_all | iqr_1990 | iqr_2000 |  iqr_all | mean_IPW |
     | -.9024526 | .0496785 |  1.03646 | 1.969542 | 1.644624 | 1.159129 |
     |------------------------------------------------------------------|
     |                            mean_delL                             |
     |                            -.6134132                             |
     +------------------------------------------------------------------+

     +------------------------------------------------------------------+
 24. | cutoff | beta_1990 |  se_1990 |     F_90 | beta_2000 |  se_2000  |
     |  .9115 | -.7976027 | .0806944 | 670.4534 | -.9400571 | .0642714  |
     |------------------------------------------------------------------|
     |  beta_all |   se_all | iqr_1990 | iqr_2000 |  iqr_all | mean_IPW |
     | -.9023715 | .0498194 |  1.04079 | 1.968563 |  1.64641 | 1.161206 |
     |------------------------------------------------------------------|
     |                            mean_delL                             |
     |                            -.6167483                             |
     +------------------------------------------------------------------+

     +------------------------------------------------------------------+
 25. | cutoff | beta_1990 |  se_1990 |     F_90 | beta_2000 |  se_2000  |
     |   .912 | -.7954139 | .0807281 | 669.2809 |   -.94244 | .0644544  |
     |------------------------------------------------------------------|
     |  beta_all |   se_all | iqr_1990 | iqr_2000 |  iqr_all | mean_IPW |
     | -.9034377 | .0499259 |  1.04079 | 1.968563 | 1.643855 | 1.161869 |
     |------------------------------------------------------------------|
     |                            mean_delL                             |
     |                            -.6212329                             |
     +------------------------------------------------------------------+

     +------------------------------------------------------------------+
 26. | cutoff | beta_1990 |  se_1990 |     F_90 | beta_2000 |  se_2000  |
     |  .9125 | -.8071144 | .0809291 | 663.6228 | -.9445427 | .0647827  |
     |------------------------------------------------------------------|
     |  beta_all |   se_all | iqr_1990 | iqr_2000 |  iqr_all | mean_IPW |
     | -.9080692 |  .050126 | 1.038695 | 1.956294 | 1.641132 | 1.159542 |
     |------------------------------------------------------------------|
     |                            mean_delL                             |
     |                            -.6252202                             |
     +------------------------------------------------------------------+

     +------------------------------------------------------------------+
 27. | cutoff | beta_1990 |  se_1990 |     F_90 | beta_2000 |  se_2000  |
     |   .913 | -.8105376 | .0809023 | 663.8397 | -.9448102 | .0649344  |
     |------------------------------------------------------------------|
     |  beta_all |   se_all | iqr_1990 | iqr_2000 |  iqr_all | mean_IPW |
     | -.9091424 | .0501966 |  1.04079 | 1.948153 | 1.634894 | 1.160855 |
     |------------------------------------------------------------------|
     |                            mean_delL                             |
     |                            -.6176961                             |
     +------------------------------------------------------------------+

     +------------------------------------------------------------------+
 28. | cutoff | beta_1990 |  se_1990 |     F_90 | beta_2000 |  se_2000  |
     |  .9135 | -.8113253 | .0811595 | 659.4504 | -.9450333 | .0650544  |
     |------------------------------------------------------------------|
     |  beta_all |   se_all | iqr_1990 | iqr_2000 |  iqr_all | mean_IPW |
     | -.9095277 | .0503124 | 1.036874 | 1.954363 | 1.637026 | 1.163008 |
     |------------------------------------------------------------------|
     |                            mean_delL                             |
     |                            -.6251625                             |
     +------------------------------------------------------------------+

     +------------------------------------------------------------------+
 29. | cutoff | beta_1990 |  se_1990 |     F_90 | beta_2000 |  se_2000  |
     |   .914 | -.8161755 | .0816978 | 650.2791 | -.9461684 | .0650556  |
     |------------------------------------------------------------------|
     |  beta_all |   se_all | iqr_1990 | iqr_2000 |  iqr_all | mean_IPW |
     |  -.911852 | .0504041 | 1.037657 | 1.971793 |  1.61707 |   1.1623 |
     |------------------------------------------------------------------|
     |                            mean_delL                             |
     |                             -.616428                             |
     +------------------------------------------------------------------+

     +------------------------------------------------------------------+
 30. | cutoff | beta_1990 |  se_1990 |     F_90 | beta_2000 |  se_2000  |
     |  .9145 | -.8195229 | .0819167 | 645.3406 | -.9433674 | .0650957  |
     |------------------------------------------------------------------|
     |  beta_all |   se_all | iqr_1990 | iqr_2000 |  iqr_all | mean_IPW |
     | -.9107251 | .0504531 | 1.037657 |  1.95375 | 1.614173 | 1.159197 |
     |------------------------------------------------------------------|
     |                            mean_delL                             |
     |                            -.6249269                             |
     +------------------------------------------------------------------+

     +------------------------------------------------------------------+
 31. | cutoff | beta_1990 |  se_1990 |     F_90 | beta_2000 |  se_2000  |
     |   .915 | -.8131397 | .0812517 | 662.1853 | -.9445236 | .0650594  |
     |------------------------------------------------------------------|
     |  beta_all |   se_all | iqr_1990 | iqr_2000 |  iqr_all | mean_IPW |
     | -.9099879 | .0503444 | 1.035756 |  1.95375 | 1.619488 | 1.157731 |
     |------------------------------------------------------------------|
     |                            mean_delL                             |
     |                            -.6282884                             |
     +------------------------------------------------------------------+

     +------------------------------------------------------------------+
 32. | cutoff | beta_1990 |  se_1990 |     F_90 | beta_2000 |  se_2000  |
     |  .9155 | -.8131953 | .0813575 | 660.4478 | -.9444545 | .0651378  |
     |------------------------------------------------------------------|
     |  beta_all |   se_all | iqr_1990 | iqr_2000 |  iqr_all | mean_IPW |
     | -.9099534 | .0504064 | 1.032898 |  1.95375 | 1.609206 | 1.159268 |
     |------------------------------------------------------------------|
     |                            mean_delL                             |
     |                            -.6292419                             |
     +------------------------------------------------------------------+

     +------------------------------------------------------------------+
 33. | cutoff | beta_1990 |  se_1990 |     F_90 | beta_2000 |  se_2000  |
     |   .916 |  -.813189 | .0815197 | 657.7197 | -.9443446 | .0652772  |
     |------------------------------------------------------------------|
     |  beta_all |   se_all | iqr_1990 | iqr_2000 |  iqr_all | mean_IPW |
     | -.9098586 | .0505133 | 1.031309 | 1.955111 | 1.621389 | 1.163325 |
     |------------------------------------------------------------------|
     |                            mean_delL                             |
     |                            -.6318691                             |
     +------------------------------------------------------------------+

     +------------------------------------------------------------------+
 34. | cutoff | beta_1990 |  se_1990 |     F_90 | beta_2000 |  se_2000  |
     |  .9165 | -.8155236 |  .081748 | 653.2737 | -.9461902 | .0652457  |
     |------------------------------------------------------------------|
     |  beta_all |   se_all | iqr_1990 | iqr_2000 |  iqr_all | mean_IPW |
     |  -.911745 | .0505964 | 1.035711 | 1.954377 | 1.629943 | 1.167769 |
     |------------------------------------------------------------------|
     |                            mean_delL                             |
     |                            -.6439194                             |
     +------------------------------------------------------------------+

     +------------------------------------------------------------------+
 35. | cutoff | beta_1990 |  se_1990 |     F_90 | beta_2000 |  se_2000  |
     |   .917 | -.8146838 | .0817876 |  651.103 | -.9440276 | .0652074  |
     |------------------------------------------------------------------|
     |  beta_all |   se_all | iqr_1990 | iqr_2000 |  iqr_all | mean_IPW |
     |  -.909934 |  .050591 | 1.037606 | 1.949159 | 1.634144 | 1.163534 |
     |------------------------------------------------------------------|
     |                            mean_delL                             |
     |                            -.6273584                             |
     +------------------------------------------------------------------+

     +------------------------------------------------------------------+
 36. | cutoff | beta_1990 |  se_1990 |     F_90 | beta_2000 |  se_2000  |
     |  .9175 | -.8120282 | .0818902 | 647.4274 | -.9446424 | .0653676  |
     |------------------------------------------------------------------|
     |  beta_all |   se_all | iqr_1990 | iqr_2000 |  iqr_all | mean_IPW |
     | -.9096885 | .0506989 | 1.045121 | 1.905567 | 1.636787 | 1.164583 |
     |------------------------------------------------------------------|
     |                            mean_delL                             |
     |                            -.6224286                             |
     +------------------------------------------------------------------+

     +------------------------------------------------------------------+
 37. | cutoff | beta_1990 |  se_1990 |     F_90 | beta_2000 |  se_2000  |
     |   .918 | -.8178501 | .0827718 | 644.6579 |  -.946675 | .0658305  |
     |------------------------------------------------------------------|
     |  beta_all |   se_all | iqr_1990 | iqr_2000 |  iqr_all | mean_IPW |
     | -.9127922 | .0510846 | 1.045072 |  1.90688 | 1.641804 | 1.157081 |
     |------------------------------------------------------------------|
     |                            mean_delL                             |
     |                            -.6180906                             |
     +------------------------------------------------------------------+

     +------------------------------------------------------------------+
 38. | cutoff | beta_1990 |  se_1990 |     F_90 | beta_2000 |  se_2000  |
     |  .9185 | -.8209569 | .0833549 | 637.5405 | -.9492697 |  .066233  |
     |------------------------------------------------------------------|
     |  beta_all |   se_all | iqr_1990 | iqr_2000 |  iqr_all | mean_IPW |
     | -.9155442 | .0514055 | 1.045072 | 1.905567 | 1.630957 | 1.152838 |
     |------------------------------------------------------------------|
     |                            mean_delL                             |
     |                            -.6154591                             |
     +------------------------------------------------------------------+

     +------------------------------------------------------------------+
 39. | cutoff | beta_1990 |  se_1990 |     F_90 | beta_2000 |  se_2000  |
     |   .919 | -.8225264 | .0836045 | 632.8768 | -.9518554 | .0665457  |
     |------------------------------------------------------------------|
     |  beta_all |   se_all | iqr_1990 | iqr_2000 |  iqr_all | mean_IPW |
     |   -.91783 |  .051619 | 1.050047 | 1.904729 | 1.634908 | 1.153649 |
     |------------------------------------------------------------------|
     |                            mean_delL                             |
     |                            -.6173268                             |
     +------------------------------------------------------------------+

     +------------------------------------------------------------------+
 40. | cutoff | beta_1990 |  se_1990 |     F_90 | beta_2000 |  se_2000  |
     |  .9195 | -.8244429 | .0840253 | 626.4476 | -.9613848 |  .066664  |
     |------------------------------------------------------------------|
     |  beta_all |   se_all | iqr_1990 | iqr_2000 |  iqr_all | mean_IPW |
     | -.9254658 | .0517323 | 1.054187 | 1.916702 | 1.639576 | 1.151694 |
     |------------------------------------------------------------------|
     |                            mean_delL                             |
     |                            -.6199315                             |
     +------------------------------------------------------------------+

     +------------------------------------------------------------------+
 41. | cutoff | beta_1990 |  se_1990 |     F_90 | beta_2000 |  se_2000  |
     |    .92 | -.8276278 | .0845087 | 620.4406 | -.9632326 | .0670199  |
     |------------------------------------------------------------------|
     |  beta_all |   se_all | iqr_1990 | iqr_2000 |  iqr_all | mean_IPW |
     | -.9276796 | .0520205 | 1.055895 | 1.893784 | 1.626444 | 1.154751 |
     |------------------------------------------------------------------|
     |                            mean_delL                             |
     |                            -.6247554                             |
     +------------------------------------------------------------------+

     +------------------------------------------------------------------+
 42. | cutoff | beta_1990 |  se_1990 |     F_90 | beta_2000 |  se_2000  |
     |  .9205 | -.8315822 | .0851046 | 613.5914 | -.9716106 | .0673578  |
     |------------------------------------------------------------------|
     |  beta_all |   se_all | iqr_1990 | iqr_2000 |  iqr_all | mean_IPW |
     | -.9349002 | .0523016 | 1.059793 | 1.880655 | 1.612712 | 1.154674 |
     |------------------------------------------------------------------|
     |                            mean_delL                             |
     |                            -.6039833                             |
     +------------------------------------------------------------------+

     +------------------------------------------------------------------+
 43. | cutoff | beta_1990 |  se_1990 |     F_90 | beta_2000 |  se_2000  |
     |   .921 |  -.832825 | .0853628 | 609.4116 | -.9718869 | .0675781  |
     |------------------------------------------------------------------|
     |  beta_all |   se_all | iqr_1990 | iqr_2000 |  iqr_all | mean_IPW |
     | -.9354389 | .0524655 |  1.06207 | 1.874731 | 1.609298 | 1.159629 |
     |------------------------------------------------------------------|
     |                            mean_delL                             |
     |                             -.604508                             |
     +------------------------------------------------------------------+

     +------------------------------------------------------------------+
 44. | cutoff | beta_1990 |  se_1990 |     F_90 | beta_2000 |  se_2000  |
     |  .9215 | -.8332571 | .0859019 |  602.067 | -.9732027 | .0678583  |
     |------------------------------------------------------------------|
     |  beta_all |   se_all | iqr_1990 | iqr_2000 |  iqr_all | mean_IPW |
     | -.9365883 | .0527189 | 1.064324 | 1.886308 | 1.608771 | 1.163859 |
     |------------------------------------------------------------------|
     |                            mean_delL                             |
     |                            -.6163871                             |
     +------------------------------------------------------------------+

     +------------------------------------------------------------------+
 45. | cutoff | beta_1990 |  se_1990 |     F_90 | beta_2000 |  se_2000  |
     |   .922 | -.8365631 | .0853966 | 605.6008 | -.9702713 | .0681124  |
     |------------------------------------------------------------------|
     |  beta_all |   se_all | iqr_1990 | iqr_2000 |  iqr_all | mean_IPW |
     | -.9353061 | .0527515 | 1.058737 | 1.889121 | 1.626779 | 1.164546 |
     |------------------------------------------------------------------|
     |                            mean_delL                             |
     |                            -.6058663                             |
     +------------------------------------------------------------------+

     +------------------------------------------------------------------+
 46. | cutoff | beta_1990 |  se_1990 |     F_90 | beta_2000 |  se_2000  |
     |  .9225 | -.8402743 | .0858107 | 602.0873 | -.9896549 |  .069038  |
     |------------------------------------------------------------------|
     |  beta_all |   se_all | iqr_1990 | iqr_2000 |  iqr_all | mean_IPW |
     | -.9502267 | .0533962 |  1.06016 | 1.886308 | 1.608771 | 1.161695 |
     |------------------------------------------------------------------|
     |                            mean_delL                             |
     |                            -.5837524                             |
     +------------------------------------------------------------------+

     +------------------------------------------------------------------+
 47. | cutoff | beta_1990 |  se_1990 |     F_90 | beta_2000 |  se_2000  |
     |   .923 | -.8397368 | .0861636 | 596.8927 | -.9885195 | .0692418  |
     |------------------------------------------------------------------|
     |  beta_all |   se_all | iqr_1990 | iqr_2000 |  iqr_all | mean_IPW |
     | -.9492602 | .0535768 |   1.0605 | 1.889345 | 1.610943 | 1.166589 |
     |------------------------------------------------------------------|
     |                            mean_delL                             |
     |                            -.5894639                             |
     +------------------------------------------------------------------+

     +------------------------------------------------------------------+
 48. | cutoff | beta_1990 |  se_1990 |     F_90 | beta_2000 |  se_2000  |
     |  .9235 | -.8451642 | .0866515 | 589.6075 | -.9895895 | .0695323  |
     |------------------------------------------------------------------|
     |  beta_all |   se_all | iqr_1990 | iqr_2000 |  iqr_all | mean_IPW |
     |  -.951398 | .0538375 | 1.056931 | 1.921014 | 1.612284 | 1.168615 |
     |------------------------------------------------------------------|
     |                            mean_delL                             |
     |                             -.601629                             |
     +------------------------------------------------------------------+

     +------------------------------------------------------------------+
 49. | cutoff | beta_1990 |  se_1990 |     F_90 | beta_2000 |  se_2000  |
     |   .924 | -.8564862 |  .088349 | 599.3315 | -.9815115 | .0689637  |
     |------------------------------------------------------------------|
     |  beta_all |   se_all | iqr_1990 | iqr_2000 |  iqr_all | mean_IPW |
     | -.9488128 | .0537263 | 1.057689 | 1.917795 |  1.62889 | 1.164398 |
     |------------------------------------------------------------------|
     |                            mean_delL                             |
     |                            -.6060004                             |
     +------------------------------------------------------------------+

     +------------------------------------------------------------------+
 50. | cutoff | beta_1990 |  se_1990 |     F_90 | beta_2000 |  se_2000  |
     |  .9245 | -.8574648 | .0886332 |  596.158 | -.9831918 | .0692665  |
     |------------------------------------------------------------------|
     |  beta_all |   se_all | iqr_1990 | iqr_2000 |  iqr_all | mean_IPW |
     | -.9502808 | .0539494 | 1.057689 | 1.904816 | 1.624034 | 1.165372 |
     |------------------------------------------------------------------|
     |                            mean_delL                             |
     |                            -.6049308                             |
     +------------------------------------------------------------------+

     +------------------------------------------------------------------+
 51. | cutoff | beta_1990 |  se_1990 |     F_90 | beta_2000 |  se_2000  |
     |   .925 | -.8565364 | .0886949 | 593.3576 | -.9833856 |  .069442  |
     |------------------------------------------------------------------|
     |  beta_all |   se_all | iqr_1990 | iqr_2000 |  iqr_all | mean_IPW |
     | -.9501812 | .0540494 | 1.057689 | 1.902604 | 1.623519 | 1.168202 |
     |------------------------------------------------------------------|
     |                            mean_delL                             |
     |                            -.6118183                             |
     +------------------------------------------------------------------+

     +------------------------------------------------------------------+
 52. | cutoff | beta_1990 |  se_1990 |     F_90 | beta_2000 |  se_2000  |
     |  .9255 | -.8384378 | .0880166 | 597.1606 | -.9826813 |  .069629  |
     |------------------------------------------------------------------|
     |  beta_all |   se_all | iqr_1990 | iqr_2000 |  iqr_all | mean_IPW |
     | -.9450158 | .0540513 | 1.054301 | 1.912499 | 1.629387 | 1.162407 |
     |------------------------------------------------------------------|
     |                            mean_delL                             |
     |                            -.6214672                             |
     +------------------------------------------------------------------+

     +------------------------------------------------------------------+
 53. | cutoff | beta_1990 |  se_1990 |     F_90 | beta_2000 |  se_2000  |
     |   .926 | -.8417443 | .0885444 | 595.7558 | -.9833221 | .0698816  |
     |------------------------------------------------------------------|
     |  beta_all |   se_all | iqr_1990 | iqr_2000 |  iqr_all | mean_IPW |
     | -.9463651 | .0542889 | 1.046102 | 1.901156 | 1.625544 | 1.162843 |
     |------------------------------------------------------------------|
     |                            mean_delL                             |
     |                            -.6318052                             |
     +------------------------------------------------------------------+

     +------------------------------------------------------------------+
 54. | cutoff | beta_1990 |  se_1990 |     F_90 | beta_2000 |  se_2000  |
     |  .9265 | -.8416976 | .0888259 | 591.0049 | -.9836195 | .0701604  |
     |------------------------------------------------------------------|
     |  beta_all |   se_all | iqr_1990 | iqr_2000 |  iqr_all | mean_IPW |
     | -.9465619 | .0544905 | 1.043262 | 1.899952 | 1.626056 | 1.168425 |
     |------------------------------------------------------------------|
     |                            mean_delL                             |
     |                            -.6402389                             |
     +------------------------------------------------------------------+

     +------------------------------------------------------------------+
 55. | cutoff | beta_1990 |  se_1990 |     F_90 | beta_2000 |  se_2000  |
     |   .927 | -.8425998 | .0889546 | 589.1985 |  -.983782 | .0702423  |
     |------------------------------------------------------------------|
     |  beta_all |   se_all | iqr_1990 | iqr_2000 |  iqr_all | mean_IPW |
     |  -.946925 |   .05456 | 1.042514 | 1.897597 | 1.623025 | 1.170621 |
     |------------------------------------------------------------------|
     |                            mean_delL                             |
     |                            -.6485403                             |
     +------------------------------------------------------------------+

     +------------------------------------------------------------------+
 56. | cutoff | beta_1990 |  se_1990 |     F_90 | beta_2000 |  se_2000  |
     |  .9275 | -.8433029 | .0892644 | 584.6116 | -.9841056 | .0705542  |
     |------------------------------------------------------------------|
     |  beta_all |   se_all | iqr_1990 | iqr_2000 |  iqr_all | mean_IPW |
     | -.9473309 | .0547817 | 1.035393 | 1.884351 | 1.618389 | 1.176211 |
     |------------------------------------------------------------------|
     |                            mean_delL                             |
     |                            -.6539739                             |
     +------------------------------------------------------------------+

     +------------------------------------------------------------------+
 57. | cutoff | beta_1990 |  se_1990 |     F_90 | beta_2000 |  se_2000  |
     |   .928 |  -.843603 |  .089677 | 578.7203 | -.9828243 | .0707947  |
     |------------------------------------------------------------------|
     |  beta_all |   se_all | iqr_1990 | iqr_2000 |  iqr_all | mean_IPW |
     | -.9464815 |  .054986 | 1.031479 | 1.889995 | 1.616679 | 1.181255 |
     |------------------------------------------------------------------|
     |                            mean_delL                             |
     |                            -.6540594                             |
     +------------------------------------------------------------------+

     +------------------------------------------------------------------+
 58. | cutoff | beta_1990 |  se_1990 |     F_90 | beta_2000 |  se_2000  |
     |  .9285 | -.8437614 | .0896945 | 580.4084 | -.9815139 | .0710064  |
     |------------------------------------------------------------------|
     |  beta_all |   se_all | iqr_1990 | iqr_2000 |  iqr_all | mean_IPW |
     | -.9455026 | .0551098 | 1.027075 | 1.889995 | 1.615229 | 1.182297 |
     |------------------------------------------------------------------|
     |                            mean_delL                             |
     |                            -.6674913                             |
     +------------------------------------------------------------------+

     +------------------------------------------------------------------+
 59. | cutoff | beta_1990 |  se_1990 |     F_90 | beta_2000 |  se_2000  |
     |   .929 | -.8453701 | .0900459 | 574.1028 | -.9839651 | .0706497  |
     |------------------------------------------------------------------|
     |  beta_all |   se_all | iqr_1990 | iqr_2000 |  iqr_all | mean_IPW |
     | -.9477241 | .0550476 | 1.024445 | 1.915584 | 1.614898 |  1.18769 |
     |------------------------------------------------------------------|
     |                            mean_delL                             |
     |                            -.6822426                             |
     +------------------------------------------------------------------+

     +------------------------------------------------------------------+
 60. | cutoff | beta_1990 |  se_1990 |     F_90 | beta_2000 |  se_2000  |
     |  .9295 |   -.84505 | .0902595 | 577.2755 | -.9850161 | .0709426  |
     |------------------------------------------------------------------|
     |  beta_all |   se_all | iqr_1990 | iqr_2000 |  iqr_all | mean_IPW |
     | -.9483654 | .0552464 | 1.021237 | 1.886556 | 1.610553 | 1.188648 |
     |------------------------------------------------------------------|
     |                            mean_delL                             |
     |                            -.6802609                             |
     +------------------------------------------------------------------+

     +------------------------------------------------------------------+
 61. | cutoff | beta_1990 |  se_1990 |     F_90 | beta_2000 |  se_2000  |
     |    .93 |  -.845118 | .0909585 | 569.7864 | -.9895579 | .0713472  |
     |------------------------------------------------------------------|
     |  beta_all |   se_all | iqr_1990 | iqr_2000 |  iqr_all | mean_IPW |
     | -.9516701 | .0555749 | 1.022165 | 1.872715 | 1.600692 | 1.184711 |
     |------------------------------------------------------------------|
     |                            mean_delL                             |
     |                            -.6782168                             |
     +------------------------------------------------------------------+

     +------------------------------------------------------------------+
 62. | cutoff | beta_1990 |  se_1990 |     F_90 | beta_2000 |  se_2000  |
     |  .9305 | -.8506058 | .0916495 | 561.3603 | -.9860396 | .0714039  |
     |------------------------------------------------------------------|
     |  beta_all |   se_all | iqr_1990 | iqr_2000 |  iqr_all | mean_IPW |
     | -.9506151 |  .055733 | 1.020338 | 1.866808 | 1.593949 | 1.187834 |
     |------------------------------------------------------------------|
     |                            mean_delL                             |
     |                            -.6744131                             |
     +------------------------------------------------------------------+

     +------------------------------------------------------------------+
 63. | cutoff | beta_1990 |  se_1990 |     F_90 | beta_2000 |  se_2000  |
     |   .931 | -.8502806 | .0918766 | 557.0529 | -.9863946 |  .071692  |
     |------------------------------------------------------------------|
     |  beta_all |   se_all | iqr_1990 | iqr_2000 |  iqr_all | mean_IPW |
     | -.9507769 | .0559217 | 1.018701 | 1.898374 | 1.590442 | 1.187932 |
     |------------------------------------------------------------------|
     |                            mean_delL                             |
     |                            -.6839505                             |
     +------------------------------------------------------------------+

     +------------------------------------------------------------------+
 64. | cutoff | beta_1990 |  se_1990 |     F_90 | beta_2000 |  se_2000  |
     |  .9315 | -.8530791 | .0922408 | 553.9257 |  -.986143 | .0718119  |
     |------------------------------------------------------------------|
     |  beta_all |   se_all | iqr_1990 | iqr_2000 |  iqr_all | mean_IPW |
     | -.9513171 | .0560663 | 1.010018 | 1.913578 | 1.594273 | 1.192509 |
     |------------------------------------------------------------------|
     |                            mean_delL                             |
     |                            -.6884915                             |
     +------------------------------------------------------------------+

     +------------------------------------------------------------------+
 65. | cutoff | beta_1990 |  se_1990 |     F_90 | beta_2000 |  se_2000  |
     |   .932 | -.8519668 | .0924004 | 552.6621 | -.9902277 |   .07226  |
     |------------------------------------------------------------------|
     |  beta_all |   se_all | iqr_1990 | iqr_2000 |  iqr_all | mean_IPW |
     | -.9538971 |   .05635 | 1.004219 | 1.922547 | 1.585661 | 1.197514 |
     |------------------------------------------------------------------|
     |                            mean_delL                             |
     |                            -.6958904                             |
     +------------------------------------------------------------------+

     +------------------------------------------------------------------+
 66. | cutoff | beta_1990 |  se_1990 |     F_90 | beta_2000 |  se_2000  |
     |  .9325 | -.8516223 | .0930355 | 543.6575 | -.9892907 | .0724718  |
     |------------------------------------------------------------------|
     |  beta_all |   se_all | iqr_1990 | iqr_2000 |  iqr_all | mean_IPW |
     | -.9531049 | .0566032 | 1.002934 | 1.924823 |  1.58987 | 1.204257 |
     |------------------------------------------------------------------|
     |                            mean_delL                             |
     |                            -.7097058                             |
     +------------------------------------------------------------------+

     +------------------------------------------------------------------+
 67. | cutoff | beta_1990 |  se_1990 |     F_90 | beta_2000 |  se_2000  |
     |   .933 | -.8506682 | .0933193 | 539.7925 | -.9889359 | .0726884  |
     |------------------------------------------------------------------|
     |  beta_all |   se_all | iqr_1990 | iqr_2000 |  iqr_all | mean_IPW |
     | -.9525964 | .0567737 | 1.002799 | 1.919613 | 1.585714 | 1.208303 |
     |------------------------------------------------------------------|
     |                            mean_delL                             |
     |                            -.7079948                             |
     +------------------------------------------------------------------+

     +------------------------------------------------------------------+
 68. | cutoff | beta_1990 |  se_1990 |     F_90 | beta_2000 |  se_2000  |
     |  .9335 | -.8560651 | .0940129 | 538.1472 | -.9911109 | .0728072  |
     |------------------------------------------------------------------|
     |  beta_all |   se_all | iqr_1990 | iqr_2000 |  iqr_all | mean_IPW |
     | -.9557106 | .0569854 | 1.002799 | 1.905557 | 1.587311 | 1.194419 |
     |------------------------------------------------------------------|
     |                            mean_delL                             |
     |                            -.7162039                             |
     +------------------------------------------------------------------+

     +------------------------------------------------------------------+
 69. | cutoff | beta_1990 |  se_1990 |     F_90 | beta_2000 |  se_2000  |
     |   .934 | -.8561789 | .0943734 | 533.7482 | -.9935729 |  .073048  |
     |------------------------------------------------------------------|
     |  beta_all |   se_all | iqr_1990 | iqr_2000 |  iqr_all | mean_IPW |
     | -.9575461 | .0571877 |  1.00123 | 1.919613 | 1.579818 | 1.199757 |
     |------------------------------------------------------------------|
     |                            mean_delL                             |
     |                            -.7155973                             |
     +------------------------------------------------------------------+

     +------------------------------------------------------------------+
 70. | cutoff | beta_1990 |  se_1990 |     F_90 | beta_2000 |  se_2000  |
     |  .9345 | -.8760164 | .0955167 | 539.2452 | -1.029427 | .0749317  |
     |------------------------------------------------------------------|
     |  beta_all |   se_all | iqr_1990 | iqr_2000 |  iqr_all | mean_IPW |
     | -.9887075 | .0584081 |   .99727 | 1.913524 | 1.573746 | 1.185881 |
     |------------------------------------------------------------------|
     |                            mean_delL                             |
     |                            -.7281744                             |
     +------------------------------------------------------------------+

     +------------------------------------------------------------------+
 71. | cutoff | beta_1990 |  se_1990 |     F_90 | beta_2000 |  se_2000  |
     |   .935 | -.8781965 | .0960491 | 533.3281 | -1.029256 | .0753025  |
     |------------------------------------------------------------------|
     |  beta_all |   se_all | iqr_1990 | iqr_2000 |  iqr_all | mean_IPW |
     | -.9891627 | .0587152 | .9921722 | 1.915248 | 1.572099 |  1.18806 |
     |------------------------------------------------------------------|
     |                            mean_delL                             |
     |                             -.741703                             |
     +------------------------------------------------------------------+

     +------------------------------------------------------------------+
 72. | cutoff | beta_1990 |  se_1990 |     F_90 | beta_2000 |  se_2000  |
     |  .9355 | -.8743029 | .0961971 | 527.8298 | -1.024099 |  .075309  |
     |------------------------------------------------------------------|
     |  beta_all |   se_all | iqr_1990 | iqr_2000 |  iqr_all | mean_IPW |
     | -.9843422 | .0587507 | .9862092 | 1.903185 | 1.566337 | 1.191648 |
     |------------------------------------------------------------------|
     |                            mean_delL                             |
     |                             -.729966                             |
     +------------------------------------------------------------------+

     +------------------------------------------------------------------+
 73. | cutoff | beta_1990 |  se_1990 |     F_90 | beta_2000 |  se_2000  |
     |   .936 | -.8638542 | .0963582 | 530.0353 | -1.046469 |  .077002  |
     |------------------------------------------------------------------|
     |  beta_all |   se_all | iqr_1990 | iqr_2000 |  iqr_all | mean_IPW |
     | -.9973556 | .0597549 | .9877305 | 1.909749 | 1.562534 | 1.197721 |
     |------------------------------------------------------------------|
     |                            mean_delL                             |
     |                            -.7237325                             |
     +------------------------------------------------------------------+

     +------------------------------------------------------------------+
 74. | cutoff | beta_1990 |  se_1990 |     F_90 | beta_2000 |  se_2000  |
     |  .9365 |   -.86498 | .0967879 | 525.6908 | -1.045229 | .0772398  |
     |------------------------------------------------------------------|
     |  beta_all |   se_all | iqr_1990 | iqr_2000 |  iqr_all | mean_IPW |
     | -.9967684 | .0599714 | .9875457 | 1.909734 | 1.565341 |  1.20384 |
     |------------------------------------------------------------------|
     |                            mean_delL                             |
     |                            -.7347003                             |
     +------------------------------------------------------------------+

     +------------------------------------------------------------------+
 75. | cutoff | beta_1990 |  se_1990 |     F_90 | beta_2000 |  se_2000  |
     |   .937 |  -.865844 | .0974167 | 519.3459 | -1.045673 | .0777126  |
     |------------------------------------------------------------------|
     |  beta_all |   se_all | iqr_1990 | iqr_2000 |  iqr_all | mean_IPW |
     | -.9973311 | .0603482 |  .989218 | 1.898549 |  1.55922 | 1.208989 |
     |------------------------------------------------------------------|
     |                            mean_delL                             |
     |                            -.7360702                             |
     +------------------------------------------------------------------+

     +------------------------------------------------------------------+
 76. | cutoff | beta_1990 |  se_1990 |     F_90 | beta_2000 |  se_2000  |
     |  .9375 | -.8652477 | .0987695 |   515.34 | -1.042333 | .0787647  |
     |------------------------------------------------------------------|
     |  beta_all |   se_all | iqr_1990 | iqr_2000 |  iqr_all | mean_IPW |
     | -.9947395 | .0611501 | .9886699 | 1.875542 | 1.558024 | 1.197028 |
     |------------------------------------------------------------------|
     |                            mean_delL                             |
     |                            -.7363577                             |
     +------------------------------------------------------------------+

     +------------------------------------------------------------------+
 77. | cutoff | beta_1990 |  se_1990 |     F_90 | beta_2000 |  se_2000  |
     |   .938 | -.8629571 | .0991752 | 509.0484 | -1.042135 |  .079527  |
     |------------------------------------------------------------------|
     |  beta_all |   se_all | iqr_1990 | iqr_2000 |  iqr_all | mean_IPW |
     | -.9939924 | .0616167 | .9821377 | 1.876154 | 1.557477 | 1.198322 |
     |------------------------------------------------------------------|
     |                            mean_delL                             |
     |                            -.7212874                             |
     +------------------------------------------------------------------+

     +------------------------------------------------------------------+
 78. | cutoff | beta_1990 |  se_1990 |     F_90 | beta_2000 |  se_2000  |
     |  .9385 | -.8770238 | .1014639 | 503.4623 | -1.050352 | .0795033  |
     |------------------------------------------------------------------|
     |  beta_all |   se_all | iqr_1990 | iqr_2000 |  iqr_all | mean_IPW |
     | -1.004355 | .0619825 | .9819394 | 1.905706 | 1.551194 | 1.195331 |
     |------------------------------------------------------------------|
     |                            mean_delL                             |
     |                            -.7404804                             |
     +------------------------------------------------------------------+

     +------------------------------------------------------------------+
 79. | cutoff | beta_1990 |  se_1990 |     F_90 | beta_2000 |  se_2000  |
     |   .939 | -.8745236 |  .102304 | 495.0256 | -1.057458 | .0795453  |
     |------------------------------------------------------------------|
     |  beta_all |   se_all | iqr_1990 | iqr_2000 |  iqr_all | mean_IPW |
     | -1.008799 | .0621281 | 1.008622 | 1.911527 | 1.562064 | 1.206781 |
     |------------------------------------------------------------------|
     |                            mean_delL                             |
     |                            -.7600433                             |
     +------------------------------------------------------------------+

     +------------------------------------------------------------------+
 80. | cutoff | beta_1990 |  se_1990 |     F_90 | beta_2000 |  se_2000  |
     |  .9395 | -.8713763 | .1026197 | 491.1389 | -1.055896 | .0798493  |
     |------------------------------------------------------------------|
     |  beta_all |   se_all | iqr_1990 | iqr_2000 |  iqr_all | mean_IPW |
     | -1.006814 | .0623478 | 1.014371 | 1.911032 | 1.560176 | 1.214624 |
     |------------------------------------------------------------------|
     |                            mean_delL                             |
     |                            -.7633709                             |
     +------------------------------------------------------------------+

     +------------------------------------------------------------------+
 81. | cutoff | beta_1990 |  se_1990 |     F_90 | beta_2000 |  se_2000  |
     |    .94 | -.8703812 | .1029245 | 486.9321 | -1.054402 | .0800682  |
     |------------------------------------------------------------------|
     |  beta_all |   se_all | iqr_1990 | iqr_2000 |  iqr_all | mean_IPW |
     | -1.005394 | .0625397 | 1.007372 | 1.911085 | 1.558343 | 1.218719 |
     |------------------------------------------------------------------|
     |                            mean_delL                             |
     |                            -.7740203                             |
     +------------------------------------------------------------------+

     +------------------------------------------------------------------+
 82. | cutoff | beta_1990 |  se_1990 |     F_90 | beta_2000 |  se_2000  |
     |  .9405 | -.8672984 | .1034441 | 481.2736 |  -1.05519 | .0803712  |
     |------------------------------------------------------------------|
     |  beta_all |   se_all | iqr_1990 | iqr_2000 |  iqr_all | mean_IPW |
     | -1.005193 | .0628191 | 1.007372 | 1.896897 | 1.553871 | 1.219493 |
     |------------------------------------------------------------------|
     |                            mean_delL                             |
     |                            -.7861145                             |
     +------------------------------------------------------------------+

     +------------------------------------------------------------------+
 83. | cutoff | beta_1990 |  se_1990 |     F_90 | beta_2000 |  se_2000  |
     |   .941 |  -.921535 |  .110061 | 501.4853 | -1.084833 | .0803537  |
     |------------------------------------------------------------------|
     |  beta_all |   se_all | iqr_1990 | iqr_2000 |  iqr_all | mean_IPW |
     | -1.042453 | .0636279 | 1.007372 | 1.897935 | 1.571621 | 1.189743 |
     |------------------------------------------------------------------|
     |                            mean_delL                             |
     |                            -.7939739                             |
     +------------------------------------------------------------------+

     +------------------------------------------------------------------+
 84. | cutoff | beta_1990 |  se_1990 |     F_90 | beta_2000 |  se_2000  |
     |  .9415 | -.9213688 | .1113545 | 491.7759 | -1.087987 | .0816182  |
     |------------------------------------------------------------------|
     |  beta_all |   se_all | iqr_1990 | iqr_2000 |  iqr_all | mean_IPW |
     |  -1.04459 | .0645776 | 1.000888 | 1.884103 | 1.617484 | 1.197465 |
     |------------------------------------------------------------------|
     |                            mean_delL                             |
     |                              -.81337                             |
     +------------------------------------------------------------------+

     +------------------------------------------------------------------+
 85. | cutoff | beta_1990 |  se_1990 |     F_90 | beta_2000 |  se_2000  |
     |   .942 | -.9178469 | .1123542 | 483.8906 | -1.087853 | .0826528  |
     |------------------------------------------------------------------|
     |  beta_all |   se_all | iqr_1990 | iqr_2000 |  iqr_all | mean_IPW |
     | -1.043348 | .0653659 | .9987677 | 1.895158 | 1.622429 | 1.199615 |
     |------------------------------------------------------------------|
     |                            mean_delL                             |
     |                            -.8188718                             |
     +------------------------------------------------------------------+

     +------------------------------------------------------------------+
 86. | cutoff | beta_1990 |  se_1990 |     F_90 | beta_2000 |  se_2000  |
     |  .9425 |  -.913026 |  .112533 | 477.1641 | -1.086038 | .0831673  |
     |------------------------------------------------------------------|
     |  beta_all |   se_all | iqr_1990 | iqr_2000 |  iqr_all | mean_IPW |
     | -1.040706 | .0656594 | 1.002389 | 1.895158 |  1.62482 | 1.208254 |
     |------------------------------------------------------------------|
     |                            mean_delL                             |
     |                            -.8420938                             |
     +------------------------------------------------------------------+

     +------------------------------------------------------------------+
 87. | cutoff | beta_1990 |  se_1990 |     F_90 | beta_2000 |  se_2000  |
     |   .943 | -.9583954 | .1156345 | 461.9616 | -1.105898 | .0848466  |
     |------------------------------------------------------------------|
     |  beta_all |   se_all | iqr_1990 | iqr_2000 |  iqr_all | mean_IPW |
     | -1.067601 | .0671094 | 1.004568 | 1.858188 | 1.617822 | 1.195639 |
     |------------------------------------------------------------------|
     |                            mean_delL                             |
     |                              -.85052                             |
     +------------------------------------------------------------------+

     +------------------------------------------------------------------+
 88. | cutoff | beta_1990 |  se_1990 |     F_90 | beta_2000 |  se_2000  |
     |  .9435 | -.9508983 | .1158115 | 456.6928 | -1.105577 | .0853016  |
     |------------------------------------------------------------------|
     |  beta_all |   se_all | iqr_1990 | iqr_2000 |  iqr_all | mean_IPW |
     | -1.065418 | .0673785 | 1.005959 | 1.872256 | 1.638927 | 1.204134 |
     |------------------------------------------------------------------|
     |                            mean_delL                             |
     |                            -.8532558                             |
     +------------------------------------------------------------------+

     +------------------------------------------------------------------+
 89. | cutoff | beta_1990 |  se_1990 |     F_90 | beta_2000 |  se_2000  |
     |   .944 | -.9540012 | .1167667 | 451.8702 | -1.100956 | .0861198  |
     |------------------------------------------------------------------|
     |  beta_all |   se_all | iqr_1990 | iqr_2000 |  iqr_all | mean_IPW |
     | -1.062786 |  .068025 | 1.005599 |  1.89198 | 1.635594 |  1.22102 |
     |------------------------------------------------------------------|
     |                            mean_delL                             |
     |                            -.8687341                             |
     +------------------------------------------------------------------+

     +------------------------------------------------------------------+
 90. | cutoff | beta_1990 |  se_1990 |     F_90 | beta_2000 |  se_2000  |
     |  .9445 |  -.952657 | .1165601 | 448.6045 | -1.099779 | .0862739  |
     |------------------------------------------------------------------|
     |  beta_all |   se_all | iqr_1990 | iqr_2000 |  iqr_all | mean_IPW |
     | -1.061512 | .0680606 | 1.025192 | 1.886064 | 1.637088 | 1.221409 |
     |------------------------------------------------------------------|
     |                            mean_delL                             |
     |                            -.8867505                             |
     +------------------------------------------------------------------+

     +------------------------------------------------------------------+
 91. | cutoff | beta_1990 |  se_1990 |     F_90 | beta_2000 |  se_2000  |
     |   .945 | -.9615848 | .1169379 | 443.6314 | -1.100078 | .0869978  |
     |------------------------------------------------------------------|
     |  beta_all |   se_all | iqr_1990 | iqr_2000 |  iqr_all | mean_IPW |
     | -1.063977 | .0684588 | 1.004076 | 1.873332 | 1.635039 | 1.221477 |
     |------------------------------------------------------------------|
     |                            mean_delL                             |
     |                            -.9015781                             |
     +------------------------------------------------------------------+

     +------------------------------------------------------------------+
 92. | cutoff | beta_1990 |  se_1990 |     F_90 | beta_2000 |  se_2000  |
     |  .9455 |   -.95127 | .1170706 | 452.7932 | -1.099858 | .0873141  |
     |------------------------------------------------------------------|
     |  beta_all |   se_all | iqr_1990 | iqr_2000 |  iqr_all | mean_IPW |
     | -1.061021 | .0686714 | 1.013829 | 1.881993 | 1.629577 | 1.218191 |
     |------------------------------------------------------------------|
     |                            mean_delL                             |
     |                            -.9085523                             |
     +------------------------------------------------------------------+

     +------------------------------------------------------------------+
 93. | cutoff | beta_1990 |  se_1990 |     F_90 | beta_2000 |  se_2000  |
     |   .946 | -.9282191 | .1140481 | 483.2578 | -1.099435 |  .087826  |
     |------------------------------------------------------------------|
     |  beta_all |   se_all | iqr_1990 | iqr_2000 |  iqr_all | mean_IPW |
     | -1.054493 | .0684545 | 1.080421 | 1.863654 | 1.629577 | 1.223433 |
     |------------------------------------------------------------------|
     |                            mean_delL                             |
     |                            -.9305347                             |
     +------------------------------------------------------------------+

     +------------------------------------------------------------------+
 94. | cutoff | beta_1990 |  se_1990 |     F_90 | beta_2000 |  se_2000  |
     |  .9465 | -.9299386 | .1153622 | 472.7218 | -1.101211 | .0884787  |
     |------------------------------------------------------------------|
     |  beta_all |   se_all | iqr_1990 | iqr_2000 |  iqr_all | mean_IPW |
     | -1.056376 | .0690477 |  1.08311 | 1.863509 | 1.631448 |  1.23104 |
     |------------------------------------------------------------------|
     |                            mean_delL                             |
     |                            -.9483571                             |
     +------------------------------------------------------------------+

     +------------------------------------------------------------------+
 95. | cutoff | beta_1990 |  se_1990 |     F_90 | beta_2000 |  se_2000  |
     |   .947 |  -.937848 | .1165358 | 473.1147 |  -1.11028 | .0893675  |
     |------------------------------------------------------------------|
     |  beta_all |   se_all | iqr_1990 | iqr_2000 |  iqr_all | mean_IPW |
     | -1.065254 | .0696782 | 1.074766 | 1.862349 | 1.636934 | 1.214353 |
     |------------------------------------------------------------------|
     |                            mean_delL                             |
     |                            -.9467947                             |
     +------------------------------------------------------------------+

     +------------------------------------------------------------------+
 96. | cutoff | beta_1990 |  se_1990 |     F_90 | beta_2000 |  se_2000  |
     |  .9475 | -.9110727 | .1170857 | 461.9904 | -1.082562 | .0895791  |
     |------------------------------------------------------------------|
     |  beta_all |   se_all | iqr_1990 | iqr_2000 |  iqr_all | mean_IPW |
     | -1.037709 | .0699293 | 1.087779 | 1.851319 | 1.630536 | 1.221148 |
     |------------------------------------------------------------------|
     |                            mean_delL                             |
     |                            -.9432521                             |
     +------------------------------------------------------------------+

     +------------------------------------------------------------------+
 97. | cutoff | beta_1990 |  se_1990 |     F_90 | beta_2000 |  se_2000  |
     |   .948 | -.9097196 | .1179501 | 447.8831 | -1.091291 | .0909162  |
     |------------------------------------------------------------------|
     |  beta_all |   se_all | iqr_1990 | iqr_2000 |  iqr_all | mean_IPW |
     | -1.043898 | .0707247 | 1.079799 | 1.823477 | 1.625051 | 1.223597 |
     |------------------------------------------------------------------|
     |                            mean_delL                             |
     |                            -.9411964                             |
     +------------------------------------------------------------------+

     +------------------------------------------------------------------+
 98. | cutoff | beta_1990 |  se_1990 |     F_90 | beta_2000 |  se_2000  |
     |  .9485 | -.9019065 | .1182052 | 446.9827 | -1.091757 | .0916058  |
     |------------------------------------------------------------------|
     |  beta_all |   se_all | iqr_1990 | iqr_2000 |  iqr_all | mean_IPW |
     | -1.042118 | .0711694 | 1.093784 | 1.821779 | 1.635858 | 1.230311 |
     |------------------------------------------------------------------|
     |                            mean_delL                             |
     |                            -.9402443                             |
     +------------------------------------------------------------------+

     +------------------------------------------------------------------+
 99. | cutoff | beta_1990 |  se_1990 |     F_90 | beta_2000 |  se_2000  |
     |   .949 | -.9014598 | .1179213 | 446.0132 | -1.081297 | .0914157  |
     |------------------------------------------------------------------|
     |  beta_all |   se_all | iqr_1990 | iqr_2000 |  iqr_all | mean_IPW |
     | -1.034187 | .0710129 | 1.090782 | 1.830941 | 1.635019 | 1.227052 |
     |------------------------------------------------------------------|
     |                            mean_delL                             |
     |                            -.9515021                             |
     +------------------------------------------------------------------+

     +------------------------------------------------------------------+
100. | cutoff | beta_1990 |  se_1990 |     F_90 | beta_2000 |  se_2000  |
     |  .9495 | -.9247581 | .1221861 | 426.1747 | -1.106103 |  .094663  |
     |------------------------------------------------------------------|
     |  beta_all |   se_all | iqr_1990 | iqr_2000 |  iqr_all | mean_IPW |
     | -1.058532 | .0735147 | 1.097529 | 1.839871 | 1.627003 | 1.216543 |
     |------------------------------------------------------------------|
     |                            mean_delL                             |
     |                            -.9556698                             |
     +------------------------------------------------------------------+

     +------------------------------------------------------------------+
101. | cutoff | beta_1990 |  se_1990 |     F_90 | beta_2000 |  se_2000  |
     |    .95 | -.9034177 | .1222393 | 424.1252 | -1.064104 | .0931414  |
     |------------------------------------------------------------------|
     |  beta_all |   se_all | iqr_1990 | iqr_2000 |  iqr_all | mean_IPW |
     |  -1.02202 | .0728378 | 1.089324 | 1.835152 | 1.625542 | 1.214973 |
     |------------------------------------------------------------------|
     |                            mean_delL                             |
     |                            -.9586314                             |
     +------------------------------------------------------------------+

     +------------------------------------------------------------------+
102. | cutoff | beta_1990 |  se_1990 |     F_90 | beta_2000 |  se_2000  |
     |  .9505 | -.8845106 | .1213433 | 423.0128 | -1.055184 | .0932272  |
     |------------------------------------------------------------------|
     |  beta_all |   se_all | iqr_1990 | iqr_2000 |  iqr_all | mean_IPW |
     |  -1.01061 | .0726474 | 1.077046 | 1.829525 | 1.629071 | 1.208458 |
     |------------------------------------------------------------------|
     |                            mean_delL                             |
     |                            -.9495839                             |
     +------------------------------------------------------------------+

     +------------------------------------------------------------------+
103. | cutoff | beta_1990 |  se_1990 |     F_90 | beta_2000 |  se_2000  |
     |   .951 | -.8831838 | .1222071 | 429.4045 | -1.053844 | .0937726  |
     |------------------------------------------------------------------|
     |  beta_all |   se_all | iqr_1990 | iqr_2000 |  iqr_all | mean_IPW |
     | -1.009257 | .0730923 | 1.078938 |  1.82531 | 1.624594 | 1.206866 |
     |------------------------------------------------------------------|
     |                            mean_delL                             |
     |                            -.9671766                             |
     +------------------------------------------------------------------+

     +------------------------------------------------------------------+
104. | cutoff | beta_1990 |  se_1990 |     F_90 | beta_2000 |  se_2000  |
     |  .9515 | -.8995538 | .1235804 | 425.3178 | -1.050804 | .0943701  |
     |------------------------------------------------------------------|
     |  beta_all |   se_all | iqr_1990 | iqr_2000 |  iqr_all | mean_IPW |
     |  -1.01141 | .0735782 | 1.074766 | 1.828842 | 1.614911 | 1.205759 |
     |------------------------------------------------------------------|
     |                            mean_delL                             |
     |                            -.9794881                             |
     +------------------------------------------------------------------+

     +------------------------------------------------------------------+
105. | cutoff | beta_1990 |  se_1990 |     F_90 | beta_2000 |  se_2000  |
     |   .952 |  -.898403 | .1257669 | 410.9308 | -1.049756 | .0951913  |
     |------------------------------------------------------------------|
     |  beta_all |   se_all | iqr_1990 | iqr_2000 |  iqr_all | mean_IPW |
     |   -1.0106 | .0743616 | 1.067025 | 1.784508 | 1.613854 | 1.203091 |
     |------------------------------------------------------------------|
     |                            mean_delL                             |
     |                            -.9868292                             |
     +------------------------------------------------------------------+

     +------------------------------------------------------------------+
106. | cutoff | beta_1990 |  se_1990 |     F_90 | beta_2000 |  se_2000  |
     |  .9525 | -.9021442 | .1264506 | 402.8407 | -1.041667 | .0959891  |
     |------------------------------------------------------------------|
     |  beta_all |   se_all | iqr_1990 | iqr_2000 |  iqr_all | mean_IPW |
     |  -1.00544 | .0748782 | 1.072241 | 1.766497 | 1.622593 | 1.211228 |
     |------------------------------------------------------------------|
     |                            mean_delL                             |
     |                              -.98168                             |
     +------------------------------------------------------------------+

     +------------------------------------------------------------------+
107. | cutoff | beta_1990 |  se_1990 |     F_90 | beta_2000 |  se_2000  |
     |   .953 | -.8906026 | .1264821 | 406.8435 | -1.052313 | .0976308  |
     |------------------------------------------------------------------|
     |  beta_all |   se_all | iqr_1990 | iqr_2000 |  iqr_all | mean_IPW |
     | -1.009646 | .0757411 | 1.024208 | 1.760048 | 1.615157 | 1.206339 |
     |------------------------------------------------------------------|
     |                            mean_delL                             |
     |                            -.9814554                             |
     +------------------------------------------------------------------+

     +------------------------------------------------------------------+
108. | cutoff | beta_1990 |  se_1990 |     F_90 | beta_2000 |  se_2000  |
     |  .9535 | -.8921653 |  .127022 |  402.942 | -1.051511 | .0981638  |
     |------------------------------------------------------------------|
     |  beta_all |   se_all | iqr_1990 | iqr_2000 |  iqr_all | mean_IPW |
     | -1.009448 | .0761339 | .9872717 | 1.772815 |  1.61876 | 1.210659 |
     |------------------------------------------------------------------|
     |                            mean_delL                             |
     |                            -.9937599                             |
     +------------------------------------------------------------------+

     +------------------------------------------------------------------+
109. | cutoff | beta_1990 |  se_1990 |     F_90 | beta_2000 |  se_2000  |
     |   .954 | -.8972181 | .1268524 | 409.1172 | -1.071163 | .0991615  |
     |------------------------------------------------------------------|
     |  beta_all |   se_all | iqr_1990 | iqr_2000 |  iqr_all | mean_IPW |
     | -1.025155 | .0764905 | 1.024208 |  1.76948 | 1.612409 | 1.206211 |
     |------------------------------------------------------------------|
     |                            mean_delL                             |
     |                            -1.006989                             |
     +------------------------------------------------------------------+

     +------------------------------------------------------------------+
110. | cutoff | beta_1990 |  se_1990 |     F_90 | beta_2000 |  se_2000  |
     |  .9545 |   -.90902 | .1299302 | 401.5461 | -1.070403 | .1000176  |
     |------------------------------------------------------------------|
     |  beta_all |   se_all | iqr_1990 | iqr_2000 |  iqr_all | mean_IPW |
     | -1.028173 | .0774642 |  .987884 | 1.808881 | 1.623329 | 1.197578 |
     |------------------------------------------------------------------|
     |                            mean_delL                             |
     |                            -1.009767                             |
     +------------------------------------------------------------------+

     +------------------------------------------------------------------+
111. | cutoff | beta_1990 |  se_1990 |     F_90 | beta_2000 |  se_2000  |
     |   .955 | -.9043231 |  .130496 | 400.1932 | -1.071266 | .1008884  |
     |------------------------------------------------------------------|
     |  beta_all |   se_all | iqr_1990 | iqr_2000 |  iqr_all | mean_IPW |
     | -1.027546 |  .078037 | 1.060907 | 1.828842 | 1.619105 | 1.201021 |
     |------------------------------------------------------------------|
     |                            mean_delL                             |
     |                            -1.025479                             |
     +------------------------------------------------------------------+

     +------------------------------------------------------------------+
112. | cutoff | beta_1990 |  se_1990 |     F_90 | beta_2000 |  se_2000  |
     |  .9555 | -.8885114 | .1305774 | 397.5293 | -1.057488 | .1010386  |
     |------------------------------------------------------------------|
     |  beta_all |   se_all | iqr_1990 | iqr_2000 |  iqr_all | mean_IPW |
     | -1.013112 | .0781484 | .9932534 | 1.812366 | 1.601619 | 1.201737 |
     |------------------------------------------------------------------|
     |                            mean_delL                             |
     |                            -1.020569                             |
     +------------------------------------------------------------------+

     +------------------------------------------------------------------+
113. | cutoff | beta_1990 |  se_1990 |     F_90 | beta_2000 |  se_2000  |
     |   .956 | -.8777254 | .1308368 | 392.2413 | -1.052327 | .1008986  |
     |------------------------------------------------------------------|
     |  beta_all |   se_all | iqr_1990 | iqr_2000 |  iqr_all | mean_IPW |
     | -1.006426 | .0781973 | 1.066277 | 1.812366 | 1.612467 | 1.208382 |
     |------------------------------------------------------------------|
     |                            mean_delL                             |
     |                            -1.011968                             |
     +------------------------------------------------------------------+

     +------------------------------------------------------------------+
114. | cutoff | beta_1990 |  se_1990 |     F_90 | beta_2000 |  se_2000  |
     |  .9565 | -.8220798 | .1300583 | 392.4915 | -1.061171 | .0978504  |
     |------------------------------------------------------------------|
     |  beta_all |   se_all | iqr_1990 | iqr_2000 |  iqr_all | mean_IPW |
     | -.9984016 | .0762185 | 1.039665 | 1.829446 | 1.630512 |  1.20861 |
     |------------------------------------------------------------------|
     |                            mean_delL                             |
     |                            -1.017423                             |
     +------------------------------------------------------------------+

     +------------------------------------------------------------------+
115. | cutoff | beta_1990 |  se_1990 |     F_90 | beta_2000 |  se_2000  |
     |   .957 | -.8241405 | .1273978 | 391.4397 | -1.060677 | .0986742  |
     |------------------------------------------------------------------|
     |  beta_all |   se_all | iqr_1990 | iqr_2000 |  iqr_all | mean_IPW |
     | -.9984101 | .0759975 | 1.077099 | 1.837047 | 1.629507 | 1.208012 |
     |------------------------------------------------------------------|
     |                            mean_delL                             |
     |                            -1.097031                             |
     +------------------------------------------------------------------+

     +------------------------------------------------------------------+
116. | cutoff | beta_1990 |  se_1990 |     F_90 | beta_2000 |  se_2000  |
     |  .9575 | -.8239181 |   .12782 | 387.4677 | -1.058787 | .0989167  |
     |------------------------------------------------------------------|
     |  beta_all |   se_all | iqr_1990 | iqr_2000 |  iqr_all | mean_IPW |
     | -.9968232 | .0761905 | 1.078867 | 1.839739 | 1.638613 | 1.209669 |
     |------------------------------------------------------------------|
     |                            mean_delL                             |
     |                            -1.109184                             |
     +------------------------------------------------------------------+

     +------------------------------------------------------------------+
117. | cutoff | beta_1990 |  se_1990 |     F_90 | beta_2000 |  se_2000  |
     |   .958 | -.8346997 | .1247413 | 431.6656 | -1.056218 |  .099093  |
     |------------------------------------------------------------------|
     |  beta_all |   se_all | iqr_1990 | iqr_2000 |  iqr_all | mean_IPW |
     | -.9979222 | .0758861 | 1.031116 | 1.839739 | 1.636531 | 1.209074 |
     |------------------------------------------------------------------|
     |                            mean_delL                             |
     |                            -1.104823                             |
     +------------------------------------------------------------------+

     +------------------------------------------------------------------+
118. | cutoff | beta_1990 |  se_1990 |     F_90 | beta_2000 |  se_2000  |
     |  .9585 | -.8195794 | .1251155 | 432.9279 | -1.058908 | .1001433  |
     |------------------------------------------------------------------|
     |  beta_all |   se_all | iqr_1990 | iqr_2000 |  iqr_all | mean_IPW |
     |  -.995897 | .0765192 | 1.001217 | 1.826597 | 1.608343 | 1.198589 |
     |------------------------------------------------------------------|
     |                            mean_delL                             |
     |                            -1.085901                             |
     +------------------------------------------------------------------+

     +------------------------------------------------------------------+
119. | cutoff | beta_1990 |  se_1990 |     F_90 | beta_2000 |  se_2000  |
     |   .959 | -.8453382 |  .127979 | 418.1171 | -1.060438 | .1005792  |
     |------------------------------------------------------------------|
     |  beta_all |   se_all | iqr_1990 | iqr_2000 |  iqr_all | mean_IPW |
     | -1.004817 | .0772151 | 1.000947 | 1.822968 | 1.602695 | 1.189935 |
     |------------------------------------------------------------------|
     |                            mean_delL                             |
     |                             -1.08653                             |
     +------------------------------------------------------------------+

     +------------------------------------------------------------------+
120. | cutoff | beta_1990 |  se_1990 |     F_90 | beta_2000 |  se_2000  |
     |  .9595 | -.8390078 | .1309564 | 401.4799 | -1.046224 | .1012389  |
     |------------------------------------------------------------------|
     |  beta_all |   se_all | iqr_1990 | iqr_2000 |  iqr_all | mean_IPW |
     | -.9934826 | .0780907 | .9828539 | 1.811719 | 1.577564 | 1.182953 |
     |------------------------------------------------------------------|
     |                            mean_delL                             |
     |                            -1.108637                             |
     +------------------------------------------------------------------+

     +------------------------------------------------------------------+
121. | cutoff | beta_1990 |  se_1990 |     F_90 | beta_2000 |  se_2000  |
     |    .96 | -.8519804 | .1346057 | 396.7849 | -1.044457 | .1019483  |
     |------------------------------------------------------------------|
     |  beta_all |   se_all | iqr_1990 | iqr_2000 |  iqr_all | mean_IPW |
     | -.9963778 | .0790241 |  .981009 | 1.808126 | 1.565407 | 1.177349 |
     |------------------------------------------------------------------|
     |                            mean_delL                             |
     |                            -1.108935                             |
     +------------------------------------------------------------------+

     +------------------------------------------------------------------+
122. | cutoff | beta_1990 |  se_1990 |     F_90 | beta_2000 |  se_2000  |
     |  .9605 | -.8480765 | .1358519 | 389.3515 | -1.049248 | .1032123  |
     |------------------------------------------------------------------|
     |  beta_all |   se_all | iqr_1990 | iqr_2000 |  iqr_all | mean_IPW |
     | -.9989439 | .0799251 |  .981009 | 1.808126 | 1.513821 | 1.180199 |
     |------------------------------------------------------------------|
     |                            mean_delL                             |
     |                             -1.10642                             |
     +------------------------------------------------------------------+

     +------------------------------------------------------------------+
123. | cutoff | beta_1990 |  se_1990 |     F_90 | beta_2000 |  se_2000  |
     |   .961 | -.8505158 |  .137655 | 378.3502 | -1.046666 | .1046525  |
     |------------------------------------------------------------------|
     |  beta_all |   se_all | iqr_1990 | iqr_2000 |  iqr_all | mean_IPW |
     | -.9977396 |   .08099 |  .981009 | 1.808126 | 1.515771 | 1.181877 |
     |------------------------------------------------------------------|
     |                            mean_delL                             |
     |                            -1.102782                             |
     +------------------------------------------------------------------+

     +------------------------------------------------------------------+
124. | cutoff | beta_1990 |  se_1990 |     F_90 | beta_2000 |  se_2000  |
     |  .9615 | -.8254812 | .1366254 | 397.0092 | -1.075858 | .1051173  |
     |------------------------------------------------------------------|
     |  beta_all |   se_all | iqr_1990 | iqr_2000 |  iqr_all | mean_IPW |
     | -1.011322 | .0817927 |  .981009 |  1.80209 | 1.512978 | 1.173446 |
     |------------------------------------------------------------------|
     |                            mean_delL                             |
     |                            -1.092687                             |
     +------------------------------------------------------------------+

     +------------------------------------------------------------------+
125. | cutoff | beta_1990 |  se_1990 |     F_90 | beta_2000 |  se_2000  |
     |   .962 | -.8325769 | .1374989 |  393.565 | -1.082397 | .1060065  |
     |------------------------------------------------------------------|
     |  beta_all |   se_all | iqr_1990 | iqr_2000 |  iqr_all | mean_IPW |
     |  -1.01838 | .0823209 | .9420697 | 1.761445 | 1.501182 | 1.158916 |
     |------------------------------------------------------------------|
     |                            mean_delL                             |
     |                            -1.136922                             |
     +------------------------------------------------------------------+

     +------------------------------------------------------------------+
126. | cutoff | beta_1990 |  se_1990 |     F_90 | beta_2000 |  se_2000  |
     |  .9625 | -.8341113 | .1381861 | 392.2165 | -1.071687 | .1067992  |
     |------------------------------------------------------------------|
     |  beta_all |   se_all | iqr_1990 | iqr_2000 |  iqr_all | mean_IPW |
     |  -1.01057 | .0828944 |  .981009 | 1.790756 | 1.508235 | 1.167627 |
     |------------------------------------------------------------------|
     |                            mean_delL                             |
     |                             -1.15012                             |
     +------------------------------------------------------------------+

     +------------------------------------------------------------------+
127. | cutoff | beta_1990 |  se_1990 |     F_90 | beta_2000 |  se_2000  |
     |   .963 | -.8691884 | .1412001 | 377.3807 | -1.083693 | .1068518  |
     |------------------------------------------------------------------|
     |  beta_all |   se_all | iqr_1990 | iqr_2000 |  iqr_all | mean_IPW |
     | -1.029589 |  .083477 | .9438763 | 1.803805 | 1.514066 | 1.155061 |
     |------------------------------------------------------------------|
     |                            mean_delL                             |
     |                            -1.142422                             |
     +------------------------------------------------------------------+

     +------------------------------------------------------------------+
128. | cutoff | beta_1990 |  se_1990 |     F_90 | beta_2000 |  se_2000  |
     |  .9635 | -.8712655 | .1457993 | 348.2089 | -.9889519 |  .107473  |
     |------------------------------------------------------------------|
     |  beta_all |   se_all | iqr_1990 | iqr_2000 |  iqr_all | mean_IPW |
     | -.9579918 | .0845019 | .9347597 | 1.811719 | 1.508876 | 1.153679 |
     |------------------------------------------------------------------|
     |                            mean_delL                             |
     |                            -1.166958                             |
     +------------------------------------------------------------------+

     +------------------------------------------------------------------+
129. | cutoff | beta_1990 |  se_1990 |     F_90 | beta_2000 |  se_2000  |
     |   .964 |  -.877402 | .1481452 |  337.581 | -.9700717 | .1082838  |
     |------------------------------------------------------------------|
     |  beta_all |   se_all | iqr_1990 | iqr_2000 |  iqr_all | mean_IPW |
     | -.9457571 | .0853574 | .9438763 | 1.822968 | 1.494824 | 1.159326 |
     |------------------------------------------------------------------|
     |                            mean_delL                             |
     |                            -1.177599                             |
     +------------------------------------------------------------------+

     +------------------------------------------------------------------+
130. | cutoff | beta_1990 |  se_1990 |     F_90 | beta_2000 |  se_2000  |
     |  .9645 | -.8695145 | .1480173 |  339.505 | -.9795994 | .1091322  |
     |------------------------------------------------------------------|
     |  beta_all |   se_all | iqr_1990 | iqr_2000 |  iqr_all | mean_IPW |
     | -.9505246 | .0858137 |  .936528 | 1.824324 | 1.489042 | 1.159849 |
     |------------------------------------------------------------------|
     |                            mean_delL                             |
     |                            -1.191199                             |
     +------------------------------------------------------------------+

     +------------------------------------------------------------------+
131. | cutoff | beta_1990 |  se_1990 |     F_90 | beta_2000 |  se_2000  |
     |   .965 | -.8723599 | .1485683 |  337.619 |   -.97465 | .1099526  |
     |------------------------------------------------------------------|
     |  beta_all |   se_all | iqr_1990 | iqr_2000 |  iqr_all | mean_IPW |
     | -.9475427 | .0863422 | .9347597 | 1.824324 | 1.480587 | 1.160196 |
     |------------------------------------------------------------------|
     |                            mean_delL                             |
     |                            -1.202262                             |
     +------------------------------------------------------------------+

     +------------------------------------------------------------------+
132. | cutoff | beta_1990 |  se_1990 |     F_90 | beta_2000 |  se_2000  |
     |  .9655 | -.8592929 | .1488559 |  333.777 | -.9724465 | .1110004  |
     |------------------------------------------------------------------|
     |  beta_all |   se_all | iqr_1990 | iqr_2000 |  iqr_all | mean_IPW |
     | -.9424426 | .0869216 | .9529928 | 1.854769 | 1.500435 | 1.168586 |
     |------------------------------------------------------------------|
     |                            mean_delL                             |
     |                            -1.224481                             |
     +------------------------------------------------------------------+

     +------------------------------------------------------------------+
133. | cutoff | beta_1990 |  se_1990 |     F_90 | beta_2000 |  se_2000  |
     |   .966 | -.8941047 | .1468467 | 325.1619 | -.9528026 | .1090369  |
     |------------------------------------------------------------------|
     |  beta_all |   se_all | iqr_1990 | iqr_2000 |  iqr_all | mean_IPW |
     | -.9372543 | .0855093 | .9547296 | 1.859446 | 1.516612 | 1.173638 |
     |------------------------------------------------------------------|
     |                            mean_delL                             |
     |                            -1.207986                             |
     +------------------------------------------------------------------+

     +------------------------------------------------------------------+
134. | cutoff | beta_1990 |  se_1990 |     F_90 | beta_2000 |  se_2000  |
     |  .9665 | -.8926588 | .1469972 | 323.0939 | -.9601001 | .1107244  |
     |------------------------------------------------------------------|
     |  beta_all |   se_all | iqr_1990 | iqr_2000 |  iqr_all | mean_IPW |
     | -.9421625 | .0864162 | .9071194 | 1.851766 | 1.479581 | 1.154186 |
     |------------------------------------------------------------------|
     |                            mean_delL                             |
     |                            -1.218763                             |
     +------------------------------------------------------------------+

     +------------------------------------------------------------------+
135. | cutoff | beta_1990 |  se_1990 |     F_90 | beta_2000 |  se_2000  |
     |   .967 | -.8823923 | .1469113 | 338.2095 | -.9567196 | .1108983  |
     |------------------------------------------------------------------|
     |  beta_all |   se_all | iqr_1990 | iqr_2000 |  iqr_all | mean_IPW |
     |   -.93705 |   .08642 | .8816531 | 1.858964 | 1.479986 | 1.130574 |
     |------------------------------------------------------------------|
     |                            mean_delL                             |
     |                            -1.212445                             |
     +------------------------------------------------------------------+

     +------------------------------------------------------------------+
136. | cutoff | beta_1990 |  se_1990 |     F_90 | beta_2000 |  se_2000  |
     |  .9675 |  -.875676 | .1474473 | 338.0004 |  -.950554 | .1128374  |
     |------------------------------------------------------------------|
     |  beta_all |   se_all | iqr_1990 | iqr_2000 |  iqr_all | mean_IPW |
     | -.9307495 | .0876239 | .8784995 | 1.858964 | 1.468954 | 1.127628 |
     |------------------------------------------------------------------|
     |                            mean_delL                             |
     |                            -1.219571                             |
     +------------------------------------------------------------------+

     +------------------------------------------------------------------+
137. | cutoff | beta_1990 |  se_1990 |     F_90 | beta_2000 |  se_2000  |
     |   .968 | -.8786271 | .1482128 | 334.5983 | -.9492412 | .1136596  |
     |------------------------------------------------------------------|
     |  beta_all |   se_all | iqr_1990 | iqr_2000 |  iqr_all | mean_IPW |
     | -.9305134 | .0882082 | .8823687 | 1.846745 | 1.470981 | 1.131258 |
     |------------------------------------------------------------------|
     |                            mean_delL                             |
     |                            -1.225793                             |
     +------------------------------------------------------------------+

     +------------------------------------------------------------------+
138. | cutoff | beta_1990 |  se_1990 |     F_90 | beta_2000 |  se_2000  |
     |  .9685 |  -.870653 | .1489269 | 328.3564 | -.9426314 | .1142146  |
     |------------------------------------------------------------------|
     |  beta_all |   se_all | iqr_1990 | iqr_2000 |  iqr_all | mean_IPW |
     | -.9235686 | .0886382 | .8879089 | 1.865282 | 1.474992 | 1.143261 |
     |------------------------------------------------------------------|
     |                            mean_delL                             |
     |                            -1.238671                             |
     +------------------------------------------------------------------+

     +------------------------------------------------------------------+
139. | cutoff | beta_1990 |  se_1990 |     F_90 | beta_2000 |  se_2000  |
     |   .969 | -.8592576 | .1481374 | 330.3846 | -.9380826 |  .113827  |
     |------------------------------------------------------------------|
     |  beta_all |   se_all | iqr_1990 | iqr_2000 |  iqr_all | mean_IPW |
     | -.9171873 | .0883043 | .8879089 | 1.865282 | 1.473777 | 1.143789 |
     |------------------------------------------------------------------|
     |                            mean_delL                             |
     |                            -1.232709                             |
     +------------------------------------------------------------------+

     +------------------------------------------------------------------+
140. | cutoff | beta_1990 |  se_1990 |     F_90 | beta_2000 |  se_2000  |
     |  .9695 | -.8566987 | .1481328 | 329.0903 | -.9403952 | .1132159  |
     |------------------------------------------------------------------|
     |  beta_all |   se_all | iqr_1990 | iqr_2000 |  iqr_all | mean_IPW |
     |  -.918204 | .0880281 | .9182715 | 1.866247 | 1.476206 | 1.147089 |
     |------------------------------------------------------------------|
     |                            mean_delL                             |
     |                            -1.241053                             |
     +------------------------------------------------------------------+

     +------------------------------------------------------------------+
141. | cutoff | beta_1990 |  se_1990 |     F_90 | beta_2000 |  se_2000  |
     |    .97 | -.9058305 | .1633006 |  314.625 | -.9480485 | .1179218  |
     |------------------------------------------------------------------|
     |  beta_all |   se_all | iqr_1990 | iqr_2000 |  iqr_all | mean_IPW |
     | -.9370562 | .0931518 | .8896457 | 1.867997 | 1.471866 | 1.113093 |
     |------------------------------------------------------------------|
     |                            mean_delL                             |
     |                            -1.206237                             |
     +------------------------------------------------------------------+

. *sum beta_1990 beta_2000 beta_all, d;
. gen top_1990 = beta_1990 + (1.64*se_1990) ;

. gen bottom_1990 = beta_1990 - (1.64*se_1990) ;

.  twoway         (rarea top_1990 bottom_1990 cutoff, color(gs13))
>         (connected beta_1990 cutoff)
>         (scatteri -0.8875 0.9 -0.8875 0.98, recast(line) lcolor(red) lwidth(t
> hick) lpattern(dash)),
>         
>         saving("${outgraphs}/cutoff_1990.gph", replace)
>         ytitle("Effect") /*yline(-0.8875)*/
>         /*title("Effect by cutoff height")*/
>         xtitle("Cluster Height Cutoff")
>         legend(off);
(file /home/vilhuber/Workspace/git/larsvilhuber/MobZ/figures/cutoff_1990.gph sa
> ved)

. graph export "$outgraphs/cutoff_1990.pdf", replace ;
(file /home/vilhuber/Workspace/git/larsvilhuber/MobZ/figures/cutoff_1990.pdf wr
> itten in PDF format)

. twoway  (connected F_90 cutoff)
>         ,
>         xline(`realcutoff') 
>         saving("${outgraphs}/cutoff_1990.gph", replace)
>         ytitle("F-Statistic of First Stage") 
>         title("Strength of First-Stage, by CZ Cutoff")
>         xtitle("Cluster Height Cutoff")
>         legend(off);
(file /home/vilhuber/Workspace/git/larsvilhuber/MobZ/figures/cutoff_1990.gph sa
> ved)

. graph export "$outgraphs/Fstat_1990.pdf", replace ;
(file /home/vilhuber/Workspace/git/larsvilhuber/MobZ/figures/Fstat_1990.pdf wri
> tten in PDF format)

. /* calculating the inter-quartile range */
> foreach yr in 1990 2000 all { ;
  2.         gen beta_iqr_`yr' = beta_`yr'*iqr_`yr' ;
  3.         gen top_iqr_`yr' = beta_iqr_`yr' + (1.96*iqr_`yr'*se_`yr') ;
  4.         gen bottom_iqr_`yr' = beta_iqr_`yr' - (1.96*iqr_`yr'*se_`yr') ;
  5. } ;

. twoway (rarea top_iqr_1990 bottom_iqr_1990 cutoff, color(gs13))
>         (connected beta_iqr_1990 cutoff)
>         ,
>         xline(`realcutoff')
>         saving("$outgraphs/cutoff_iqr_1990.gph", replace)
>         ytitle("Effect for IQR")
>         xtitle("Cluster Height Cutoff")
>         legend(off);
(file /home/vilhuber/Workspace/git/larsvilhuber/MobZ/figures/cutoff_iqr_1990.gp
> h saved)

. graph export "$outgraphs/cutoff_iqr_1990.pdf", replace ;
(file /home/vilhuber/Workspace/git/larsvilhuber/MobZ/figures/cutoff_iqr_1990.pd
> f written in PDF format)

.  log close ;
      name:  <unnamed>
       log:  /mnt/local/slow_home/vilhuber/Workspace-non-encrypted/git/larsvilh
> uber/MobZ/programs/07_adh/cutoff_graphs.log
  log type:  text
 closed on:  20 Sep 2020, 21:56:11
-------------------------------------------------------------------------------

. 
end of do-file
