
  ___  ____  ____  ____  ____ (R)
 /__    /   ____/   /   ____/
___/   /   /___/   /   /___/   14.2   Copyright 1985-2015 StataCorp LLC
  Statistics/Data Analysis            StataCorp
                                      4905 Lakeway Drive
                                      College Station, Texas 77845 USA
                                      800-STATA-PC        http://www.stata.com
                                      979-696-4600        stata@stata.com
                                      979-696-4601 (fax)

8-user Stata network perpetual license:
       Serial number:  501406244326
         Licensed to:  ECCO Cornell University
                       Ithaca, NY

Notes:
      1.  Stata is running in batch mode.
      2.  Unicode is supported; see help unicode_advice.

. do 03_02_cutoff_graphs.do 

. 
. include "../config.do"

. /*  config.do */
. 
. 
. 
. if ( "`c(hostname)'" == "ecco.vrdc.cornell.edu" ) {
. global root "/ssgprojects/project0002/MobZ.new"
. }

. 
. if ( "`c(username)'" == "vilhuber" ) {
. global root "/home/vilhuber/Workspace/git/larsvilhuber/MobZ"
. }

. 
. if ( "`c(hostname)'" == "some.server.at.census" ) {
. global root "/made/up/path/Mobz"
. }

. 
. /* check if the author creates a log file. If not, adjust the following code 
> fragment */
. 
. local c_date = c(current_date)

. local cdate = subinstr("`c_date'", " ", "_", .)

. local c_time = c(current_time)

. local ctime = subinstr("`c_time'", ":", "_", .)

. 
. // log using "${root}/logfile_`cdate'-`ctime'.log", replace text
. 
. /* It will provide some info about how and when the program was run */
. /* See https://www.stata.com/manuals13/pcreturn.pdf#pcreturn */
. local variant = cond(c(MP),"MP",cond(c(SE),"SE",c(flavor)) )  

. // alternatively, you could use 
. // local variant = cond(c(stata_version)>13,c(real_flavor),"NA")  
. 
. di "=== SYSTEM DIAGNOSTICS ==="
=== SYSTEM DIAGNOSTICS ===

. di "Stata version: `c(stata_version)'"
Stata version: 14.2

. di "Updated as of: `c(born_date)'"
Updated as of: 19 Dec 2017

. di "Variant:       `variant'"
Variant:       IC

. di "Processors:    `c(processors)'"
Processors:    1

. di "OS:            `c(os)' `c(osdtl)'"
OS:            Unix 

. di "Machine type:  `c(machine_type)'"
Machine type:  PC (64-bit x86-64)

. di "=========================="
==========================

. 
. 
. 
. 
. /* define relative libraries */
. 
. global paperdir "${root}/paper"

. global interwrk "${root}/data/interwrk"

. global raw "${root}/raw"

. global temp "${root}/temp"

. global outputs "${root}/data"

. global programs "${root}/programs"

. global outgraphs "${root}/figures"

. global logdir "${programs}/logs"

. 
. cap mkdir "$logdir"

. log using "${logdir}/logfile_`cdate'-`ctime'.log", replace text
(note: file /ssgprojects/project0002/MobZ.new/programs/logs/logfile_23_Aug_2020
> -16_03_08.log not found)
-------------------------------------------------------------------------------
      name:  <unnamed>
       log:  /ssgprojects/project0002/MobZ.new/programs/logs/logfile_23_Aug_202
> 0-16_03_08.log
  log type:  text
 opened on:  23 Aug 2020, 16:03:08

. cap mkdir "$temp"

. cap mkdir "${root}/data"

. cap mkdir "$interwrk"

. cap mkdir "$raw"

. cap mkdir "$outputs"

. 
. /* install any packages locally */
. capture mkdir "${programs}/ado"

. sysdir set PERSONAL "${programs}/ado/personal"

. sysdir set PLUS     "${programs}/ado/plus"

. sysdir set SITE     "${programs}/ado/site"

. sysdir
   STATA:  /usr/local/stata14/
    BASE:  /usr/local/stata14/ado/base/
    SITE:  /ssgprojects/project0002/MobZ.new/programs/ado/site/
    PLUS:  /ssgprojects/project0002/MobZ.new/programs/ado/plus/
PERSONAL:  /ssgprojects/project0002/MobZ.new/programs/ado/personal/
OLDPLACE:  ~/ado/

. 
. /* define data sources */
. 
. /* QCEW */
. /* data/working/mobz/qcew */
.     global qcewdata "${raw}/qcew"  

. /* /data/working/mobz/outputs */
.     global czonedata "$outputs"  

. 
. /* ADH */
.     global adhdata "${raw}/adh_data/Public Release Data/dta"

. /* CZONE */
.     global czonedata "${raw}/adh_data/"

. /* files provided separately by David Dorn */
.     global dorndata "${raw}/ddorn/"

. 
. /* CBP */
.     /* this is where the raw Stata versions of CBP data reside */
.    global cbpdata "/data/clean/cbp"

. 
. 
. #delimit ; 
delimiter now ;
. use "$interwrk/bartik_results_cutoff.dta", clear;

. gen top = beta + 1.64*se ;

. gen bottom = beta - 1.64*se ;

. twoway (rarea top bottom cutoff, color(gs13))
>        (line beta cutoff),
>        saving("${outgraphs}/cutoff_bartik.gph", replace)
>        ytitle("Effect")
>        xtitle("Cluster Height Cutoff")
>        legend(off) ;
(note: file /ssgprojects/project0002/MobZ.new/figures/cutoff_bartik.gph not fou
> nd)
(file /ssgprojects/project0002/MobZ.new/figures/cutoff_bartik.gph saved)

. *graph export "$outgraph/cutoff_bartik.png", replace ;
.  graph export "$outgraphs/cutoff_bartik.pdf", replace ;
(file /ssgprojects/project0002/MobZ.new/figures/cutoff_bartik.pdf written in PD
> F format)

. 
end of do-file
