
  ___  ____  ____  ____  ____ (R)
 /__    /   ____/   /   ____/
___/   /   /___/   /   /___/   16.1   Copyright 1985-2019 StataCorp LLC
  Statistics/Data analysis            StataCorp
                                      4905 Lakeway Drive
                                      College Station, Texas 77845 USA
                                      800-STATA-PC        https://www.stata.com
                                      979-696-4600        stata@stata.com
                                      979-696-4601 (fax)

Stata license: 5-user network perpetual
Serial number: 501606316764
  Licensed to: LDI Econ Cornell University
               Ithaca, NY

Notes:
      1. Stata is running in batch mode.
      2. Unicode is supported; see help unicode_advice.

. do 03_02_cutoff_graphs.do 

. 
. include "../config.do"

. /*  config.do */
. 
. 
. 
. if ( "`c(hostname)'" == "ecco.vrdc.cornell.edu" ) {
. global root "/ssgprojects/project0002/MobZ.new"
. }

. 
. if ( "`c(username)'" == "vilhuber" ) {
. global root "/home/vilhuber/Workspace/git/larsvilhuber/MobZ"
. }

. 
. if ( "`c(hostname)'" == "some.server.at.census" ) {
. global root "/made/up/path/Mobz"
. }

. 
. /* check if the author creates a log file. If not, adjust the following code 
> fragment */
. 
. local c_date = c(current_date)

. local cdate = subinstr("`c_date'", " ", "_", .)

. local c_time = c(current_time)

. local ctime = subinstr("`c_time'", ":", "_", .)

. 
. // log using "${root}/logfile_`cdate'-`ctime'.log", replace text
. 
. /* It will provide some info about how and when the program was run */
. /* See https://www.stata.com/manuals13/pcreturn.pdf#pcreturn */
. local variant = cond(c(MP),"MP",cond(c(SE),"SE",c(flavor)) )  

. // alternatively, you could use 
. // local variant = cond(c(stata_version)>13,c(real_flavor),"NA")  
. 
. di "=== SYSTEM DIAGNOSTICS ==="
=== SYSTEM DIAGNOSTICS ===

. di "Stata version: `c(stata_version)'"
Stata version: 16.1

. di "Updated as of: `c(born_date)'"
Updated as of: 30 Jun 2020

. di "Variant:       `variant'"
Variant:       IC

. di "Processors:    `c(processors)'"
Processors:    1

. di "OS:            `c(os)' `c(osdtl)'"
OS:            Unix 

. di "Machine type:  `c(machine_type)'"
Machine type:  PC (64-bit x86-64)

. di "=========================="
==========================

. 
. 
. 
. 
. /* define relative libraries */
. 
. global paperdir "${root}/paper"

. global interwrk "${root}/data/interwrk"

. global raw "${root}/raw"

. global temp "${root}/temp"

. global outputs "${root}/data"

. global programs "${root}/programs"

. global outgraphs "${root}/figures"

. global logdir "${programs}/logs"

. 
. cap mkdir "$logdir"

. log using "${logdir}/logfile_`cdate'-`ctime'.log", replace text
(note: file /home/vilhuber/Workspace/git/larsvilhuber/MobZ/programs/logs/logfil
> e_20_Sep_2020-21_55_53.log not found)
-------------------------------------------------------------------------------
      name:  <unnamed>
       log:  /home/vilhuber/Workspace/git/larsvilhuber/MobZ/programs/logs/logfi
> le_20_Sep_2020-21_55_53.log
  log type:  text
 opened on:  20 Sep 2020, 21:55:53

. cap mkdir "$temp"

. cap mkdir "${root}/data"

. cap mkdir "$interwrk"

. cap mkdir "$raw"

. cap mkdir "$outputs"

. 
. /* install any packages locally */
. capture mkdir "${programs}/ado"

. sysdir set PERSONAL "${programs}/ado/personal"

. sysdir set PLUS     "${programs}/ado/plus"

. sysdir set SITE     "${programs}/ado/site"

. sysdir
   STATA:  /usr/local/stata16/
    BASE:  /usr/local/stata16/ado/base/
    SITE:  /home/vilhuber/Workspace/git/larsvilhuber/MobZ/programs/ado/site/
    PLUS:  /home/vilhuber/Workspace/git/larsvilhuber/MobZ/programs/ado/plus/
PERSONAL:  /home/vilhuber/Workspace/git/larsvilhuber/MobZ/programs/ado/personal
> /
OLDPLACE:  ~/ado/

. 
. /* define data sources */
. 
. /* QCEW */
. /* data/working/mobz/qcew */
.     global qcewdata "${raw}/qcew"  

. /* /data/working/mobz/outputs */
.     global czonedata "$outputs"  

. 
. /* ADH */
.     global adhdata "${raw}/adh_data/Public Release Data/dta"

. /* CZONE */
.     global czonedata "${raw}/adh_data/"

. /* files provided separately by David Dorn */
.     global dorndata "${raw}/ddorn/"

. 
. /* CBP */
.     /* this is where the raw Stata versions of CBP data reside */
.    global cbpdata "/data/clean/cbp"

. 
. /* for graphing */
. /* from https://github.com/graykimbrough/uncluttered-stata-graphs */
. 
. set scheme uncluttered

. 
. #delimit ; 
delimiter now ;
. use "$interwrk/bartik_results_cutoff.dta", clear;

. gen top = beta + 1.64*se ;

. gen bottom = beta - 1.64*se ;

. twoway (rarea top bottom cutoff, color(gs13))
>        (line beta cutoff)
>        (scatteri -8.3953 .9 -8.3953 .98, recast(line) lcolor(red) lwidth(thic
> k) lpattern(dash)),
>        saving("${outgraphs}/cutoff_bartik.gph", replace)
>        ytitle("Effect")
>        xtitle("Cluster Height Cutoff")
>        legend(off) ;
(file /home/vilhuber/Workspace/git/larsvilhuber/MobZ/figures/cutoff_bartik.gph 
> saved)

. *graph export "$outgraph/cutoff_bartik.png", replace ;
.  graph export "$outgraphs/cutoff_bartik.pdf", replace ;
(file /home/vilhuber/Workspace/git/larsvilhuber/MobZ/figures/cutoff_bartik.pdf 
> written in PDF format)

. 
end of do-file
